Duplicate class androidx.compose.ui.AbsoluteAlignment found in modules ui-desktop-1.7.0.jar -> ui-desktop-1.7.0 (androidx.compose.ui:ui-desktop:1.7.0) and ui-release.aar -> ui-release-runtime (androidx.compose.ui:ui-android:1.7.3)
Duplicate class androidx.compose.ui.Actual_jvmKt found in modules ui-desktop-1.7.0.jar -> ui-desktop-1.7.0 (androidx.compose.ui:ui-desktop:1.7.0) and ui-release.aar -> ui-release-runtime (androidx.compose.ui:ui-android:1.7.3)
Duplicate class androidx.compose.ui.Actual_jvmKt$tryPopulateReflectively$$inlined$sortedBy$1 found in modules ui-desktop-1.7.0.jar -> ui-desktop-1.7.0 (androidx.compose.ui:ui-desktop:1.7.0) and ui-release.aar -> ui-release-runtime (androidx.compose.ui:ui-android:1.7.3)
Duplicate class androidx.compose.ui.Alignment found in modules ui-desktop-1.7.0.jar -> ui-desktop-1.7.0 (androidx.compose.ui:ui-desktop:1.7.0) and ui-release.aar -> ui-release-runtime (androidx.compose.ui:ui-android:1.7.3)
Duplicate class androidx.compose.ui.Alignment$Companion found in modules ui-desktop-1.7.0.jar -> ui-desktop-1.7.0 (androidx.compose.ui:ui-desktop:1.7.0) and ui-release.aar -> ui-release-runtime (androidx.compose.ui:ui-android:1.7.3)
Duplicate class androidx.compose.ui.Alignment$Horizontal found in modules ui-desktop-1.7.0.jar -> ui-desktop-1.7.0 (androidx.compose.ui:ui-desktop:1.7.0) and ui-release.aar -> ui-release-runtime (androidx.compose.ui:ui-android:1.7.3)
Duplicate class androidx.compose.ui.Alignment$Vertical found in modules ui-desktop-1.7.0.jar -> ui-desktop-1.7.0 (androidx.compose.ui:ui-desktop:1.7.0) and ui-release.aar -> ui-release-runtime (androidx.compose.ui:ui-android:1.7.3)
Duplicate class androidx.compose.ui.AtomicReference_jvmKt found in modules ui-desktop-1.7.0.jar -> ui-desktop-1.7.0 (androidx.compose.ui:ui-desktop:1.7.0) and ui-release.aar -> ui-release-runtime (androidx.compose.ui:ui-android:1.7.3)
Duplicate class androidx.compose.ui.BiasAbsoluteAlignment found in modules ui-desktop-1.7.0.jar -> ui-desktop-1.7.0 (androidx.compose.ui:ui-desktop:1.7.0) and ui-release.aar -> ui-release-runtime (androidx.compose.ui:ui-android:1.7.3)
Duplicate class androidx.compose.ui.BiasAbsoluteAlignment$Horizontal found in modules ui-desktop-1.7.0.jar -> ui-desktop-1.7.0 (androidx.compose.ui:ui-desktop:1.7.0) and ui-release.aar -> ui-release-runtime (androidx.compose.ui:ui-android:1.7.3)
Duplicate class androidx.compose.ui.BiasAlignment found in modules ui-desktop-1.7.0.jar -> ui-desktop-1.7.0 (androidx.compose.ui:ui-desktop:1.7.0) and ui-release.aar -> ui-release-runtime (androidx.compose.ui:ui-android:1.7.3)
Duplicate class androidx.compose.ui.BiasAlignment$Horizontal found in modules ui-desktop-1.7.0.jar -> ui-desktop-1.7.0 (androidx.compose.ui:ui-desktop:1.7.0) and ui-release.aar -> ui-release-runtime (androidx.compose.ui:ui-android:1.7.3)
Duplicate class androidx.compose.ui.BiasAlignment$Vertical found in modules ui-desktop-1.7.0.jar -> ui-desktop-1.7.0 (androidx.compose.ui:ui-desktop:1.7.0) and ui-release.aar -> ui-release-runtime (androidx.compose.ui:ui-android:1.7.3)
Duplicate class androidx.compose.ui.CombinedModifier found in modules ui-desktop-1.7.0.jar -> ui-desktop-1.7.0 (androidx.compose.ui:ui-desktop:1.7.0) and ui-release.aar -> ui-release-runtime (androidx.compose.ui:ui-android:1.7.3)
Duplicate class androidx.compose.ui.CombinedModifier$toString$1 found in modules ui-desktop-1.7.0.jar -> ui-desktop-1.7.0 (androidx.compose.ui:ui-desktop:1.7.0) and ui-release.aar -> ui-release-runtime (androidx.compose.ui:ui-android:1.7.3)
Duplicate class androidx.compose.ui.ComposedModifier found in modules ui-desktop-1.7.0.jar -> ui-desktop-1.7.0 (androidx.compose.ui:ui-desktop:1.7.0) and ui-release.aar -> ui-release-runtime (androidx.compose.ui:ui-android:1.7.3)
Duplicate class androidx.compose.ui.ComposedModifierKt found in modules ui-desktop-1.7.0.jar -> ui-desktop-1.7.0 (androidx.compose.ui:ui-desktop:1.7.0) and ui-release.aar -> ui-release-runtime (androidx.compose.ui:ui-android:1.7.3)
Duplicate class androidx.compose.ui.ComposedModifierKt$materializeImpl$1 found in modules ui-desktop-1.7.0.jar -> ui-desktop-1.7.0 (androidx.compose.ui:ui-desktop:1.7.0) and ui-release.aar -> ui-release-runtime (androidx.compose.ui:ui-android:1.7.3)
Duplicate class androidx.compose.ui.ComposedModifierKt$materializeImpl$result$1 found in modules ui-desktop-1.7.0.jar -> ui-desktop-1.7.0 (androidx.compose.ui:ui-desktop:1.7.0) and ui-release.aar -> ui-release-runtime (androidx.compose.ui:ui-android:1.7.3)
Duplicate class androidx.compose.ui.CompositionLocalMapInjectionElement found in modules ui-desktop-1.7.0.jar -> ui-desktop-1.7.0 (androidx.compose.ui:ui-desktop:1.7.0) and ui-release.aar -> ui-release-runtime (androidx.compose.ui:ui-android:1.7.3)
Duplicate class androidx.compose.ui.CompositionLocalMapInjectionNode found in modules ui-desktop-1.7.0.jar -> ui-desktop-1.7.0 (androidx.compose.ui:ui-desktop:1.7.0) and ui-release.aar -> ui-release-runtime (androidx.compose.ui:ui-android:1.7.3)
Duplicate class androidx.compose.ui.KeyedComposedModifier1 found in modules ui-desktop-1.7.0.jar -> ui-desktop-1.7.0 (androidx.compose.ui:ui-desktop:1.7.0) and ui-release.aar -> ui-release-runtime (androidx.compose.ui:ui-android:1.7.3)
Duplicate class androidx.compose.ui.KeyedComposedModifier2 found in modules ui-desktop-1.7.0.jar -> ui-desktop-1.7.0 (androidx.compose.ui:ui-desktop:1.7.0) and ui-release.aar -> ui-release-runtime (androidx.compose.ui:ui-android:1.7.3)
Duplicate class androidx.compose.ui.KeyedComposedModifier3 found in modules ui-desktop-1.7.0.jar -> ui-desktop-1.7.0 (androidx.compose.ui:ui-desktop:1.7.0) and ui-release.aar -> ui-release-runtime (androidx.compose.ui:ui-android:1.7.3)
Duplicate class androidx.compose.ui.KeyedComposedModifierN found in modules ui-desktop-1.7.0.jar -> ui-desktop-1.7.0 (androidx.compose.ui:ui-desktop:1.7.0) and ui-release.aar -> ui-release-runtime (androidx.compose.ui:ui-android:1.7.3)
Duplicate class androidx.compose.ui.Modifier found in modules ui-desktop-1.7.0.jar -> ui-desktop-1.7.0 (androidx.compose.ui:ui-desktop:1.7.0) and ui-release.aar -> ui-release-runtime (androidx.compose.ui:ui-android:1.7.3)
Duplicate class androidx.compose.ui.Modifier$Companion found in modules ui-desktop-1.7.0.jar -> ui-desktop-1.7.0 (androidx.compose.ui:ui-desktop:1.7.0) and ui-release.aar -> ui-release-runtime (androidx.compose.ui:ui-android:1.7.3)
Duplicate class androidx.compose.ui.Modifier$DefaultImpls found in modules ui-desktop-1.7.0.jar -> ui-desktop-1.7.0 (androidx.compose.ui:ui-desktop:1.7.0) and ui-release.aar -> ui-release-runtime (androidx.compose.ui:ui-android:1.7.3)
Duplicate class androidx.compose.ui.Modifier$Element found in modules ui-desktop-1.7.0.jar -> ui-desktop-1.7.0 (androidx.compose.ui:ui-desktop:1.7.0) and ui-release.aar -> ui-release-runtime (androidx.compose.ui:ui-android:1.7.3)
Duplicate class androidx.compose.ui.Modifier$Element$DefaultImpls found in modules ui-desktop-1.7.0.jar -> ui-desktop-1.7.0 (androidx.compose.ui:ui-desktop:1.7.0) and ui-release.aar -> ui-release-runtime (androidx.compose.ui:ui-android:1.7.3)
Duplicate class androidx.compose.ui.Modifier$Node found in modules ui-desktop-1.7.0.jar -> ui-desktop-1.7.0 (androidx.compose.ui:ui-desktop:1.7.0) and ui-release.aar -> ui-release-runtime (androidx.compose.ui:ui-android:1.7.3)
Duplicate class androidx.compose.ui.ModifierNodeDetachedCancellationException found in modules ui-desktop-1.7.0.jar -> ui-desktop-1.7.0 (androidx.compose.ui:ui-desktop:1.7.0) and ui-release.aar -> ui-release-runtime (androidx.compose.ui:ui-android:1.7.3)
Duplicate class androidx.compose.ui.MotionDurationScale found in modules ui-desktop-1.7.0.jar -> ui-desktop-1.7.0 (androidx.compose.ui:ui-desktop:1.7.0) and ui-release.aar -> ui-release-runtime (androidx.compose.ui:ui-android:1.7.3)
Duplicate class androidx.compose.ui.MotionDurationScale$DefaultImpls found in modules ui-desktop-1.7.0.jar -> ui-desktop-1.7.0 (androidx.compose.ui:ui-desktop:1.7.0) and ui-release.aar -> ui-release-runtime (androidx.compose.ui:ui-android:1.7.3)
Duplicate class androidx.compose.ui.MotionDurationScale$Key found in modules ui-desktop-1.7.0.jar -> ui-desktop-1.7.0 (androidx.compose.ui:ui-desktop:1.7.0) and ui-release.aar -> ui-release-runtime (androidx.compose.ui:ui-android:1.7.3)
Duplicate class androidx.compose.ui.SessionMutex found in modules ui-desktop-1.7.0.jar -> ui-desktop-1.7.0 (androidx.compose.ui:ui-desktop:1.7.0) and ui-release.aar -> ui-release-runtime (androidx.compose.ui:ui-android:1.7.3)
Duplicate class androidx.compose.ui.SessionMutex$Session found in modules ui-desktop-1.7.0.jar -> ui-desktop-1.7.0 (androidx.compose.ui:ui-desktop:1.7.0) and ui-release.aar -> ui-release-runtime (androidx.compose.ui:ui-android:1.7.3)
Duplicate class androidx.compose.ui.SessionMutex$withSessionCancellingPrevious$2 found in modules ui-desktop-1.7.0.jar -> ui-desktop-1.7.0 (androidx.compose.ui:ui-desktop:1.7.0) and ui-release.aar -> ui-release-runtime (androidx.compose.ui:ui-android:1.7.3)
Duplicate class androidx.compose.ui.UiComposable found in modules ui-desktop-1.7.0.jar -> ui-desktop-1.7.0 (androidx.compose.ui:ui-desktop:1.7.0) and ui-release.aar -> ui-release-runtime (androidx.compose.ui:ui-android:1.7.3)
Duplicate class androidx.compose.ui.ZIndexElement found in modules ui-desktop-1.7.0.jar -> ui-desktop-1.7.0 (androidx.compose.ui:ui-desktop:1.7.0) and ui-release.aar -> ui-release-runtime (androidx.compose.ui:ui-android:1.7.3)
Duplicate class androidx.compose.ui.ZIndexModifierKt found in modules ui-desktop-1.7.0.jar -> ui-desktop-1.7.0 (androidx.compose.ui:ui-desktop:1.7.0) and ui-release.aar -> ui-release-runtime (androidx.compose.ui:ui-android:1.7.3)
Duplicate class androidx.compose.ui.ZIndexNode found in modules ui-desktop-1.7.0.jar -> ui-desktop-1.7.0 (androidx.compose.ui:ui-desktop:1.7.0) and ui-release.aar -> ui-release-runtime (androidx.compose.ui:ui-android:1.7.3)
Duplicate class androidx.compose.ui.ZIndexNode$measure$1 found in modules ui-desktop-1.7.0.jar -> ui-desktop-1.7.0 (androidx.compose.ui:ui-desktop:1.7.0) and ui-release.aar -> ui-release-runtime (androidx.compose.ui:ui-android:1.7.3)
Duplicate class androidx.compose.ui.autofill.Autofill found in modules ui-desktop-1.7.0.jar -> ui-desktop-1.7.0 (androidx.compose.ui:ui-desktop:1.7.0) and ui-release.aar -> ui-release-runtime (androidx.compose.ui:ui-android:1.7.3)
Duplicate class androidx.compose.ui.autofill.AutofillNode found in modules ui-desktop-1.7.0.jar -> ui-desktop-1.7.0 (androidx.compose.ui:ui-desktop:1.7.0) and ui-release.aar -> ui-release-runtime (androidx.compose.ui:ui-android:1.7.3)
Duplicate class androidx.compose.ui.autofill.AutofillNode$Companion found in modules ui-desktop-1.7.0.jar -> ui-desktop-1.7.0 (androidx.compose.ui:ui-desktop:1.7.0) and ui-release.aar -> ui-release-runtime (androidx.compose.ui:ui-android:1.7.3)
Duplicate class androidx.compose.ui.autofill.AutofillTree found in modules ui-desktop-1.7.0.jar -> ui-desktop-1.7.0 (androidx.compose.ui:ui-desktop:1.7.0) and ui-release.aar -> ui-release-runtime (androidx.compose.ui:ui-android:1.7.3)
Duplicate class androidx.compose.ui.autofill.AutofillType found in modules ui-desktop-1.7.0.jar -> ui-desktop-1.7.0 (androidx.compose.ui:ui-desktop:1.7.0) and ui-release.aar -> ui-release-runtime (androidx.compose.ui:ui-android:1.7.3)
Duplicate class androidx.compose.ui.autofill.ContentDataType found in modules ui-desktop-1.7.0.jar -> ui-desktop-1.7.0 (androidx.compose.ui:ui-desktop:1.7.0) and ui-release.aar -> ui-release-runtime (androidx.compose.ui:ui-android:1.7.3)
Duplicate class androidx.compose.ui.autofill.ContentDataType$Companion found in modules ui-desktop-1.7.0.jar -> ui-desktop-1.7.0 (androidx.compose.ui:ui-desktop:1.7.0) and ui-release.aar -> ui-release-runtime (androidx.compose.ui:ui-android:1.7.3)
Duplicate class androidx.compose.ui.autofill.ContentType found in modules ui-desktop-1.7.0.jar -> ui-desktop-1.7.0 (androidx.compose.ui:ui-desktop:1.7.0) and ui-release.aar -> ui-release-runtime (androidx.compose.ui:ui-android:1.7.3)
Duplicate class androidx.compose.ui.autofill.ContentType$Companion found in modules ui-desktop-1.7.0.jar -> ui-desktop-1.7.0 (androidx.compose.ui:ui-desktop:1.7.0) and ui-release.aar -> ui-release-runtime (androidx.compose.ui:ui-android:1.7.3)
Duplicate class androidx.compose.ui.draganddrop.DragAndDropEvent found in modules ui-desktop-1.7.0.jar -> ui-desktop-1.7.0 (androidx.compose.ui:ui-desktop:1.7.0) and ui-release.aar -> ui-release-runtime (androidx.compose.ui:ui-android:1.7.3)
Duplicate class androidx.compose.ui.draganddrop.DragAndDropManager found in modules ui-desktop-1.7.0.jar -> ui-desktop-1.7.0 (androidx.compose.ui:ui-desktop:1.7.0) and ui-release.aar -> ui-release-runtime (androidx.compose.ui:ui-android:1.7.3)
Duplicate class androidx.compose.ui.draganddrop.DragAndDropModifierNode found in modules ui-desktop-1.7.0.jar -> ui-desktop-1.7.0 (androidx.compose.ui:ui-desktop:1.7.0) and ui-release.aar -> ui-release-runtime (androidx.compose.ui:ui-android:1.7.3)
Duplicate class androidx.compose.ui.draganddrop.DragAndDropNode found in modules ui-desktop-1.7.0.jar -> ui-desktop-1.7.0 (androidx.compose.ui:ui-desktop:1.7.0) and ui-release.aar -> ui-release-runtime (androidx.compose.ui:ui-android:1.7.3)
Duplicate class androidx.compose.ui.draganddrop.DragAndDropNode$Companion found in modules ui-desktop-1.7.0.jar -> ui-desktop-1.7.0 (androidx.compose.ui:ui-desktop:1.7.0) and ui-release.aar -> ui-release-runtime (androidx.compose.ui:ui-android:1.7.3)
Duplicate class androidx.compose.ui.draganddrop.DragAndDropNode$Companion$DragAndDropTraversableKey found in modules ui-desktop-1.7.0.jar -> ui-desktop-1.7.0 (androidx.compose.ui:ui-desktop:1.7.0) and ui-release.aar -> ui-release-runtime (androidx.compose.ui:ui-android:1.7.3)
Duplicate class androidx.compose.ui.draganddrop.DragAndDropNode$acceptDragAndDropTransfer$1 found in modules ui-desktop-1.7.0.jar -> ui-desktop-1.7.0 (androidx.compose.ui:ui-desktop:1.7.0) and ui-release.aar -> ui-release-runtime (androidx.compose.ui:ui-android:1.7.3)
Duplicate class androidx.compose.ui.draganddrop.DragAndDropNode$onEnded$1 found in modules ui-desktop-1.7.0.jar -> ui-desktop-1.7.0 (androidx.compose.ui:ui-desktop:1.7.0) and ui-release.aar -> ui-release-runtime (androidx.compose.ui:ui-android:1.7.3)
Duplicate class androidx.compose.ui.draganddrop.DragAndDropNode$onMoved$$inlined$firstDescendantOrNull$1 found in modules ui-desktop-1.7.0.jar -> ui-desktop-1.7.0 (androidx.compose.ui:ui-desktop:1.7.0) and ui-release.aar -> ui-release-runtime (androidx.compose.ui:ui-android:1.7.3)
Duplicate class androidx.compose.ui.draganddrop.DragAndDropNodeKt found in modules ui-desktop-1.7.0.jar -> ui-desktop-1.7.0 (androidx.compose.ui:ui-desktop:1.7.0) and ui-release.aar -> ui-release-runtime (androidx.compose.ui:ui-android:1.7.3)
Duplicate class androidx.compose.ui.draganddrop.DragAndDropNodeKt$DragAndDropModifierNode$1 found in modules ui-desktop-1.7.0.jar -> ui-desktop-1.7.0 (androidx.compose.ui:ui-desktop:1.7.0) and ui-release.aar -> ui-release-runtime (androidx.compose.ui:ui-android:1.7.3)
Duplicate class androidx.compose.ui.draganddrop.DragAndDropNodeKt$DragAndDropModifierNode$2 found in modules ui-desktop-1.7.0.jar -> ui-desktop-1.7.0 (androidx.compose.ui:ui-desktop:1.7.0) and ui-release.aar -> ui-release-runtime (androidx.compose.ui:ui-android:1.7.3)
Duplicate class androidx.compose.ui.draganddrop.DragAndDropNodeKt$firstDescendantOrNull$1 found in modules ui-desktop-1.7.0.jar -> ui-desktop-1.7.0 (androidx.compose.ui:ui-desktop:1.7.0) and ui-release.aar -> ui-release-runtime (androidx.compose.ui:ui-android:1.7.3)
Duplicate class androidx.compose.ui.draganddrop.DragAndDropTarget found in modules ui-desktop-1.7.0.jar -> ui-desktop-1.7.0 (androidx.compose.ui:ui-desktop:1.7.0) and ui-release.aar -> ui-release-runtime (androidx.compose.ui:ui-android:1.7.3)
Duplicate class androidx.compose.ui.draganddrop.DragAndDropTransferData found in modules ui-desktop-1.7.0.jar -> ui-desktop-1.7.0 (androidx.compose.ui:ui-desktop:1.7.0) and ui-release.aar -> ui-release-runtime (androidx.compose.ui:ui-android:1.7.3)
Duplicate class androidx.compose.ui.draw.AlphaKt found in modules ui-desktop-1.7.0.jar -> ui-desktop-1.7.0 (androidx.compose.ui:ui-desktop:1.7.0) and ui-release.aar -> ui-release-runtime (androidx.compose.ui:ui-android:1.7.3)
Duplicate class androidx.compose.ui.draw.BlurKt found in modules ui-desktop-1.7.0.jar -> ui-desktop-1.7.0 (androidx.compose.ui:ui-desktop:1.7.0) and ui-release.aar -> ui-release-runtime (androidx.compose.ui:ui-android:1.7.3)
Duplicate class androidx.compose.ui.draw.BlurKt$blur$1 found in modules ui-desktop-1.7.0.jar -> ui-desktop-1.7.0 (androidx.compose.ui:ui-desktop:1.7.0) and ui-release.aar -> ui-release-runtime (androidx.compose.ui:ui-android:1.7.3)
Duplicate class androidx.compose.ui.draw.BlurredEdgeTreatment found in modules ui-desktop-1.7.0.jar -> ui-desktop-1.7.0 (androidx.compose.ui:ui-desktop:1.7.0) and ui-release.aar -> ui-release-runtime (androidx.compose.ui:ui-android:1.7.3)
Duplicate class androidx.compose.ui.draw.BlurredEdgeTreatment$Companion found in modules ui-desktop-1.7.0.jar -> ui-desktop-1.7.0 (androidx.compose.ui:ui-desktop:1.7.0) and ui-release.aar -> ui-release-runtime (androidx.compose.ui:ui-android:1.7.3)
Duplicate class androidx.compose.ui.draw.BuildDrawCacheParams found in modules ui-desktop-1.7.0.jar -> ui-desktop-1.7.0 (androidx.compose.ui:ui-desktop:1.7.0) and ui-release.aar -> ui-release-runtime (androidx.compose.ui:ui-android:1.7.3)
Duplicate class androidx.compose.ui.draw.CacheDrawModifierNode found in modules ui-desktop-1.7.0.jar -> ui-desktop-1.7.0 (androidx.compose.ui:ui-desktop:1.7.0) and ui-release.aar -> ui-release-runtime (androidx.compose.ui:ui-android:1.7.3)
Duplicate class androidx.compose.ui.draw.CacheDrawModifierNodeImpl found in modules ui-desktop-1.7.0.jar -> ui-desktop-1.7.0 (androidx.compose.ui:ui-desktop:1.7.0) and ui-release.aar -> ui-release-runtime (androidx.compose.ui:ui-android:1.7.3)
Duplicate class androidx.compose.ui.draw.CacheDrawModifierNodeImpl$1 found in modules ui-desktop-1.7.0.jar -> ui-desktop-1.7.0 (androidx.compose.ui:ui-desktop:1.7.0) and ui-release.aar -> ui-release-runtime (androidx.compose.ui:ui-android:1.7.3)
Duplicate class androidx.compose.ui.draw.CacheDrawModifierNodeImpl$getOrBuildCachedDrawBlock$1$1 found in modules ui-desktop-1.7.0.jar -> ui-desktop-1.7.0 (androidx.compose.ui:ui-desktop:1.7.0) and ui-release.aar -> ui-release-runtime (androidx.compose.ui:ui-android:1.7.3)
Duplicate class androidx.compose.ui.draw.CacheDrawScope found in modules ui-desktop-1.7.0.jar -> ui-desktop-1.7.0 (androidx.compose.ui:ui-desktop:1.7.0) and ui-release.aar -> ui-release-runtime (androidx.compose.ui:ui-android:1.7.3)
Duplicate class androidx.compose.ui.draw.CacheDrawScope$onDrawBehind$1 found in modules ui-desktop-1.7.0.jar -> ui-desktop-1.7.0 (androidx.compose.ui:ui-desktop:1.7.0) and ui-release.aar -> ui-release-runtime (androidx.compose.ui:ui-android:1.7.3)
Duplicate class androidx.compose.ui.draw.CacheDrawScope$record$1 found in modules ui-desktop-1.7.0.jar -> ui-desktop-1.7.0 (androidx.compose.ui:ui-desktop:1.7.0) and ui-release.aar -> ui-release-runtime (androidx.compose.ui:ui-android:1.7.3)
Duplicate class androidx.compose.ui.draw.ClipKt found in modules ui-desktop-1.7.0.jar -> ui-desktop-1.7.0 (androidx.compose.ui:ui-desktop:1.7.0) and ui-release.aar -> ui-release-runtime (androidx.compose.ui:ui-android:1.7.3)
Duplicate class androidx.compose.ui.draw.DrawBackgroundModifier found in modules ui-desktop-1.7.0.jar -> ui-desktop-1.7.0 (androidx.compose.ui:ui-desktop:1.7.0) and ui-release.aar -> ui-release-runtime (androidx.compose.ui:ui-android:1.7.3)
Duplicate class androidx.compose.ui.draw.DrawBehindElement found in modules ui-desktop-1.7.0.jar -> ui-desktop-1.7.0 (androidx.compose.ui:ui-desktop:1.7.0) and ui-release.aar -> ui-release-runtime (androidx.compose.ui:ui-android:1.7.3)
Duplicate class androidx.compose.ui.draw.DrawCacheModifier found in modules ui-desktop-1.7.0.jar -> ui-desktop-1.7.0 (androidx.compose.ui:ui-desktop:1.7.0) and ui-release.aar -> ui-release-runtime (androidx.compose.ui:ui-android:1.7.3)
Duplicate class androidx.compose.ui.draw.DrawCacheModifier$DefaultImpls found in modules ui-desktop-1.7.0.jar -> ui-desktop-1.7.0 (androidx.compose.ui:ui-desktop:1.7.0) and ui-release.aar -> ui-release-runtime (androidx.compose.ui:ui-android:1.7.3)
Duplicate class androidx.compose.ui.draw.DrawModifier found in modules ui-desktop-1.7.0.jar -> ui-desktop-1.7.0 (androidx.compose.ui:ui-desktop:1.7.0) and ui-release.aar -> ui-release-runtime (androidx.compose.ui:ui-android:1.7.3)
Duplicate class androidx.compose.ui.draw.DrawModifier$DefaultImpls found in modules ui-desktop-1.7.0.jar -> ui-desktop-1.7.0 (androidx.compose.ui:ui-desktop:1.7.0) and ui-release.aar -> ui-release-runtime (androidx.compose.ui:ui-android:1.7.3)
Duplicate class androidx.compose.ui.draw.DrawModifierKt found in modules ui-desktop-1.7.0.jar -> ui-desktop-1.7.0 (androidx.compose.ui:ui-desktop:1.7.0) and ui-release.aar -> ui-release-runtime (androidx.compose.ui:ui-android:1.7.3)
Duplicate class androidx.compose.ui.draw.DrawResult found in modules ui-desktop-1.7.0.jar -> ui-desktop-1.7.0 (androidx.compose.ui:ui-desktop:1.7.0) and ui-release.aar -> ui-release-runtime (androidx.compose.ui:ui-android:1.7.3)
Duplicate class androidx.compose.ui.draw.DrawWithCacheElement found in modules ui-desktop-1.7.0.jar -> ui-desktop-1.7.0 (androidx.compose.ui:ui-desktop:1.7.0) and ui-release.aar -> ui-release-runtime (androidx.compose.ui:ui-android:1.7.3)
Duplicate class androidx.compose.ui.draw.DrawWithContentElement found in modules ui-desktop-1.7.0.jar -> ui-desktop-1.7.0 (androidx.compose.ui:ui-desktop:1.7.0) and ui-release.aar -> ui-release-runtime (androidx.compose.ui:ui-android:1.7.3)
Duplicate class androidx.compose.ui.draw.DrawWithContentModifier found in modules ui-desktop-1.7.0.jar -> ui-desktop-1.7.0 (androidx.compose.ui:ui-desktop:1.7.0) and ui-release.aar -> ui-release-runtime (androidx.compose.ui:ui-android:1.7.3)
Duplicate class androidx.compose.ui.draw.EmptyBuildDrawCacheParams found in modules ui-desktop-1.7.0.jar -> ui-desktop-1.7.0 (androidx.compose.ui:ui-desktop:1.7.0) and ui-release.aar -> ui-release-runtime (androidx.compose.ui:ui-android:1.7.3)
Duplicate class androidx.compose.ui.draw.PainterElement found in modules ui-desktop-1.7.0.jar -> ui-desktop-1.7.0 (androidx.compose.ui:ui-desktop:1.7.0) and ui-release.aar -> ui-release-runtime (androidx.compose.ui:ui-android:1.7.3)
Duplicate class androidx.compose.ui.draw.PainterModifierKt found in modules ui-desktop-1.7.0.jar -> ui-desktop-1.7.0 (androidx.compose.ui:ui-desktop:1.7.0) and ui-release.aar -> ui-release-runtime (androidx.compose.ui:ui-android:1.7.3)
Duplicate class androidx.compose.ui.draw.PainterNode found in modules ui-desktop-1.7.0.jar -> ui-desktop-1.7.0 (androidx.compose.ui:ui-desktop:1.7.0) and ui-release.aar -> ui-release-runtime (androidx.compose.ui:ui-android:1.7.3)
Duplicate class androidx.compose.ui.draw.PainterNode$measure$1 found in modules ui-desktop-1.7.0.jar -> ui-desktop-1.7.0 (androidx.compose.ui:ui-desktop:1.7.0) and ui-release.aar -> ui-release-runtime (androidx.compose.ui:ui-android:1.7.3)
Duplicate class androidx.compose.ui.draw.RotateKt found in modules ui-desktop-1.7.0.jar -> ui-desktop-1.7.0 (androidx.compose.ui:ui-desktop:1.7.0) and ui-release.aar -> ui-release-runtime (androidx.compose.ui:ui-android:1.7.3)
Duplicate class androidx.compose.ui.draw.ScaleKt found in modules ui-desktop-1.7.0.jar -> ui-desktop-1.7.0 (androidx.compose.ui:ui-desktop:1.7.0) and ui-release.aar -> ui-release-runtime (androidx.compose.ui:ui-android:1.7.3)
Duplicate class androidx.compose.ui.draw.ScopedGraphicsContext found in modules ui-desktop-1.7.0.jar -> ui-desktop-1.7.0 (androidx.compose.ui:ui-desktop:1.7.0) and ui-release.aar -> ui-release-runtime (androidx.compose.ui:ui-android:1.7.3)
Duplicate class androidx.compose.ui.draw.ShadowGraphicsLayerElement found in modules ui-desktop-1.7.0.jar -> ui-desktop-1.7.0 (androidx.compose.ui:ui-desktop:1.7.0) and ui-release.aar -> ui-release-runtime (androidx.compose.ui:ui-android:1.7.3)
Duplicate class androidx.compose.ui.draw.ShadowGraphicsLayerElement$createBlock$1 found in modules ui-desktop-1.7.0.jar -> ui-desktop-1.7.0 (androidx.compose.ui:ui-desktop:1.7.0) and ui-release.aar -> ui-release-runtime (androidx.compose.ui:ui-android:1.7.3)
Duplicate class androidx.compose.ui.draw.ShadowKt found in modules ui-desktop-1.7.0.jar -> ui-desktop-1.7.0 (androidx.compose.ui:ui-desktop:1.7.0) and ui-release.aar -> ui-release-runtime (androidx.compose.ui:ui-android:1.7.3)
Duplicate class androidx.compose.ui.focus.BeyondBoundsLayoutKt found in modules ui-desktop-1.7.0.jar -> ui-desktop-1.7.0 (androidx.compose.ui:ui-desktop:1.7.0) and ui-release.aar -> ui-release-runtime (androidx.compose.ui:ui-android:1.7.3)
Duplicate class androidx.compose.ui.focus.CustomDestinationResult found in modules ui-desktop-1.7.0.jar -> ui-desktop-1.7.0 (androidx.compose.ui:ui-desktop:1.7.0) and ui-release.aar -> ui-release-runtime (androidx.compose.ui:ui-android:1.7.3)
Duplicate class androidx.compose.ui.focus.FocusChangedElement found in modules ui-desktop-1.7.0.jar -> ui-desktop-1.7.0 (androidx.compose.ui:ui-desktop:1.7.0) and ui-release.aar -> ui-release-runtime (androidx.compose.ui:ui-android:1.7.3)
Duplicate class androidx.compose.ui.focus.FocusChangedModifierKt found in modules ui-desktop-1.7.0.jar -> ui-desktop-1.7.0 (androidx.compose.ui:ui-desktop:1.7.0) and ui-release.aar -> ui-release-runtime (androidx.compose.ui:ui-android:1.7.3)
Duplicate class androidx.compose.ui.focus.FocusChangedNode found in modules ui-desktop-1.7.0.jar -> ui-desktop-1.7.0 (androidx.compose.ui:ui-desktop:1.7.0) and ui-release.aar -> ui-release-runtime (androidx.compose.ui:ui-android:1.7.3)
Duplicate class androidx.compose.ui.focus.FocusDirection found in modules ui-desktop-1.7.0.jar -> ui-desktop-1.7.0 (androidx.compose.ui:ui-desktop:1.7.0) and ui-release.aar -> ui-release-runtime (androidx.compose.ui:ui-android:1.7.3)
Duplicate class androidx.compose.ui.focus.FocusDirection$Companion found in modules ui-desktop-1.7.0.jar -> ui-desktop-1.7.0 (androidx.compose.ui:ui-desktop:1.7.0) and ui-release.aar -> ui-release-runtime (androidx.compose.ui:ui-android:1.7.3)
Duplicate class androidx.compose.ui.focus.FocusEventElement found in modules ui-desktop-1.7.0.jar -> ui-desktop-1.7.0 (androidx.compose.ui:ui-desktop:1.7.0) and ui-release.aar -> ui-release-runtime (androidx.compose.ui:ui-android:1.7.3)
Duplicate class androidx.compose.ui.focus.FocusEventModifier found in modules ui-desktop-1.7.0.jar -> ui-desktop-1.7.0 (androidx.compose.ui:ui-desktop:1.7.0) and ui-release.aar -> ui-release-runtime (androidx.compose.ui:ui-android:1.7.3)
Duplicate class androidx.compose.ui.focus.FocusEventModifier$DefaultImpls found in modules ui-desktop-1.7.0.jar -> ui-desktop-1.7.0 (androidx.compose.ui:ui-desktop:1.7.0) and ui-release.aar -> ui-release-runtime (androidx.compose.ui:ui-android:1.7.3)
Duplicate class androidx.compose.ui.focus.FocusEventModifierKt found in modules ui-desktop-1.7.0.jar -> ui-desktop-1.7.0 (androidx.compose.ui:ui-desktop:1.7.0) and ui-release.aar -> ui-release-runtime (androidx.compose.ui:ui-android:1.7.3)
Duplicate class androidx.compose.ui.focus.FocusEventModifierNode found in modules ui-desktop-1.7.0.jar -> ui-desktop-1.7.0 (androidx.compose.ui:ui-desktop:1.7.0) and ui-release.aar -> ui-release-runtime (androidx.compose.ui:ui-android:1.7.3)
Duplicate class androidx.compose.ui.focus.FocusEventModifierNodeKt found in modules ui-desktop-1.7.0.jar -> ui-desktop-1.7.0 (androidx.compose.ui:ui-desktop:1.7.0) and ui-release.aar -> ui-release-runtime (androidx.compose.ui:ui-android:1.7.3)
Duplicate class androidx.compose.ui.focus.FocusEventModifierNodeKt$WhenMappings found in modules ui-desktop-1.7.0.jar -> ui-desktop-1.7.0 (androidx.compose.ui:ui-desktop:1.7.0) and ui-release.aar -> ui-release-runtime (androidx.compose.ui:ui-android:1.7.3)
Duplicate class androidx.compose.ui.focus.FocusEventNode found in modules ui-desktop-1.7.0.jar -> ui-desktop-1.7.0 (androidx.compose.ui:ui-desktop:1.7.0) and ui-release.aar -> ui-release-runtime (androidx.compose.ui:ui-android:1.7.3)
Duplicate class androidx.compose.ui.focus.FocusInvalidationManager found in modules ui-desktop-1.7.0.jar -> ui-desktop-1.7.0 (androidx.compose.ui:ui-desktop:1.7.0) and ui-release.aar -> ui-release-runtime (androidx.compose.ui:ui-android:1.7.3)
Duplicate class androidx.compose.ui.focus.FocusInvalidationManager$scheduleInvalidation$1 found in modules ui-desktop-1.7.0.jar -> ui-desktop-1.7.0 (androidx.compose.ui:ui-desktop:1.7.0) and ui-release.aar -> ui-release-runtime (androidx.compose.ui:ui-android:1.7.3)
Duplicate class androidx.compose.ui.focus.FocusManager found in modules ui-desktop-1.7.0.jar -> ui-desktop-1.7.0 (androidx.compose.ui:ui-desktop:1.7.0) and ui-release.aar -> ui-release-runtime (androidx.compose.ui:ui-android:1.7.3)
Duplicate class androidx.compose.ui.focus.FocusManager$DefaultImpls found in modules ui-desktop-1.7.0.jar -> ui-desktop-1.7.0 (androidx.compose.ui:ui-desktop:1.7.0) and ui-release.aar -> ui-release-runtime (androidx.compose.ui:ui-android:1.7.3)
Duplicate class androidx.compose.ui.focus.FocusModifierKt found in modules ui-desktop-1.7.0.jar -> ui-desktop-1.7.0 (androidx.compose.ui:ui-desktop:1.7.0) and ui-release.aar -> ui-release-runtime (androidx.compose.ui:ui-android:1.7.3)
Duplicate class androidx.compose.ui.focus.FocusOrder found in modules ui-desktop-1.7.0.jar -> ui-desktop-1.7.0 (androidx.compose.ui:ui-desktop:1.7.0) and ui-release.aar -> ui-release-runtime (androidx.compose.ui:ui-android:1.7.3)
Duplicate class androidx.compose.ui.focus.FocusOrderModifier found in modules ui-desktop-1.7.0.jar -> ui-desktop-1.7.0 (androidx.compose.ui:ui-desktop:1.7.0) and ui-release.aar -> ui-release-runtime (androidx.compose.ui:ui-android:1.7.3)
Duplicate class androidx.compose.ui.focus.FocusOrderModifier$DefaultImpls found in modules ui-desktop-1.7.0.jar -> ui-desktop-1.7.0 (androidx.compose.ui:ui-desktop:1.7.0) and ui-release.aar -> ui-release-runtime (androidx.compose.ui:ui-android:1.7.3)
Duplicate class androidx.compose.ui.focus.FocusOrderModifierKt found in modules ui-desktop-1.7.0.jar -> ui-desktop-1.7.0 (androidx.compose.ui:ui-desktop:1.7.0) and ui-release.aar -> ui-release-runtime (androidx.compose.ui:ui-android:1.7.3)
Duplicate class androidx.compose.ui.focus.FocusOrderModifierKt$focusOrder$1 found in modules ui-desktop-1.7.0.jar -> ui-desktop-1.7.0 (androidx.compose.ui:ui-desktop:1.7.0) and ui-release.aar -> ui-release-runtime (androidx.compose.ui:ui-android:1.7.3)
Duplicate class androidx.compose.ui.focus.FocusOrderModifierKt$focusOrder$2 found in modules ui-desktop-1.7.0.jar -> ui-desktop-1.7.0 (androidx.compose.ui:ui-desktop:1.7.0) and ui-release.aar -> ui-release-runtime (androidx.compose.ui:ui-android:1.7.3)
Duplicate class androidx.compose.ui.focus.FocusOrderToProperties found in modules ui-desktop-1.7.0.jar -> ui-desktop-1.7.0 (androidx.compose.ui:ui-desktop:1.7.0) and ui-release.aar -> ui-release-runtime (androidx.compose.ui:ui-android:1.7.3)
Duplicate class androidx.compose.ui.focus.FocusOwner found in modules ui-desktop-1.7.0.jar -> ui-desktop-1.7.0 (androidx.compose.ui:ui-desktop:1.7.0) and ui-release.aar -> ui-release-runtime (androidx.compose.ui:ui-android:1.7.3)
Duplicate class androidx.compose.ui.focus.FocusOwner$dispatchKeyEvent$1 found in modules ui-desktop-1.7.0.jar -> ui-desktop-1.7.0 (androidx.compose.ui:ui-desktop:1.7.0) and ui-release.aar -> ui-release-runtime (androidx.compose.ui:ui-android:1.7.3)
Duplicate class androidx.compose.ui.focus.FocusOwnerImpl found in modules ui-desktop-1.7.0.jar -> ui-desktop-1.7.0 (androidx.compose.ui:ui-desktop:1.7.0) and ui-release.aar -> ui-release-runtime (androidx.compose.ui:ui-android:1.7.3)
Duplicate class androidx.compose.ui.focus.FocusOwnerImpl$WhenMappings found in modules ui-desktop-1.7.0.jar -> ui-desktop-1.7.0 (androidx.compose.ui:ui-desktop:1.7.0) and ui-release.aar -> ui-release-runtime (androidx.compose.ui:ui-android:1.7.3)
Duplicate class androidx.compose.ui.focus.FocusOwnerImpl$clearFocus$clearedFocusSuccessfully$1 found in modules ui-desktop-1.7.0.jar -> ui-desktop-1.7.0 (androidx.compose.ui:ui-desktop:1.7.0) and ui-release.aar -> ui-release-runtime (androidx.compose.ui:ui-android:1.7.3)
Duplicate class androidx.compose.ui.focus.FocusOwnerImpl$focusInvalidationManager$1 found in modules ui-desktop-1.7.0.jar -> ui-desktop-1.7.0 (androidx.compose.ui:ui-desktop:1.7.0) and ui-release.aar -> ui-release-runtime (androidx.compose.ui:ui-android:1.7.3)
Duplicate class androidx.compose.ui.focus.FocusOwnerImpl$focusSearch$1 found in modules ui-desktop-1.7.0.jar -> ui-desktop-1.7.0 (androidx.compose.ui:ui-desktop:1.7.0) and ui-release.aar -> ui-release-runtime (androidx.compose.ui:ui-android:1.7.3)
Duplicate class androidx.compose.ui.focus.FocusOwnerImpl$modifier$1 found in modules ui-desktop-1.7.0.jar -> ui-desktop-1.7.0 (androidx.compose.ui:ui-desktop:1.7.0) and ui-release.aar -> ui-release-runtime (androidx.compose.ui:ui-android:1.7.3)
Duplicate class androidx.compose.ui.focus.FocusOwnerImpl$modifier$2 found in modules ui-desktop-1.7.0.jar -> ui-desktop-1.7.0 (androidx.compose.ui:ui-desktop:1.7.0) and ui-release.aar -> ui-release-runtime (androidx.compose.ui:ui-android:1.7.3)
Duplicate class androidx.compose.ui.focus.FocusOwnerImpl$moveFocus$focusSearchSuccess$1 found in modules ui-desktop-1.7.0.jar -> ui-desktop-1.7.0 (androidx.compose.ui:ui-desktop:1.7.0) and ui-release.aar -> ui-release-runtime (androidx.compose.ui:ui-android:1.7.3)
Duplicate class androidx.compose.ui.focus.FocusOwnerImpl$takeFocus$1 found in modules ui-desktop-1.7.0.jar -> ui-desktop-1.7.0 (androidx.compose.ui:ui-desktop:1.7.0) and ui-release.aar -> ui-release-runtime (androidx.compose.ui:ui-android:1.7.3)
Duplicate class androidx.compose.ui.focus.FocusOwnerImplKt found in modules ui-desktop-1.7.0.jar -> ui-desktop-1.7.0 (androidx.compose.ui:ui-desktop:1.7.0) and ui-release.aar -> ui-release-runtime (androidx.compose.ui:ui-android:1.7.3)
Duplicate class androidx.compose.ui.focus.FocusProperties found in modules ui-desktop-1.7.0.jar -> ui-desktop-1.7.0 (androidx.compose.ui:ui-desktop:1.7.0) and ui-release.aar -> ui-release-runtime (androidx.compose.ui:ui-android:1.7.3)
Duplicate class androidx.compose.ui.focus.FocusProperties$enter$1 found in modules ui-desktop-1.7.0.jar -> ui-desktop-1.7.0 (androidx.compose.ui:ui-desktop:1.7.0) and ui-release.aar -> ui-release-runtime (androidx.compose.ui:ui-android:1.7.3)
Duplicate class androidx.compose.ui.focus.FocusProperties$exit$1 found in modules ui-desktop-1.7.0.jar -> ui-desktop-1.7.0 (androidx.compose.ui:ui-desktop:1.7.0) and ui-release.aar -> ui-release-runtime (androidx.compose.ui:ui-android:1.7.3)
Duplicate class androidx.compose.ui.focus.FocusPropertiesElement found in modules ui-desktop-1.7.0.jar -> ui-desktop-1.7.0 (androidx.compose.ui:ui-desktop:1.7.0) and ui-release.aar -> ui-release-runtime (androidx.compose.ui:ui-android:1.7.3)
Duplicate class androidx.compose.ui.focus.FocusPropertiesImpl found in modules ui-desktop-1.7.0.jar -> ui-desktop-1.7.0 (androidx.compose.ui:ui-desktop:1.7.0) and ui-release.aar -> ui-release-runtime (androidx.compose.ui:ui-android:1.7.3)
Duplicate class androidx.compose.ui.focus.FocusPropertiesImpl$enter$1 found in modules ui-desktop-1.7.0.jar -> ui-desktop-1.7.0 (androidx.compose.ui:ui-desktop:1.7.0) and ui-release.aar -> ui-release-runtime (androidx.compose.ui:ui-android:1.7.3)
Duplicate class androidx.compose.ui.focus.FocusPropertiesImpl$exit$1 found in modules ui-desktop-1.7.0.jar -> ui-desktop-1.7.0 (androidx.compose.ui:ui-desktop:1.7.0) and ui-release.aar -> ui-release-runtime (androidx.compose.ui:ui-android:1.7.3)
Duplicate class androidx.compose.ui.focus.FocusPropertiesKt found in modules ui-desktop-1.7.0.jar -> ui-desktop-1.7.0 (androidx.compose.ui:ui-desktop:1.7.0) and ui-release.aar -> ui-release-runtime (androidx.compose.ui:ui-android:1.7.3)
Duplicate class androidx.compose.ui.focus.FocusPropertiesKt$sam$androidx_compose_ui_focus_FocusPropertiesScope$0 found in modules ui-desktop-1.7.0.jar -> ui-desktop-1.7.0 (androidx.compose.ui:ui-desktop:1.7.0) and ui-release.aar -> ui-release-runtime (androidx.compose.ui:ui-android:1.7.3)
Duplicate class androidx.compose.ui.focus.FocusPropertiesModifierNode found in modules ui-desktop-1.7.0.jar -> ui-desktop-1.7.0 (androidx.compose.ui:ui-desktop:1.7.0) and ui-release.aar -> ui-release-runtime (androidx.compose.ui:ui-android:1.7.3)
Duplicate class androidx.compose.ui.focus.FocusPropertiesModifierNodeKt found in modules ui-desktop-1.7.0.jar -> ui-desktop-1.7.0 (androidx.compose.ui:ui-desktop:1.7.0) and ui-release.aar -> ui-release-runtime (androidx.compose.ui:ui-android:1.7.3)
Duplicate class androidx.compose.ui.focus.FocusPropertiesNode found in modules ui-desktop-1.7.0.jar -> ui-desktop-1.7.0 (androidx.compose.ui:ui-desktop:1.7.0) and ui-release.aar -> ui-release-runtime (androidx.compose.ui:ui-android:1.7.3)
Duplicate class androidx.compose.ui.focus.FocusPropertiesScope found in modules ui-desktop-1.7.0.jar -> ui-desktop-1.7.0 (androidx.compose.ui:ui-desktop:1.7.0) and ui-release.aar -> ui-release-runtime (androidx.compose.ui:ui-android:1.7.3)
Duplicate class androidx.compose.ui.focus.FocusRequester found in modules ui-desktop-1.7.0.jar -> ui-desktop-1.7.0 (androidx.compose.ui:ui-desktop:1.7.0) and ui-release.aar -> ui-release-runtime (androidx.compose.ui:ui-android:1.7.3)
Duplicate class androidx.compose.ui.focus.FocusRequester$Companion found in modules ui-desktop-1.7.0.jar -> ui-desktop-1.7.0 (androidx.compose.ui:ui-desktop:1.7.0) and ui-release.aar -> ui-release-runtime (androidx.compose.ui:ui-android:1.7.3)
Duplicate class androidx.compose.ui.focus.FocusRequester$Companion$FocusRequesterFactory found in modules ui-desktop-1.7.0.jar -> ui-desktop-1.7.0 (androidx.compose.ui:ui-desktop:1.7.0) and ui-release.aar -> ui-release-runtime (androidx.compose.ui:ui-android:1.7.3)
Duplicate class androidx.compose.ui.focus.FocusRequester$focus$1 found in modules ui-desktop-1.7.0.jar -> ui-desktop-1.7.0 (androidx.compose.ui:ui-desktop:1.7.0) and ui-release.aar -> ui-release-runtime (androidx.compose.ui:ui-android:1.7.3)
Duplicate class androidx.compose.ui.focus.FocusRequesterElement found in modules ui-desktop-1.7.0.jar -> ui-desktop-1.7.0 (androidx.compose.ui:ui-desktop:1.7.0) and ui-release.aar -> ui-release-runtime (androidx.compose.ui:ui-android:1.7.3)
Duplicate class androidx.compose.ui.focus.FocusRequesterKt found in modules ui-desktop-1.7.0.jar -> ui-desktop-1.7.0 (androidx.compose.ui:ui-desktop:1.7.0) and ui-release.aar -> ui-release-runtime (androidx.compose.ui:ui-android:1.7.3)
Duplicate class androidx.compose.ui.focus.FocusRequesterModifier found in modules ui-desktop-1.7.0.jar -> ui-desktop-1.7.0 (androidx.compose.ui:ui-desktop:1.7.0) and ui-release.aar -> ui-release-runtime (androidx.compose.ui:ui-android:1.7.3)
Duplicate class androidx.compose.ui.focus.FocusRequesterModifier$DefaultImpls found in modules ui-desktop-1.7.0.jar -> ui-desktop-1.7.0 (androidx.compose.ui:ui-desktop:1.7.0) and ui-release.aar -> ui-release-runtime (androidx.compose.ui:ui-android:1.7.3)
Duplicate class androidx.compose.ui.focus.FocusRequesterModifierKt found in modules ui-desktop-1.7.0.jar -> ui-desktop-1.7.0 (androidx.compose.ui:ui-desktop:1.7.0) and ui-release.aar -> ui-release-runtime (androidx.compose.ui:ui-android:1.7.3)
Duplicate class androidx.compose.ui.focus.FocusRequesterModifierNode found in modules ui-desktop-1.7.0.jar -> ui-desktop-1.7.0 (androidx.compose.ui:ui-desktop:1.7.0) and ui-release.aar -> ui-release-runtime (androidx.compose.ui:ui-android:1.7.3)
Duplicate class androidx.compose.ui.focus.FocusRequesterModifierNodeKt found in modules ui-desktop-1.7.0.jar -> ui-desktop-1.7.0 (androidx.compose.ui:ui-desktop:1.7.0) and ui-release.aar -> ui-release-runtime (androidx.compose.ui:ui-android:1.7.3)
Duplicate class androidx.compose.ui.focus.FocusRequesterModifierNodeKt$requestFocus$1$1 found in modules ui-desktop-1.7.0.jar -> ui-desktop-1.7.0 (androidx.compose.ui:ui-desktop:1.7.0) and ui-release.aar -> ui-release-runtime (androidx.compose.ui:ui-android:1.7.3)
Duplicate class androidx.compose.ui.focus.FocusRequesterNode found in modules ui-desktop-1.7.0.jar -> ui-desktop-1.7.0 (androidx.compose.ui:ui-desktop:1.7.0) and ui-release.aar -> ui-release-runtime (androidx.compose.ui:ui-android:1.7.3)
Duplicate class androidx.compose.ui.focus.FocusRestorerElement found in modules ui-desktop-1.7.0.jar -> ui-desktop-1.7.0 (androidx.compose.ui:ui-desktop:1.7.0) and ui-release.aar -> ui-release-runtime (androidx.compose.ui:ui-android:1.7.3)
Duplicate class androidx.compose.ui.focus.FocusRestorerKt found in modules ui-desktop-1.7.0.jar -> ui-desktop-1.7.0 (androidx.compose.ui:ui-desktop:1.7.0) and ui-release.aar -> ui-release-runtime (androidx.compose.ui:ui-android:1.7.3)
Duplicate class androidx.compose.ui.focus.FocusRestorerKt$saveFocusedChild$1$1 found in modules ui-desktop-1.7.0.jar -> ui-desktop-1.7.0 (androidx.compose.ui:ui-desktop:1.7.0) and ui-release.aar -> ui-release-runtime (androidx.compose.ui:ui-android:1.7.3)
Duplicate class androidx.compose.ui.focus.FocusRestorerNode found in modules ui-desktop-1.7.0.jar -> ui-desktop-1.7.0 (androidx.compose.ui:ui-desktop:1.7.0) and ui-release.aar -> ui-release-runtime (androidx.compose.ui:ui-android:1.7.3)
Duplicate class androidx.compose.ui.focus.FocusRestorerNode$onEnter$1 found in modules ui-desktop-1.7.0.jar -> ui-desktop-1.7.0 (androidx.compose.ui:ui-desktop:1.7.0) and ui-release.aar -> ui-release-runtime (androidx.compose.ui:ui-android:1.7.3)
Duplicate class androidx.compose.ui.focus.FocusRestorerNode$onExit$1 found in modules ui-desktop-1.7.0.jar -> ui-desktop-1.7.0 (androidx.compose.ui:ui-desktop:1.7.0) and ui-release.aar -> ui-release-runtime (androidx.compose.ui:ui-android:1.7.3)
Duplicate class androidx.compose.ui.focus.FocusState found in modules ui-desktop-1.7.0.jar -> ui-desktop-1.7.0 (androidx.compose.ui:ui-desktop:1.7.0) and ui-release.aar -> ui-release-runtime (androidx.compose.ui:ui-android:1.7.3)
Duplicate class androidx.compose.ui.focus.FocusStateImpl found in modules ui-desktop-1.7.0.jar -> ui-desktop-1.7.0 (androidx.compose.ui:ui-desktop:1.7.0) and ui-release.aar -> ui-release-runtime (androidx.compose.ui:ui-android:1.7.3)
Duplicate class androidx.compose.ui.focus.FocusStateImpl$WhenMappings found in modules ui-desktop-1.7.0.jar -> ui-desktop-1.7.0 (androidx.compose.ui:ui-desktop:1.7.0) and ui-release.aar -> ui-release-runtime (androidx.compose.ui:ui-android:1.7.3)
Duplicate class androidx.compose.ui.focus.FocusTargetModifierNode found in modules ui-desktop-1.7.0.jar -> ui-desktop-1.7.0 (androidx.compose.ui:ui-desktop:1.7.0) and ui-release.aar -> ui-release-runtime (androidx.compose.ui:ui-android:1.7.3)
Duplicate class androidx.compose.ui.focus.FocusTargetModifierNodeKt found in modules ui-desktop-1.7.0.jar -> ui-desktop-1.7.0 (androidx.compose.ui:ui-desktop:1.7.0) and ui-release.aar -> ui-release-runtime (androidx.compose.ui:ui-android:1.7.3)
Duplicate class androidx.compose.ui.focus.FocusTargetNode found in modules ui-desktop-1.7.0.jar -> ui-desktop-1.7.0 (androidx.compose.ui:ui-desktop:1.7.0) and ui-release.aar -> ui-release-runtime (androidx.compose.ui:ui-android:1.7.3)
Duplicate class androidx.compose.ui.focus.FocusTargetNode$FocusTargetElement found in modules ui-desktop-1.7.0.jar -> ui-desktop-1.7.0 (androidx.compose.ui:ui-desktop:1.7.0) and ui-release.aar -> ui-release-runtime (androidx.compose.ui:ui-android:1.7.3)
Duplicate class androidx.compose.ui.focus.FocusTargetNode$WhenMappings found in modules ui-desktop-1.7.0.jar -> ui-desktop-1.7.0 (androidx.compose.ui:ui-desktop:1.7.0) and ui-release.aar -> ui-release-runtime (androidx.compose.ui:ui-android:1.7.3)
Duplicate class androidx.compose.ui.focus.FocusTargetNode$invalidateFocus$1 found in modules ui-desktop-1.7.0.jar -> ui-desktop-1.7.0 (androidx.compose.ui:ui-desktop:1.7.0) and ui-release.aar -> ui-release-runtime (androidx.compose.ui:ui-android:1.7.3)
Duplicate class androidx.compose.ui.focus.FocusTargetNodeKt found in modules ui-desktop-1.7.0.jar -> ui-desktop-1.7.0 (androidx.compose.ui:ui-desktop:1.7.0) and ui-release.aar -> ui-release-runtime (androidx.compose.ui:ui-android:1.7.3)
Duplicate class androidx.compose.ui.focus.FocusTransactionManager found in modules ui-desktop-1.7.0.jar -> ui-desktop-1.7.0 (androidx.compose.ui:ui-desktop:1.7.0) and ui-release.aar -> ui-release-runtime (androidx.compose.ui:ui-android:1.7.3)
Duplicate class androidx.compose.ui.focus.FocusTransactionsKt found in modules ui-desktop-1.7.0.jar -> ui-desktop-1.7.0 (androidx.compose.ui:ui-desktop:1.7.0) and ui-release.aar -> ui-release-runtime (androidx.compose.ui:ui-android:1.7.3)
Duplicate class androidx.compose.ui.focus.FocusTransactionsKt$WhenMappings found in modules ui-desktop-1.7.0.jar -> ui-desktop-1.7.0 (androidx.compose.ui:ui-desktop:1.7.0) and ui-release.aar -> ui-release-runtime (androidx.compose.ui:ui-android:1.7.3)
Duplicate class androidx.compose.ui.focus.FocusTransactionsKt$grantFocus$1 found in modules ui-desktop-1.7.0.jar -> ui-desktop-1.7.0 (androidx.compose.ui:ui-desktop:1.7.0) and ui-release.aar -> ui-release-runtime (androidx.compose.ui:ui-android:1.7.3)
Duplicate class androidx.compose.ui.focus.FocusTransactionsKt$requestFocus$1 found in modules ui-desktop-1.7.0.jar -> ui-desktop-1.7.0 (androidx.compose.ui:ui-desktop:1.7.0) and ui-release.aar -> ui-release-runtime (androidx.compose.ui:ui-android:1.7.3)
Duplicate class androidx.compose.ui.focus.FocusTraversalKt found in modules ui-desktop-1.7.0.jar -> ui-desktop-1.7.0 (androidx.compose.ui:ui-desktop:1.7.0) and ui-release.aar -> ui-release-runtime (androidx.compose.ui:ui-android:1.7.3)
Duplicate class androidx.compose.ui.focus.FocusTraversalKt$WhenMappings found in modules ui-desktop-1.7.0.jar -> ui-desktop-1.7.0 (androidx.compose.ui:ui-desktop:1.7.0) and ui-release.aar -> ui-release-runtime (androidx.compose.ui:ui-android:1.7.3)
Duplicate class androidx.compose.ui.focus.FocusableChildrenComparator found in modules ui-desktop-1.7.0.jar -> ui-desktop-1.7.0 (androidx.compose.ui:ui-desktop:1.7.0) and ui-release.aar -> ui-release-runtime (androidx.compose.ui:ui-android:1.7.3)
Duplicate class androidx.compose.ui.focus.OneDimensionalFocusSearchKt found in modules ui-desktop-1.7.0.jar -> ui-desktop-1.7.0 (androidx.compose.ui:ui-desktop:1.7.0) and ui-release.aar -> ui-release-runtime (androidx.compose.ui:ui-android:1.7.3)
Duplicate class androidx.compose.ui.focus.OneDimensionalFocusSearchKt$WhenMappings found in modules ui-desktop-1.7.0.jar -> ui-desktop-1.7.0 (androidx.compose.ui:ui-desktop:1.7.0) and ui-release.aar -> ui-release-runtime (androidx.compose.ui:ui-android:1.7.3)
Duplicate class androidx.compose.ui.focus.OneDimensionalFocusSearchKt$generateAndSearchChildren$1 found in modules ui-desktop-1.7.0.jar -> ui-desktop-1.7.0 (androidx.compose.ui:ui-desktop:1.7.0) and ui-release.aar -> ui-release-runtime (androidx.compose.ui:ui-android:1.7.3)
Duplicate class androidx.compose.ui.focus.TwoDimensionalFocusSearchKt found in modules ui-desktop-1.7.0.jar -> ui-desktop-1.7.0 (androidx.compose.ui:ui-desktop:1.7.0) and ui-release.aar -> ui-release-runtime (androidx.compose.ui:ui-android:1.7.3)
Duplicate class androidx.compose.ui.focus.TwoDimensionalFocusSearchKt$WhenMappings found in modules ui-desktop-1.7.0.jar -> ui-desktop-1.7.0 (androidx.compose.ui:ui-desktop:1.7.0) and ui-release.aar -> ui-release-runtime (androidx.compose.ui:ui-android:1.7.3)
Duplicate class androidx.compose.ui.focus.TwoDimensionalFocusSearchKt$generateAndSearchChildren$1 found in modules ui-desktop-1.7.0.jar -> ui-desktop-1.7.0 (androidx.compose.ui:ui-desktop:1.7.0) and ui-release.aar -> ui-release-runtime (androidx.compose.ui:ui-android:1.7.3)
Duplicate class androidx.compose.ui.graphics.BlockGraphicsLayerElement found in modules ui-desktop-1.7.0.jar -> ui-desktop-1.7.0 (androidx.compose.ui:ui-desktop:1.7.0) and ui-release.aar -> ui-release-runtime (androidx.compose.ui:ui-android:1.7.3)
Duplicate class androidx.compose.ui.graphics.BlockGraphicsLayerModifier found in modules ui-desktop-1.7.0.jar -> ui-desktop-1.7.0 (androidx.compose.ui:ui-desktop:1.7.0) and ui-release.aar -> ui-release-runtime (androidx.compose.ui:ui-android:1.7.3)
Duplicate class androidx.compose.ui.graphics.BlockGraphicsLayerModifier$measure$1 found in modules ui-desktop-1.7.0.jar -> ui-desktop-1.7.0 (androidx.compose.ui:ui-desktop:1.7.0) and ui-release.aar -> ui-release-runtime (androidx.compose.ui:ui-android:1.7.3)
Duplicate class androidx.compose.ui.graphics.CompositingStrategy found in modules ui-desktop-1.7.0.jar -> ui-desktop-1.7.0 (androidx.compose.ui:ui-desktop:1.7.0) and ui-release.aar -> ui-release-runtime (androidx.compose.ui:ui-android:1.7.3)
Duplicate class androidx.compose.ui.graphics.CompositingStrategy$Companion found in modules ui-desktop-1.7.0.jar -> ui-desktop-1.7.0 (androidx.compose.ui:ui-desktop:1.7.0) and ui-release.aar -> ui-release-runtime (androidx.compose.ui:ui-android:1.7.3)
Duplicate class androidx.compose.ui.graphics.Fields found in modules ui-desktop-1.7.0.jar -> ui-desktop-1.7.0 (androidx.compose.ui:ui-desktop:1.7.0) and ui-release.aar -> ui-release-runtime (androidx.compose.ui:ui-android:1.7.3)
Duplicate class androidx.compose.ui.graphics.GraphicsContextObserver found in modules ui-desktop-1.7.0.jar -> ui-desktop-1.7.0 (androidx.compose.ui:ui-desktop:1.7.0) and ui-release.aar -> ui-release-runtime (androidx.compose.ui:ui-android:1.7.3)
Duplicate class androidx.compose.ui.graphics.GraphicsLayerElement found in modules ui-desktop-1.7.0.jar -> ui-desktop-1.7.0 (androidx.compose.ui:ui-desktop:1.7.0) and ui-release.aar -> ui-release-runtime (androidx.compose.ui:ui-android:1.7.3)
Duplicate class androidx.compose.ui.graphics.GraphicsLayerModifierKt found in modules ui-desktop-1.7.0.jar -> ui-desktop-1.7.0 (androidx.compose.ui:ui-desktop:1.7.0) and ui-release.aar -> ui-release-runtime (androidx.compose.ui:ui-android:1.7.3)
Duplicate class androidx.compose.ui.graphics.GraphicsLayerScope found in modules ui-desktop-1.7.0.jar -> ui-desktop-1.7.0 (androidx.compose.ui:ui-desktop:1.7.0) and ui-release.aar -> ui-release-runtime (androidx.compose.ui:ui-android:1.7.3)
Duplicate class androidx.compose.ui.graphics.GraphicsLayerScope$DefaultImpls found in modules ui-desktop-1.7.0.jar -> ui-desktop-1.7.0 (androidx.compose.ui:ui-desktop:1.7.0) and ui-release.aar -> ui-release-runtime (androidx.compose.ui:ui-android:1.7.3)
Duplicate class androidx.compose.ui.graphics.GraphicsLayerScopeKt found in modules ui-desktop-1.7.0.jar -> ui-desktop-1.7.0 (androidx.compose.ui:ui-desktop:1.7.0) and ui-release.aar -> ui-release-runtime (androidx.compose.ui:ui-android:1.7.3)
Duplicate class androidx.compose.ui.graphics.ReusableGraphicsLayerScope found in modules ui-desktop-1.7.0.jar -> ui-desktop-1.7.0 (androidx.compose.ui:ui-desktop:1.7.0) and ui-release.aar -> ui-release-runtime (androidx.compose.ui:ui-android:1.7.3)
Duplicate class androidx.compose.ui.graphics.SimpleGraphicsLayerModifier found in modules ui-desktop-1.7.0.jar -> ui-desktop-1.7.0 (androidx.compose.ui:ui-desktop:1.7.0) and ui-release.aar -> ui-release-runtime (androidx.compose.ui:ui-android:1.7.3)
Duplicate class androidx.compose.ui.graphics.SimpleGraphicsLayerModifier$layerBlock$1 found in modules ui-desktop-1.7.0.jar -> ui-desktop-1.7.0 (androidx.compose.ui:ui-desktop:1.7.0) and ui-release.aar -> ui-release-runtime (androidx.compose.ui:ui-android:1.7.3)
Duplicate class androidx.compose.ui.graphics.SimpleGraphicsLayerModifier$measure$1 found in modules ui-desktop-1.7.0.jar -> ui-desktop-1.7.0 (androidx.compose.ui:ui-desktop:1.7.0) and ui-release.aar -> ui-release-runtime (androidx.compose.ui:ui-android:1.7.3)
Duplicate class androidx.compose.ui.graphics.TransformOrigin found in modules ui-desktop-1.7.0.jar -> ui-desktop-1.7.0 (androidx.compose.ui:ui-desktop:1.7.0) and ui-release.aar -> ui-release-runtime (androidx.compose.ui:ui-android:1.7.3)
Duplicate class androidx.compose.ui.graphics.TransformOrigin$Companion found in modules ui-desktop-1.7.0.jar -> ui-desktop-1.7.0 (androidx.compose.ui:ui-desktop:1.7.0) and ui-release.aar -> ui-release-runtime (androidx.compose.ui:ui-android:1.7.3)
Duplicate class androidx.compose.ui.graphics.TransformOriginKt found in modules ui-desktop-1.7.0.jar -> ui-desktop-1.7.0 (androidx.compose.ui:ui-desktop:1.7.0) and ui-release.aar -> ui-release-runtime (androidx.compose.ui:ui-android:1.7.3)
Duplicate class androidx.compose.ui.graphics.vector.DrawCache found in modules ui-desktop-1.7.0.jar -> ui-desktop-1.7.0 (androidx.compose.ui:ui-desktop:1.7.0) and ui-release.aar -> ui-release-runtime (androidx.compose.ui:ui-android:1.7.3)
Duplicate class androidx.compose.ui.graphics.vector.GroupComponent found in modules ui-desktop-1.7.0.jar -> ui-desktop-1.7.0 (androidx.compose.ui:ui-desktop:1.7.0) and ui-release.aar -> ui-release-runtime (androidx.compose.ui:ui-android:1.7.3)
Duplicate class androidx.compose.ui.graphics.vector.GroupComponent$wrappedListener$1 found in modules ui-desktop-1.7.0.jar -> ui-desktop-1.7.0 (androidx.compose.ui:ui-desktop:1.7.0) and ui-release.aar -> ui-release-runtime (androidx.compose.ui:ui-android:1.7.3)
Duplicate class androidx.compose.ui.graphics.vector.ImageVector found in modules ui-desktop-1.7.0.jar -> ui-desktop-1.7.0 (androidx.compose.ui:ui-desktop:1.7.0) and ui-release.aar -> ui-release-runtime (androidx.compose.ui:ui-android:1.7.3)
Duplicate class androidx.compose.ui.graphics.vector.ImageVector$Builder found in modules ui-desktop-1.7.0.jar -> ui-desktop-1.7.0 (androidx.compose.ui:ui-desktop:1.7.0) and ui-release.aar -> ui-release-runtime (androidx.compose.ui:ui-android:1.7.3)
Duplicate class androidx.compose.ui.graphics.vector.ImageVector$Builder$GroupParams found in modules ui-desktop-1.7.0.jar -> ui-desktop-1.7.0 (androidx.compose.ui:ui-desktop:1.7.0) and ui-release.aar -> ui-release-runtime (androidx.compose.ui:ui-android:1.7.3)
Duplicate class androidx.compose.ui.graphics.vector.ImageVector$Companion found in modules ui-desktop-1.7.0.jar -> ui-desktop-1.7.0 (androidx.compose.ui:ui-desktop:1.7.0) and ui-release.aar -> ui-release-runtime (androidx.compose.ui:ui-android:1.7.3)
Duplicate class androidx.compose.ui.graphics.vector.ImageVectorKt found in modules ui-desktop-1.7.0.jar -> ui-desktop-1.7.0 (androidx.compose.ui:ui-desktop:1.7.0) and ui-release.aar -> ui-release-runtime (androidx.compose.ui:ui-android:1.7.3)
Duplicate class androidx.compose.ui.graphics.vector.PathComponent found in modules ui-desktop-1.7.0.jar -> ui-desktop-1.7.0 (androidx.compose.ui:ui-desktop:1.7.0) and ui-release.aar -> ui-release-runtime (androidx.compose.ui:ui-android:1.7.3)
Duplicate class androidx.compose.ui.graphics.vector.PathComponent$pathMeasure$2 found in modules ui-desktop-1.7.0.jar -> ui-desktop-1.7.0 (androidx.compose.ui:ui-desktop:1.7.0) and ui-release.aar -> ui-release-runtime (androidx.compose.ui:ui-android:1.7.3)
Duplicate class androidx.compose.ui.graphics.vector.VNode found in modules ui-desktop-1.7.0.jar -> ui-desktop-1.7.0 (androidx.compose.ui:ui-desktop:1.7.0) and ui-release.aar -> ui-release-runtime (androidx.compose.ui:ui-android:1.7.3)
Duplicate class androidx.compose.ui.graphics.vector.VectorApplier found in modules ui-desktop-1.7.0.jar -> ui-desktop-1.7.0 (androidx.compose.ui:ui-desktop:1.7.0) and ui-release.aar -> ui-release-runtime (androidx.compose.ui:ui-android:1.7.3)
Duplicate class androidx.compose.ui.graphics.vector.VectorComponent found in modules ui-desktop-1.7.0.jar -> ui-desktop-1.7.0 (androidx.compose.ui:ui-desktop:1.7.0) and ui-release.aar -> ui-release-runtime (androidx.compose.ui:ui-android:1.7.3)
Duplicate class androidx.compose.ui.graphics.vector.VectorComponent$1 found in modules ui-desktop-1.7.0.jar -> ui-desktop-1.7.0 (androidx.compose.ui:ui-desktop:1.7.0) and ui-release.aar -> ui-release-runtime (androidx.compose.ui:ui-android:1.7.3)
Duplicate class androidx.compose.ui.graphics.vector.VectorComponent$drawVectorBlock$1 found in modules ui-desktop-1.7.0.jar -> ui-desktop-1.7.0 (androidx.compose.ui:ui-desktop:1.7.0) and ui-release.aar -> ui-release-runtime (androidx.compose.ui:ui-android:1.7.3)
Duplicate class androidx.compose.ui.graphics.vector.VectorComponent$invalidateCallback$1 found in modules ui-desktop-1.7.0.jar -> ui-desktop-1.7.0 (androidx.compose.ui:ui-desktop:1.7.0) and ui-release.aar -> ui-release-runtime (androidx.compose.ui:ui-android:1.7.3)
Duplicate class androidx.compose.ui.graphics.vector.VectorComposable found in modules ui-desktop-1.7.0.jar -> ui-desktop-1.7.0 (androidx.compose.ui:ui-desktop:1.7.0) and ui-release.aar -> ui-release-runtime (androidx.compose.ui:ui-android:1.7.3)
Duplicate class androidx.compose.ui.graphics.vector.VectorComposeKt found in modules ui-desktop-1.7.0.jar -> ui-desktop-1.7.0 (androidx.compose.ui:ui-desktop:1.7.0) and ui-release.aar -> ui-release-runtime (androidx.compose.ui:ui-android:1.7.3)
Duplicate class androidx.compose.ui.graphics.vector.VectorComposeKt$Group$1 found in modules ui-desktop-1.7.0.jar -> ui-desktop-1.7.0 (androidx.compose.ui:ui-desktop:1.7.0) and ui-release.aar -> ui-release-runtime (androidx.compose.ui:ui-android:1.7.3)
Duplicate class androidx.compose.ui.graphics.vector.VectorComposeKt$Group$2$1 found in modules ui-desktop-1.7.0.jar -> ui-desktop-1.7.0 (androidx.compose.ui:ui-desktop:1.7.0) and ui-release.aar -> ui-release-runtime (androidx.compose.ui:ui-android:1.7.3)
Duplicate class androidx.compose.ui.graphics.vector.VectorComposeKt$Group$2$2 found in modules ui-desktop-1.7.0.jar -> ui-desktop-1.7.0 (androidx.compose.ui:ui-desktop:1.7.0) and ui-release.aar -> ui-release-runtime (androidx.compose.ui:ui-android:1.7.3)
Duplicate class androidx.compose.ui.graphics.vector.VectorComposeKt$Group$2$3 found in modules ui-desktop-1.7.0.jar -> ui-desktop-1.7.0 (androidx.compose.ui:ui-desktop:1.7.0) and ui-release.aar -> ui-release-runtime (androidx.compose.ui:ui-android:1.7.3)
Duplicate class androidx.compose.ui.graphics.vector.VectorComposeKt$Group$2$4 found in modules ui-desktop-1.7.0.jar -> ui-desktop-1.7.0 (androidx.compose.ui:ui-desktop:1.7.0) and ui-release.aar -> ui-release-runtime (androidx.compose.ui:ui-android:1.7.3)
Duplicate class androidx.compose.ui.graphics.vector.VectorComposeKt$Group$2$5 found in modules ui-desktop-1.7.0.jar -> ui-desktop-1.7.0 (androidx.compose.ui:ui-desktop:1.7.0) and ui-release.aar -> ui-release-runtime (androidx.compose.ui:ui-android:1.7.3)
Duplicate class androidx.compose.ui.graphics.vector.VectorComposeKt$Group$2$6 found in modules ui-desktop-1.7.0.jar -> ui-desktop-1.7.0 (androidx.compose.ui:ui-desktop:1.7.0) and ui-release.aar -> ui-release-runtime (androidx.compose.ui:ui-android:1.7.3)
Duplicate class androidx.compose.ui.graphics.vector.VectorComposeKt$Group$2$7 found in modules ui-desktop-1.7.0.jar -> ui-desktop-1.7.0 (androidx.compose.ui:ui-desktop:1.7.0) and ui-release.aar -> ui-release-runtime (androidx.compose.ui:ui-android:1.7.3)
Duplicate class androidx.compose.ui.graphics.vector.VectorComposeKt$Group$2$8 found in modules ui-desktop-1.7.0.jar -> ui-desktop-1.7.0 (androidx.compose.ui:ui-desktop:1.7.0) and ui-release.aar -> ui-release-runtime (androidx.compose.ui:ui-android:1.7.3)
Duplicate class androidx.compose.ui.graphics.vector.VectorComposeKt$Group$2$9 found in modules ui-desktop-1.7.0.jar -> ui-desktop-1.7.0 (androidx.compose.ui:ui-desktop:1.7.0) and ui-release.aar -> ui-release-runtime (androidx.compose.ui:ui-android:1.7.3)
Duplicate class androidx.compose.ui.graphics.vector.VectorComposeKt$Group$4 found in modules ui-desktop-1.7.0.jar -> ui-desktop-1.7.0 (androidx.compose.ui:ui-desktop:1.7.0) and ui-release.aar -> ui-release-runtime (androidx.compose.ui:ui-android:1.7.3)
Duplicate class androidx.compose.ui.graphics.vector.VectorComposeKt$Path$1 found in modules ui-desktop-1.7.0.jar -> ui-desktop-1.7.0 (androidx.compose.ui:ui-desktop:1.7.0) and ui-release.aar -> ui-release-runtime (androidx.compose.ui:ui-android:1.7.3)
Duplicate class androidx.compose.ui.graphics.vector.VectorComposeKt$Path$2$1 found in modules ui-desktop-1.7.0.jar -> ui-desktop-1.7.0 (androidx.compose.ui:ui-desktop:1.7.0) and ui-release.aar -> ui-release-runtime (androidx.compose.ui:ui-android:1.7.3)
Duplicate class androidx.compose.ui.graphics.vector.VectorComposeKt$Path$2$10 found in modules ui-desktop-1.7.0.jar -> ui-desktop-1.7.0 (androidx.compose.ui:ui-desktop:1.7.0) and ui-release.aar -> ui-release-runtime (androidx.compose.ui:ui-android:1.7.3)
Duplicate class androidx.compose.ui.graphics.vector.VectorComposeKt$Path$2$11 found in modules ui-desktop-1.7.0.jar -> ui-desktop-1.7.0 (androidx.compose.ui:ui-desktop:1.7.0) and ui-release.aar -> ui-release-runtime (androidx.compose.ui:ui-android:1.7.3)
Duplicate class androidx.compose.ui.graphics.vector.VectorComposeKt$Path$2$12 found in modules ui-desktop-1.7.0.jar -> ui-desktop-1.7.0 (androidx.compose.ui:ui-desktop:1.7.0) and ui-release.aar -> ui-release-runtime (androidx.compose.ui:ui-android:1.7.3)
Duplicate class androidx.compose.ui.graphics.vector.VectorComposeKt$Path$2$13 found in modules ui-desktop-1.7.0.jar -> ui-desktop-1.7.0 (androidx.compose.ui:ui-desktop:1.7.0) and ui-release.aar -> ui-release-runtime (androidx.compose.ui:ui-android:1.7.3)
Duplicate class androidx.compose.ui.graphics.vector.VectorComposeKt$Path$2$14 found in modules ui-desktop-1.7.0.jar -> ui-desktop-1.7.0 (androidx.compose.ui:ui-desktop:1.7.0) and ui-release.aar -> ui-release-runtime (androidx.compose.ui:ui-android:1.7.3)
Duplicate class androidx.compose.ui.graphics.vector.VectorComposeKt$Path$2$2 found in modules ui-desktop-1.7.0.jar -> ui-desktop-1.7.0 (androidx.compose.ui:ui-desktop:1.7.0) and ui-release.aar -> ui-release-runtime (androidx.compose.ui:ui-android:1.7.3)
Duplicate class androidx.compose.ui.graphics.vector.VectorComposeKt$Path$2$3 found in modules ui-desktop-1.7.0.jar -> ui-desktop-1.7.0 (androidx.compose.ui:ui-desktop:1.7.0) and ui-release.aar -> ui-release-runtime (androidx.compose.ui:ui-android:1.7.3)
Duplicate class androidx.compose.ui.graphics.vector.VectorComposeKt$Path$2$4 found in modules ui-desktop-1.7.0.jar -> ui-desktop-1.7.0 (androidx.compose.ui:ui-desktop:1.7.0) and ui-release.aar -> ui-release-runtime (androidx.compose.ui:ui-android:1.7.3)
Duplicate class androidx.compose.ui.graphics.vector.VectorComposeKt$Path$2$5 found in modules ui-desktop-1.7.0.jar -> ui-desktop-1.7.0 (androidx.compose.ui:ui-desktop:1.7.0) and ui-release.aar -> ui-release-runtime (androidx.compose.ui:ui-android:1.7.3)
Duplicate class androidx.compose.ui.graphics.vector.VectorComposeKt$Path$2$6 found in modules ui-desktop-1.7.0.jar -> ui-desktop-1.7.0 (androidx.compose.ui:ui-desktop:1.7.0) and ui-release.aar -> ui-release-runtime (androidx.compose.ui:ui-android:1.7.3)
Duplicate class androidx.compose.ui.graphics.vector.VectorComposeKt$Path$2$7 found in modules ui-desktop-1.7.0.jar -> ui-desktop-1.7.0 (androidx.compose.ui:ui-desktop:1.7.0) and ui-release.aar -> ui-release-runtime (androidx.compose.ui:ui-android:1.7.3)
Duplicate class androidx.compose.ui.graphics.vector.VectorComposeKt$Path$2$8 found in modules ui-desktop-1.7.0.jar -> ui-desktop-1.7.0 (androidx.compose.ui:ui-desktop:1.7.0) and ui-release.aar -> ui-release-runtime (androidx.compose.ui:ui-android:1.7.3)
Duplicate class androidx.compose.ui.graphics.vector.VectorComposeKt$Path$2$9 found in modules ui-desktop-1.7.0.jar -> ui-desktop-1.7.0 (androidx.compose.ui:ui-desktop:1.7.0) and ui-release.aar -> ui-release-runtime (androidx.compose.ui:ui-android:1.7.3)
Duplicate class androidx.compose.ui.graphics.vector.VectorComposeKt$Path$3 found in modules ui-desktop-1.7.0.jar -> ui-desktop-1.7.0 (androidx.compose.ui:ui-desktop:1.7.0) and ui-release.aar -> ui-release-runtime (androidx.compose.ui:ui-android:1.7.3)
Duplicate class androidx.compose.ui.graphics.vector.VectorConfig found in modules ui-desktop-1.7.0.jar -> ui-desktop-1.7.0 (androidx.compose.ui:ui-desktop:1.7.0) and ui-release.aar -> ui-release-runtime (androidx.compose.ui:ui-android:1.7.3)
Duplicate class androidx.compose.ui.graphics.vector.VectorConfig$DefaultImpls found in modules ui-desktop-1.7.0.jar -> ui-desktop-1.7.0 (androidx.compose.ui:ui-desktop:1.7.0) and ui-release.aar -> ui-release-runtime (androidx.compose.ui:ui-android:1.7.3)
Duplicate class androidx.compose.ui.graphics.vector.VectorGroup found in modules ui-desktop-1.7.0.jar -> ui-desktop-1.7.0 (androidx.compose.ui:ui-desktop:1.7.0) and ui-release.aar -> ui-release-runtime (androidx.compose.ui:ui-android:1.7.3)
Duplicate class androidx.compose.ui.graphics.vector.VectorGroup$iterator$1 found in modules ui-desktop-1.7.0.jar -> ui-desktop-1.7.0 (androidx.compose.ui:ui-desktop:1.7.0) and ui-release.aar -> ui-release-runtime (androidx.compose.ui:ui-android:1.7.3)
Duplicate class androidx.compose.ui.graphics.vector.VectorKt found in modules ui-desktop-1.7.0.jar -> ui-desktop-1.7.0 (androidx.compose.ui:ui-desktop:1.7.0) and ui-release.aar -> ui-release-runtime (androidx.compose.ui:ui-android:1.7.3)
Duplicate class androidx.compose.ui.graphics.vector.VectorNode found in modules ui-desktop-1.7.0.jar -> ui-desktop-1.7.0 (androidx.compose.ui:ui-desktop:1.7.0) and ui-release.aar -> ui-release-runtime (androidx.compose.ui:ui-android:1.7.3)
Duplicate class androidx.compose.ui.graphics.vector.VectorPainter found in modules ui-desktop-1.7.0.jar -> ui-desktop-1.7.0 (androidx.compose.ui:ui-desktop:1.7.0) and ui-release.aar -> ui-release-runtime (androidx.compose.ui:ui-android:1.7.3)
Duplicate class androidx.compose.ui.graphics.vector.VectorPainter$vector$1$1 found in modules ui-desktop-1.7.0.jar -> ui-desktop-1.7.0 (androidx.compose.ui:ui-desktop:1.7.0) and ui-release.aar -> ui-release-runtime (androidx.compose.ui:ui-android:1.7.3)
Duplicate class androidx.compose.ui.graphics.vector.VectorPainterKt found in modules ui-desktop-1.7.0.jar -> ui-desktop-1.7.0 (androidx.compose.ui:ui-desktop:1.7.0) and ui-release.aar -> ui-release-runtime (androidx.compose.ui:ui-android:1.7.3)
Duplicate class androidx.compose.ui.graphics.vector.VectorPainterKt$RenderVectorGroup$1 found in modules ui-desktop-1.7.0.jar -> ui-desktop-1.7.0 (androidx.compose.ui:ui-desktop:1.7.0) and ui-release.aar -> ui-release-runtime (androidx.compose.ui:ui-android:1.7.3)
Duplicate class androidx.compose.ui.graphics.vector.VectorPainterKt$RenderVectorGroup$2 found in modules ui-desktop-1.7.0.jar -> ui-desktop-1.7.0 (androidx.compose.ui:ui-desktop:1.7.0) and ui-release.aar -> ui-release-runtime (androidx.compose.ui:ui-android:1.7.3)
Duplicate class androidx.compose.ui.graphics.vector.VectorPainterKt$RenderVectorGroup$config$1 found in modules ui-desktop-1.7.0.jar -> ui-desktop-1.7.0 (androidx.compose.ui:ui-desktop:1.7.0) and ui-release.aar -> ui-release-runtime (androidx.compose.ui:ui-android:1.7.3)
Duplicate class androidx.compose.ui.graphics.vector.VectorPainterKt$RenderVectorGroup$config$2 found in modules ui-desktop-1.7.0.jar -> ui-desktop-1.7.0 (androidx.compose.ui:ui-desktop:1.7.0) and ui-release.aar -> ui-release-runtime (androidx.compose.ui:ui-android:1.7.3)
Duplicate class androidx.compose.ui.graphics.vector.VectorPainterKt$rememberVectorPainter$2$1$1 found in modules ui-desktop-1.7.0.jar -> ui-desktop-1.7.0 (androidx.compose.ui:ui-desktop:1.7.0) and ui-release.aar -> ui-release-runtime (androidx.compose.ui:ui-android:1.7.3)
Duplicate class androidx.compose.ui.graphics.vector.VectorPath found in modules ui-desktop-1.7.0.jar -> ui-desktop-1.7.0 (androidx.compose.ui:ui-desktop:1.7.0) and ui-release.aar -> ui-release-runtime (androidx.compose.ui:ui-android:1.7.3)
Duplicate class androidx.compose.ui.graphics.vector.VectorProperty found in modules ui-desktop-1.7.0.jar -> ui-desktop-1.7.0 (androidx.compose.ui:ui-desktop:1.7.0) and ui-release.aar -> ui-release-runtime (androidx.compose.ui:ui-android:1.7.3)
Duplicate class androidx.compose.ui.graphics.vector.VectorProperty$Fill found in modules ui-desktop-1.7.0.jar -> ui-desktop-1.7.0 (androidx.compose.ui:ui-desktop:1.7.0) and ui-release.aar -> ui-release-runtime (androidx.compose.ui:ui-android:1.7.3)
Duplicate class androidx.compose.ui.graphics.vector.VectorProperty$FillAlpha found in modules ui-desktop-1.7.0.jar -> ui-desktop-1.7.0 (androidx.compose.ui:ui-desktop:1.7.0) and ui-release.aar -> ui-release-runtime (androidx.compose.ui:ui-android:1.7.3)
Duplicate class androidx.compose.ui.graphics.vector.VectorProperty$PathData found in modules ui-desktop-1.7.0.jar -> ui-desktop-1.7.0 (androidx.compose.ui:ui-desktop:1.7.0) and ui-release.aar -> ui-release-runtime (androidx.compose.ui:ui-android:1.7.3)
Duplicate class androidx.compose.ui.graphics.vector.VectorProperty$PivotX found in modules ui-desktop-1.7.0.jar -> ui-desktop-1.7.0 (androidx.compose.ui:ui-desktop:1.7.0) and ui-release.aar -> ui-release-runtime (androidx.compose.ui:ui-android:1.7.3)
Duplicate class androidx.compose.ui.graphics.vector.VectorProperty$PivotY found in modules ui-desktop-1.7.0.jar -> ui-desktop-1.7.0 (androidx.compose.ui:ui-desktop:1.7.0) and ui-release.aar -> ui-release-runtime (androidx.compose.ui:ui-android:1.7.3)
Duplicate class androidx.compose.ui.graphics.vector.VectorProperty$Rotation found in modules ui-desktop-1.7.0.jar -> ui-desktop-1.7.0 (androidx.compose.ui:ui-desktop:1.7.0) and ui-release.aar -> ui-release-runtime (androidx.compose.ui:ui-android:1.7.3)
Duplicate class androidx.compose.ui.graphics.vector.VectorProperty$ScaleX found in modules ui-desktop-1.7.0.jar -> ui-desktop-1.7.0 (androidx.compose.ui:ui-desktop:1.7.0) and ui-release.aar -> ui-release-runtime (androidx.compose.ui:ui-android:1.7.3)
Duplicate class androidx.compose.ui.graphics.vector.VectorProperty$ScaleY found in modules ui-desktop-1.7.0.jar -> ui-desktop-1.7.0 (androidx.compose.ui:ui-desktop:1.7.0) and ui-release.aar -> ui-release-runtime (androidx.compose.ui:ui-android:1.7.3)
Duplicate class androidx.compose.ui.graphics.vector.VectorProperty$Stroke found in modules ui-desktop-1.7.0.jar -> ui-desktop-1.7.0 (androidx.compose.ui:ui-desktop:1.7.0) and ui-release.aar -> ui-release-runtime (androidx.compose.ui:ui-android:1.7.3)
Duplicate class androidx.compose.ui.graphics.vector.VectorProperty$StrokeAlpha found in modules ui-desktop-1.7.0.jar -> ui-desktop-1.7.0 (androidx.compose.ui:ui-desktop:1.7.0) and ui-release.aar -> ui-release-runtime (androidx.compose.ui:ui-android:1.7.3)
Duplicate class androidx.compose.ui.graphics.vector.VectorProperty$StrokeLineWidth found in modules ui-desktop-1.7.0.jar -> ui-desktop-1.7.0 (androidx.compose.ui:ui-desktop:1.7.0) and ui-release.aar -> ui-release-runtime (androidx.compose.ui:ui-android:1.7.3)
Duplicate class androidx.compose.ui.graphics.vector.VectorProperty$TranslateX found in modules ui-desktop-1.7.0.jar -> ui-desktop-1.7.0 (androidx.compose.ui:ui-desktop:1.7.0) and ui-release.aar -> ui-release-runtime (androidx.compose.ui:ui-android:1.7.3)
Duplicate class androidx.compose.ui.graphics.vector.VectorProperty$TranslateY found in modules ui-desktop-1.7.0.jar -> ui-desktop-1.7.0 (androidx.compose.ui:ui-desktop:1.7.0) and ui-release.aar -> ui-release-runtime (androidx.compose.ui:ui-android:1.7.3)
Duplicate class androidx.compose.ui.graphics.vector.VectorProperty$TrimPathEnd found in modules ui-desktop-1.7.0.jar -> ui-desktop-1.7.0 (androidx.compose.ui:ui-desktop:1.7.0) and ui-release.aar -> ui-release-runtime (androidx.compose.ui:ui-android:1.7.3)
Duplicate class androidx.compose.ui.graphics.vector.VectorProperty$TrimPathOffset found in modules ui-desktop-1.7.0.jar -> ui-desktop-1.7.0 (androidx.compose.ui:ui-desktop:1.7.0) and ui-release.aar -> ui-release-runtime (androidx.compose.ui:ui-android:1.7.3)
Duplicate class androidx.compose.ui.graphics.vector.VectorProperty$TrimPathStart found in modules ui-desktop-1.7.0.jar -> ui-desktop-1.7.0 (androidx.compose.ui:ui-desktop:1.7.0) and ui-release.aar -> ui-release-runtime (androidx.compose.ui:ui-android:1.7.3)
Duplicate class androidx.compose.ui.hapticfeedback.HapticFeedback found in modules ui-desktop-1.7.0.jar -> ui-desktop-1.7.0 (androidx.compose.ui:ui-desktop:1.7.0) and ui-release.aar -> ui-release-runtime (androidx.compose.ui:ui-android:1.7.3)
Duplicate class androidx.compose.ui.hapticfeedback.HapticFeedbackType found in modules ui-desktop-1.7.0.jar -> ui-desktop-1.7.0 (androidx.compose.ui:ui-desktop:1.7.0) and ui-release.aar -> ui-release-runtime (androidx.compose.ui:ui-android:1.7.3)
Duplicate class androidx.compose.ui.hapticfeedback.HapticFeedbackType$Companion found in modules ui-desktop-1.7.0.jar -> ui-desktop-1.7.0 (androidx.compose.ui:ui-desktop:1.7.0) and ui-release.aar -> ui-release-runtime (androidx.compose.ui:ui-android:1.7.3)
Duplicate class androidx.compose.ui.hapticfeedback.PlatformHapticFeedbackType found in modules ui-desktop-1.7.0.jar -> ui-desktop-1.7.0 (androidx.compose.ui:ui-desktop:1.7.0) and ui-release.aar -> ui-release-runtime (androidx.compose.ui:ui-android:1.7.3)
Duplicate class androidx.compose.ui.input.InputMode found in modules ui-desktop-1.7.0.jar -> ui-desktop-1.7.0 (androidx.compose.ui:ui-desktop:1.7.0) and ui-release.aar -> ui-release-runtime (androidx.compose.ui:ui-android:1.7.3)
Duplicate class androidx.compose.ui.input.InputMode$Companion found in modules ui-desktop-1.7.0.jar -> ui-desktop-1.7.0 (androidx.compose.ui:ui-desktop:1.7.0) and ui-release.aar -> ui-release-runtime (androidx.compose.ui:ui-android:1.7.3)
Duplicate class androidx.compose.ui.input.InputModeManager found in modules ui-desktop-1.7.0.jar -> ui-desktop-1.7.0 (androidx.compose.ui:ui-desktop:1.7.0) and ui-release.aar -> ui-release-runtime (androidx.compose.ui:ui-android:1.7.3)
Duplicate class androidx.compose.ui.input.InputModeManagerImpl found in modules ui-desktop-1.7.0.jar -> ui-desktop-1.7.0 (androidx.compose.ui:ui-desktop:1.7.0) and ui-release.aar -> ui-release-runtime (androidx.compose.ui:ui-android:1.7.3)
Duplicate class androidx.compose.ui.input.key.InterceptedKeyInputNode found in modules ui-desktop-1.7.0.jar -> ui-desktop-1.7.0 (androidx.compose.ui:ui-desktop:1.7.0) and ui-release.aar -> ui-release-runtime (androidx.compose.ui:ui-android:1.7.3)
Duplicate class androidx.compose.ui.input.key.Key found in modules ui-desktop-1.7.0.jar -> ui-desktop-1.7.0 (androidx.compose.ui:ui-desktop:1.7.0) and ui-release.aar -> ui-release-runtime (androidx.compose.ui:ui-android:1.7.3)
Duplicate class androidx.compose.ui.input.key.Key$Companion found in modules ui-desktop-1.7.0.jar -> ui-desktop-1.7.0 (androidx.compose.ui:ui-desktop:1.7.0) and ui-release.aar -> ui-release-runtime (androidx.compose.ui:ui-android:1.7.3)
Duplicate class androidx.compose.ui.input.key.KeyEvent found in modules ui-desktop-1.7.0.jar -> ui-desktop-1.7.0 (androidx.compose.ui:ui-desktop:1.7.0) and ui-release.aar -> ui-release-runtime (androidx.compose.ui:ui-android:1.7.3)
Duplicate class androidx.compose.ui.input.key.KeyEventType found in modules ui-desktop-1.7.0.jar -> ui-desktop-1.7.0 (androidx.compose.ui:ui-desktop:1.7.0) and ui-release.aar -> ui-release-runtime (androidx.compose.ui:ui-android:1.7.3)
Duplicate class androidx.compose.ui.input.key.KeyEventType$Companion found in modules ui-desktop-1.7.0.jar -> ui-desktop-1.7.0 (androidx.compose.ui:ui-desktop:1.7.0) and ui-release.aar -> ui-release-runtime (androidx.compose.ui:ui-android:1.7.3)
Duplicate class androidx.compose.ui.input.key.KeyInputElement found in modules ui-desktop-1.7.0.jar -> ui-desktop-1.7.0 (androidx.compose.ui:ui-desktop:1.7.0) and ui-release.aar -> ui-release-runtime (androidx.compose.ui:ui-android:1.7.3)
Duplicate class androidx.compose.ui.input.key.KeyInputModifierKt found in modules ui-desktop-1.7.0.jar -> ui-desktop-1.7.0 (androidx.compose.ui:ui-desktop:1.7.0) and ui-release.aar -> ui-release-runtime (androidx.compose.ui:ui-android:1.7.3)
Duplicate class androidx.compose.ui.input.key.KeyInputModifierNode found in modules ui-desktop-1.7.0.jar -> ui-desktop-1.7.0 (androidx.compose.ui:ui-desktop:1.7.0) and ui-release.aar -> ui-release-runtime (androidx.compose.ui:ui-android:1.7.3)
Duplicate class androidx.compose.ui.input.key.KeyInputNode found in modules ui-desktop-1.7.0.jar -> ui-desktop-1.7.0 (androidx.compose.ui:ui-desktop:1.7.0) and ui-release.aar -> ui-release-runtime (androidx.compose.ui:ui-android:1.7.3)
Duplicate class androidx.compose.ui.input.key.SoftKeyboardInterceptionElement found in modules ui-desktop-1.7.0.jar -> ui-desktop-1.7.0 (androidx.compose.ui:ui-desktop:1.7.0) and ui-release.aar -> ui-release-runtime (androidx.compose.ui:ui-android:1.7.3)
Duplicate class androidx.compose.ui.input.key.SoftKeyboardInterceptionModifierNode found in modules ui-desktop-1.7.0.jar -> ui-desktop-1.7.0 (androidx.compose.ui:ui-desktop:1.7.0) and ui-release.aar -> ui-release-runtime (androidx.compose.ui:ui-android:1.7.3)
Duplicate class androidx.compose.ui.input.key.SoftwareKeyboardInterceptionModifierKt found in modules ui-desktop-1.7.0.jar -> ui-desktop-1.7.0 (androidx.compose.ui:ui-desktop:1.7.0) and ui-release.aar -> ui-release-runtime (androidx.compose.ui:ui-android:1.7.3)
Duplicate class androidx.compose.ui.input.nestedscroll.NestedScrollConnection found in modules ui-desktop-1.7.0.jar -> ui-desktop-1.7.0 (androidx.compose.ui:ui-desktop:1.7.0) and ui-release.aar -> ui-release-runtime (androidx.compose.ui:ui-android:1.7.3)
Duplicate class androidx.compose.ui.input.nestedscroll.NestedScrollConnection$DefaultImpls found in modules ui-desktop-1.7.0.jar -> ui-desktop-1.7.0 (androidx.compose.ui:ui-desktop:1.7.0) and ui-release.aar -> ui-release-runtime (androidx.compose.ui:ui-android:1.7.3)
Duplicate class androidx.compose.ui.input.nestedscroll.NestedScrollDispatcher found in modules ui-desktop-1.7.0.jar -> ui-desktop-1.7.0 (androidx.compose.ui:ui-desktop:1.7.0) and ui-release.aar -> ui-release-runtime (androidx.compose.ui:ui-android:1.7.3)
Duplicate class androidx.compose.ui.input.nestedscroll.NestedScrollDispatcher$calculateNestedScrollScope$1 found in modules ui-desktop-1.7.0.jar -> ui-desktop-1.7.0 (androidx.compose.ui:ui-desktop:1.7.0) and ui-release.aar -> ui-release-runtime (androidx.compose.ui:ui-android:1.7.3)
Duplicate class androidx.compose.ui.input.nestedscroll.NestedScrollDispatcher$dispatchPostFling$1 found in modules ui-desktop-1.7.0.jar -> ui-desktop-1.7.0 (androidx.compose.ui:ui-desktop:1.7.0) and ui-release.aar -> ui-release-runtime (androidx.compose.ui:ui-android:1.7.3)
Duplicate class androidx.compose.ui.input.nestedscroll.NestedScrollDispatcher$dispatchPreFling$1 found in modules ui-desktop-1.7.0.jar -> ui-desktop-1.7.0 (androidx.compose.ui:ui-desktop:1.7.0) and ui-release.aar -> ui-release-runtime (androidx.compose.ui:ui-android:1.7.3)
Duplicate class androidx.compose.ui.input.nestedscroll.NestedScrollElement found in modules ui-desktop-1.7.0.jar -> ui-desktop-1.7.0 (androidx.compose.ui:ui-desktop:1.7.0) and ui-release.aar -> ui-release-runtime (androidx.compose.ui:ui-android:1.7.3)
Duplicate class androidx.compose.ui.input.nestedscroll.NestedScrollModifierKt found in modules ui-desktop-1.7.0.jar -> ui-desktop-1.7.0 (androidx.compose.ui:ui-desktop:1.7.0) and ui-release.aar -> ui-release-runtime (androidx.compose.ui:ui-android:1.7.3)
Duplicate class androidx.compose.ui.input.nestedscroll.NestedScrollNode found in modules ui-desktop-1.7.0.jar -> ui-desktop-1.7.0 (androidx.compose.ui:ui-desktop:1.7.0) and ui-release.aar -> ui-release-runtime (androidx.compose.ui:ui-android:1.7.3)
Duplicate class androidx.compose.ui.input.nestedscroll.NestedScrollNode$onPostFling$1 found in modules ui-desktop-1.7.0.jar -> ui-desktop-1.7.0 (androidx.compose.ui:ui-desktop:1.7.0) and ui-release.aar -> ui-release-runtime (androidx.compose.ui:ui-android:1.7.3)
Duplicate class androidx.compose.ui.input.nestedscroll.NestedScrollNode$onPreFling$1 found in modules ui-desktop-1.7.0.jar -> ui-desktop-1.7.0 (androidx.compose.ui:ui-desktop:1.7.0) and ui-release.aar -> ui-release-runtime (androidx.compose.ui:ui-android:1.7.3)
Duplicate class androidx.compose.ui.input.nestedscroll.NestedScrollNode$updateDispatcherFields$1 found in modules ui-desktop-1.7.0.jar -> ui-desktop-1.7.0 (androidx.compose.ui:ui-desktop:1.7.0) and ui-release.aar -> ui-release-runtime (androidx.compose.ui:ui-android:1.7.3)
Duplicate class androidx.compose.ui.input.nestedscroll.NestedScrollNodeKt found in modules ui-desktop-1.7.0.jar -> ui-desktop-1.7.0 (androidx.compose.ui:ui-desktop:1.7.0) and ui-release.aar -> ui-release-runtime (androidx.compose.ui:ui-android:1.7.3)
Duplicate class androidx.compose.ui.input.nestedscroll.NestedScrollSource found in modules ui-desktop-1.7.0.jar -> ui-desktop-1.7.0 (androidx.compose.ui:ui-desktop:1.7.0) and ui-release.aar -> ui-release-runtime (androidx.compose.ui:ui-android:1.7.3)
Duplicate class androidx.compose.ui.input.nestedscroll.NestedScrollSource$Companion found in modules ui-desktop-1.7.0.jar -> ui-desktop-1.7.0 (androidx.compose.ui:ui-desktop:1.7.0) and ui-release.aar -> ui-release-runtime (androidx.compose.ui:ui-android:1.7.3)
Duplicate class androidx.compose.ui.input.pointer.AwaitPointerEventScope found in modules ui-desktop-1.7.0.jar -> ui-desktop-1.7.0 (androidx.compose.ui:ui-desktop:1.7.0) and ui-release.aar -> ui-release-runtime (androidx.compose.ui:ui-android:1.7.3)
Duplicate class androidx.compose.ui.input.pointer.AwaitPointerEventScope$DefaultImpls found in modules ui-desktop-1.7.0.jar -> ui-desktop-1.7.0 (androidx.compose.ui:ui-desktop:1.7.0) and ui-release.aar -> ui-release-runtime (androidx.compose.ui:ui-android:1.7.3)
Duplicate class androidx.compose.ui.input.pointer.CancelTimeoutCancellationException found in modules ui-desktop-1.7.0.jar -> ui-desktop-1.7.0 (androidx.compose.ui:ui-desktop:1.7.0) and ui-release.aar -> ui-release-runtime (androidx.compose.ui:ui-android:1.7.3)
Duplicate class androidx.compose.ui.input.pointer.ConsumedData found in modules ui-desktop-1.7.0.jar -> ui-desktop-1.7.0 (androidx.compose.ui:ui-desktop:1.7.0) and ui-release.aar -> ui-release-runtime (androidx.compose.ui:ui-android:1.7.3)
Duplicate class androidx.compose.ui.input.pointer.HistoricalChange found in modules ui-desktop-1.7.0.jar -> ui-desktop-1.7.0 (androidx.compose.ui:ui-desktop:1.7.0) and ui-release.aar -> ui-release-runtime (androidx.compose.ui:ui-android:1.7.3)
Duplicate class androidx.compose.ui.input.pointer.HitPathTracker found in modules ui-desktop-1.7.0.jar -> ui-desktop-1.7.0 (androidx.compose.ui:ui-desktop:1.7.0) and ui-release.aar -> ui-release-runtime (androidx.compose.ui:ui-android:1.7.3)
Duplicate class androidx.compose.ui.input.pointer.InternalPointerEvent found in modules ui-desktop-1.7.0.jar -> ui-desktop-1.7.0 (androidx.compose.ui:ui-desktop:1.7.0) and ui-release.aar -> ui-release-runtime (androidx.compose.ui:ui-android:1.7.3)
Duplicate class androidx.compose.ui.input.pointer.Node found in modules ui-desktop-1.7.0.jar -> ui-desktop-1.7.0 (androidx.compose.ui:ui-desktop:1.7.0) and ui-release.aar -> ui-release-runtime (androidx.compose.ui:ui-android:1.7.3)
Duplicate class androidx.compose.ui.input.pointer.NodeParent found in modules ui-desktop-1.7.0.jar -> ui-desktop-1.7.0 (androidx.compose.ui:ui-desktop:1.7.0) and ui-release.aar -> ui-release-runtime (androidx.compose.ui:ui-android:1.7.3)
Duplicate class androidx.compose.ui.input.pointer.PointerButtons found in modules ui-desktop-1.7.0.jar -> ui-desktop-1.7.0 (androidx.compose.ui:ui-desktop:1.7.0) and ui-release.aar -> ui-release-runtime (androidx.compose.ui:ui-android:1.7.3)
Duplicate class androidx.compose.ui.input.pointer.PointerEvent found in modules ui-desktop-1.7.0.jar -> ui-desktop-1.7.0 (androidx.compose.ui:ui-desktop:1.7.0) and ui-release.aar -> ui-release-runtime (androidx.compose.ui:ui-android:1.7.3)
Duplicate class androidx.compose.ui.input.pointer.PointerEventKt found in modules ui-desktop-1.7.0.jar -> ui-desktop-1.7.0 (androidx.compose.ui:ui-desktop:1.7.0) and ui-release.aar -> ui-release-runtime (androidx.compose.ui:ui-android:1.7.3)
Duplicate class androidx.compose.ui.input.pointer.PointerEventPass found in modules ui-desktop-1.7.0.jar -> ui-desktop-1.7.0 (androidx.compose.ui:ui-desktop:1.7.0) and ui-release.aar -> ui-release-runtime (androidx.compose.ui:ui-android:1.7.3)
Duplicate class androidx.compose.ui.input.pointer.PointerEventTimeoutCancellationException found in modules ui-desktop-1.7.0.jar -> ui-desktop-1.7.0 (androidx.compose.ui:ui-desktop:1.7.0) and ui-release.aar -> ui-release-runtime (androidx.compose.ui:ui-android:1.7.3)
Duplicate class androidx.compose.ui.input.pointer.PointerEventType found in modules ui-desktop-1.7.0.jar -> ui-desktop-1.7.0 (androidx.compose.ui:ui-desktop:1.7.0) and ui-release.aar -> ui-release-runtime (androidx.compose.ui:ui-android:1.7.3)
Duplicate class androidx.compose.ui.input.pointer.PointerEventType$Companion found in modules ui-desktop-1.7.0.jar -> ui-desktop-1.7.0 (androidx.compose.ui:ui-desktop:1.7.0) and ui-release.aar -> ui-release-runtime (androidx.compose.ui:ui-android:1.7.3)
Duplicate class androidx.compose.ui.input.pointer.PointerHoverIconModifierElement found in modules ui-desktop-1.7.0.jar -> ui-desktop-1.7.0 (androidx.compose.ui:ui-desktop:1.7.0) and ui-release.aar -> ui-release-runtime (androidx.compose.ui:ui-android:1.7.3)
Duplicate class androidx.compose.ui.input.pointer.PointerHoverIconModifierNode found in modules ui-desktop-1.7.0.jar -> ui-desktop-1.7.0 (androidx.compose.ui:ui-desktop:1.7.0) and ui-release.aar -> ui-release-runtime (androidx.compose.ui:ui-android:1.7.3)
Duplicate class androidx.compose.ui.input.pointer.PointerHoverIconModifierNode$displayIconFromAncestorNodeWithCursorInBoundsOrDefaultIcon$1 found in modules ui-desktop-1.7.0.jar -> ui-desktop-1.7.0 (androidx.compose.ui:ui-desktop:1.7.0) and ui-release.aar -> ui-release-runtime (androidx.compose.ui:ui-android:1.7.3)
Duplicate class androidx.compose.ui.input.pointer.PointerHoverIconModifierNode$displayIconIfDescendantsDoNotHavePriority$1 found in modules ui-desktop-1.7.0.jar -> ui-desktop-1.7.0 (androidx.compose.ui:ui-desktop:1.7.0) and ui-release.aar -> ui-release-runtime (androidx.compose.ui:ui-android:1.7.3)
Duplicate class androidx.compose.ui.input.pointer.PointerHoverIconModifierNode$findDescendantNodeWithCursorInBounds$1 found in modules ui-desktop-1.7.0.jar -> ui-desktop-1.7.0 (androidx.compose.ui:ui-desktop:1.7.0) and ui-release.aar -> ui-release-runtime (androidx.compose.ui:ui-android:1.7.3)
Duplicate class androidx.compose.ui.input.pointer.PointerHoverIconModifierNode$findOverridingAncestorNode$1 found in modules ui-desktop-1.7.0.jar -> ui-desktop-1.7.0 (androidx.compose.ui:ui-desktop:1.7.0) and ui-release.aar -> ui-release-runtime (androidx.compose.ui:ui-android:1.7.3)
Duplicate class androidx.compose.ui.input.pointer.PointerIcon found in modules ui-desktop-1.7.0.jar -> ui-desktop-1.7.0 (androidx.compose.ui:ui-desktop:1.7.0) and ui-release.aar -> ui-release-runtime (androidx.compose.ui:ui-android:1.7.3)
Duplicate class androidx.compose.ui.input.pointer.PointerIcon$Companion found in modules ui-desktop-1.7.0.jar -> ui-desktop-1.7.0 (androidx.compose.ui:ui-desktop:1.7.0) and ui-release.aar -> ui-release-runtime (androidx.compose.ui:ui-android:1.7.3)
Duplicate class androidx.compose.ui.input.pointer.PointerIconKt found in modules ui-desktop-1.7.0.jar -> ui-desktop-1.7.0 (androidx.compose.ui:ui-desktop:1.7.0) and ui-release.aar -> ui-release-runtime (androidx.compose.ui:ui-android:1.7.3)
Duplicate class androidx.compose.ui.input.pointer.PointerIconService found in modules ui-desktop-1.7.0.jar -> ui-desktop-1.7.0 (androidx.compose.ui:ui-desktop:1.7.0) and ui-release.aar -> ui-release-runtime (androidx.compose.ui:ui-android:1.7.3)
Duplicate class androidx.compose.ui.input.pointer.PointerId found in modules ui-desktop-1.7.0.jar -> ui-desktop-1.7.0 (androidx.compose.ui:ui-desktop:1.7.0) and ui-release.aar -> ui-release-runtime (androidx.compose.ui:ui-android:1.7.3)
Duplicate class androidx.compose.ui.input.pointer.PointerInputChange found in modules ui-desktop-1.7.0.jar -> ui-desktop-1.7.0 (androidx.compose.ui:ui-desktop:1.7.0) and ui-release.aar -> ui-release-runtime (androidx.compose.ui:ui-android:1.7.3)
Duplicate class androidx.compose.ui.input.pointer.PointerInputChangeEventProducer found in modules ui-desktop-1.7.0.jar -> ui-desktop-1.7.0 (androidx.compose.ui:ui-desktop:1.7.0) and ui-release.aar -> ui-release-runtime (androidx.compose.ui:ui-android:1.7.3)
Duplicate class androidx.compose.ui.input.pointer.PointerInputChangeEventProducer$PointerInputData found in modules ui-desktop-1.7.0.jar -> ui-desktop-1.7.0 (androidx.compose.ui:ui-desktop:1.7.0) and ui-release.aar -> ui-release-runtime (androidx.compose.ui:ui-android:1.7.3)
Duplicate class androidx.compose.ui.input.pointer.PointerInputEvent found in modules ui-desktop-1.7.0.jar -> ui-desktop-1.7.0 (androidx.compose.ui:ui-desktop:1.7.0) and ui-release.aar -> ui-release-runtime (androidx.compose.ui:ui-android:1.7.3)
Duplicate class androidx.compose.ui.input.pointer.PointerInputEventData found in modules ui-desktop-1.7.0.jar -> ui-desktop-1.7.0 (androidx.compose.ui:ui-desktop:1.7.0) and ui-release.aar -> ui-release-runtime (androidx.compose.ui:ui-android:1.7.3)
Duplicate class androidx.compose.ui.input.pointer.PointerInputEventProcessor found in modules ui-desktop-1.7.0.jar -> ui-desktop-1.7.0 (androidx.compose.ui:ui-desktop:1.7.0) and ui-release.aar -> ui-release-runtime (androidx.compose.ui:ui-android:1.7.3)
Duplicate class androidx.compose.ui.input.pointer.PointerInputEventProcessorKt found in modules ui-desktop-1.7.0.jar -> ui-desktop-1.7.0 (androidx.compose.ui:ui-desktop:1.7.0) and ui-release.aar -> ui-release-runtime (androidx.compose.ui:ui-android:1.7.3)
Duplicate class androidx.compose.ui.input.pointer.PointerInputFilter found in modules ui-desktop-1.7.0.jar -> ui-desktop-1.7.0 (androidx.compose.ui:ui-desktop:1.7.0) and ui-release.aar -> ui-release-runtime (androidx.compose.ui:ui-android:1.7.3)
Duplicate class androidx.compose.ui.input.pointer.PointerInputModifier found in modules ui-desktop-1.7.0.jar -> ui-desktop-1.7.0 (androidx.compose.ui:ui-desktop:1.7.0) and ui-release.aar -> ui-release-runtime (androidx.compose.ui:ui-android:1.7.3)
Duplicate class androidx.compose.ui.input.pointer.PointerInputModifier$DefaultImpls found in modules ui-desktop-1.7.0.jar -> ui-desktop-1.7.0 (androidx.compose.ui:ui-desktop:1.7.0) and ui-release.aar -> ui-release-runtime (androidx.compose.ui:ui-android:1.7.3)
Duplicate class androidx.compose.ui.input.pointer.PointerInputResetException found in modules ui-desktop-1.7.0.jar -> ui-desktop-1.7.0 (androidx.compose.ui:ui-desktop:1.7.0) and ui-release.aar -> ui-release-runtime (androidx.compose.ui:ui-android:1.7.3)
Duplicate class androidx.compose.ui.input.pointer.PointerInputScope found in modules ui-desktop-1.7.0.jar -> ui-desktop-1.7.0 (androidx.compose.ui:ui-desktop:1.7.0) and ui-release.aar -> ui-release-runtime (androidx.compose.ui:ui-android:1.7.3)
Duplicate class androidx.compose.ui.input.pointer.PointerInputScope$DefaultImpls found in modules ui-desktop-1.7.0.jar -> ui-desktop-1.7.0 (androidx.compose.ui:ui-desktop:1.7.0) and ui-release.aar -> ui-release-runtime (androidx.compose.ui:ui-android:1.7.3)
Duplicate class androidx.compose.ui.input.pointer.PointerInputTestUtilKt found in modules ui-desktop-1.7.0.jar -> ui-desktop-1.7.0 (androidx.compose.ui:ui-desktop:1.7.0) and ui-release.aar -> ui-release-runtime (androidx.compose.ui:ui-android:1.7.3)
Duplicate class androidx.compose.ui.input.pointer.PointerKeyboardModifiers found in modules ui-desktop-1.7.0.jar -> ui-desktop-1.7.0 (androidx.compose.ui:ui-desktop:1.7.0) and ui-release.aar -> ui-release-runtime (androidx.compose.ui:ui-android:1.7.3)
Duplicate class androidx.compose.ui.input.pointer.PointerType found in modules ui-desktop-1.7.0.jar -> ui-desktop-1.7.0 (androidx.compose.ui:ui-desktop:1.7.0) and ui-release.aar -> ui-release-runtime (androidx.compose.ui:ui-android:1.7.3)
Duplicate class androidx.compose.ui.input.pointer.PointerType$Companion found in modules ui-desktop-1.7.0.jar -> ui-desktop-1.7.0 (androidx.compose.ui:ui-desktop:1.7.0) and ui-release.aar -> ui-release-runtime (androidx.compose.ui:ui-android:1.7.3)
Duplicate class androidx.compose.ui.input.pointer.PositionCalculator found in modules ui-desktop-1.7.0.jar -> ui-desktop-1.7.0 (androidx.compose.ui:ui-desktop:1.7.0) and ui-release.aar -> ui-release-runtime (androidx.compose.ui:ui-android:1.7.3)
Duplicate class androidx.compose.ui.input.pointer.ProcessResult found in modules ui-desktop-1.7.0.jar -> ui-desktop-1.7.0 (androidx.compose.ui:ui-desktop:1.7.0) and ui-release.aar -> ui-release-runtime (androidx.compose.ui:ui-android:1.7.3)
Duplicate class androidx.compose.ui.input.pointer.SuspendPointerInputElement found in modules ui-desktop-1.7.0.jar -> ui-desktop-1.7.0 (androidx.compose.ui:ui-desktop:1.7.0) and ui-release.aar -> ui-release-runtime (androidx.compose.ui:ui-android:1.7.3)
Duplicate class androidx.compose.ui.input.pointer.SuspendingPointerInputFilterKt found in modules ui-desktop-1.7.0.jar -> ui-desktop-1.7.0 (androidx.compose.ui:ui-desktop:1.7.0) and ui-release.aar -> ui-release-runtime (androidx.compose.ui:ui-android:1.7.3)
Duplicate class androidx.compose.ui.input.pointer.SuspendingPointerInputModifierNode found in modules ui-desktop-1.7.0.jar -> ui-desktop-1.7.0 (androidx.compose.ui:ui-desktop:1.7.0) and ui-release.aar -> ui-release-runtime (androidx.compose.ui:ui-android:1.7.3)
Duplicate class androidx.compose.ui.input.pointer.SuspendingPointerInputModifierNodeImpl found in modules ui-desktop-1.7.0.jar -> ui-desktop-1.7.0 (androidx.compose.ui:ui-desktop:1.7.0) and ui-release.aar -> ui-release-runtime (androidx.compose.ui:ui-android:1.7.3)
Duplicate class androidx.compose.ui.input.pointer.SuspendingPointerInputModifierNodeImpl$PointerEventHandlerCoroutine found in modules ui-desktop-1.7.0.jar -> ui-desktop-1.7.0 (androidx.compose.ui:ui-desktop:1.7.0) and ui-release.aar -> ui-release-runtime (androidx.compose.ui:ui-android:1.7.3)
Duplicate class androidx.compose.ui.input.pointer.SuspendingPointerInputModifierNodeImpl$PointerEventHandlerCoroutine$withTimeout$1 found in modules ui-desktop-1.7.0.jar -> ui-desktop-1.7.0 (androidx.compose.ui:ui-desktop:1.7.0) and ui-release.aar -> ui-release-runtime (androidx.compose.ui:ui-android:1.7.3)
Duplicate class androidx.compose.ui.input.pointer.SuspendingPointerInputModifierNodeImpl$PointerEventHandlerCoroutine$withTimeout$job$1 found in modules ui-desktop-1.7.0.jar -> ui-desktop-1.7.0 (androidx.compose.ui:ui-desktop:1.7.0) and ui-release.aar -> ui-release-runtime (androidx.compose.ui:ui-android:1.7.3)
Duplicate class androidx.compose.ui.input.pointer.SuspendingPointerInputModifierNodeImpl$PointerEventHandlerCoroutine$withTimeoutOrNull$1 found in modules ui-desktop-1.7.0.jar -> ui-desktop-1.7.0 (androidx.compose.ui:ui-desktop:1.7.0) and ui-release.aar -> ui-release-runtime (androidx.compose.ui:ui-android:1.7.3)
Duplicate class androidx.compose.ui.input.pointer.SuspendingPointerInputModifierNodeImpl$WhenMappings found in modules ui-desktop-1.7.0.jar -> ui-desktop-1.7.0 (androidx.compose.ui:ui-desktop:1.7.0) and ui-release.aar -> ui-release-runtime (androidx.compose.ui:ui-android:1.7.3)
Duplicate class androidx.compose.ui.input.pointer.SuspendingPointerInputModifierNodeImpl$awaitPointerEventScope$2$2 found in modules ui-desktop-1.7.0.jar -> ui-desktop-1.7.0 (androidx.compose.ui:ui-desktop:1.7.0) and ui-release.aar -> ui-release-runtime (androidx.compose.ui:ui-android:1.7.3)
Duplicate class androidx.compose.ui.input.pointer.SuspendingPointerInputModifierNodeImpl$onPointerEvent$1 found in modules ui-desktop-1.7.0.jar -> ui-desktop-1.7.0 (androidx.compose.ui:ui-desktop:1.7.0) and ui-release.aar -> ui-release-runtime (androidx.compose.ui:ui-android:1.7.3)
Duplicate class androidx.compose.ui.input.pointer.util.DataPointAtTime found in modules ui-desktop-1.7.0.jar -> ui-desktop-1.7.0 (androidx.compose.ui:ui-desktop:1.7.0) and ui-release.aar -> ui-release-runtime (androidx.compose.ui:ui-android:1.7.3)
Duplicate class androidx.compose.ui.input.pointer.util.PointerIdArray found in modules ui-desktop-1.7.0.jar -> ui-desktop-1.7.0 (androidx.compose.ui:ui-desktop:1.7.0) and ui-release.aar -> ui-release-runtime (androidx.compose.ui:ui-android:1.7.3)
Duplicate class androidx.compose.ui.input.pointer.util.VelocityTracker found in modules ui-desktop-1.7.0.jar -> ui-desktop-1.7.0 (androidx.compose.ui:ui-desktop:1.7.0) and ui-release.aar -> ui-release-runtime (androidx.compose.ui:ui-android:1.7.3)
Duplicate class androidx.compose.ui.input.pointer.util.VelocityTracker1D found in modules ui-desktop-1.7.0.jar -> ui-desktop-1.7.0 (androidx.compose.ui:ui-desktop:1.7.0) and ui-release.aar -> ui-release-runtime (androidx.compose.ui:ui-android:1.7.3)
Duplicate class androidx.compose.ui.input.pointer.util.VelocityTracker1D$Strategy found in modules ui-desktop-1.7.0.jar -> ui-desktop-1.7.0 (androidx.compose.ui:ui-desktop:1.7.0) and ui-release.aar -> ui-release-runtime (androidx.compose.ui:ui-android:1.7.3)
Duplicate class androidx.compose.ui.input.pointer.util.VelocityTracker1D$WhenMappings found in modules ui-desktop-1.7.0.jar -> ui-desktop-1.7.0 (androidx.compose.ui:ui-desktop:1.7.0) and ui-release.aar -> ui-release-runtime (androidx.compose.ui:ui-android:1.7.3)
Duplicate class androidx.compose.ui.input.pointer.util.VelocityTrackerKt found in modules ui-desktop-1.7.0.jar -> ui-desktop-1.7.0 (androidx.compose.ui:ui-desktop:1.7.0) and ui-release.aar -> ui-release-runtime (androidx.compose.ui:ui-android:1.7.3)
Duplicate class androidx.compose.ui.input.rotary.RotaryInputElement found in modules ui-desktop-1.7.0.jar -> ui-desktop-1.7.0 (androidx.compose.ui:ui-desktop:1.7.0) and ui-release.aar -> ui-release-runtime (androidx.compose.ui:ui-android:1.7.3)
Duplicate class androidx.compose.ui.input.rotary.RotaryInputModifierKt found in modules ui-desktop-1.7.0.jar -> ui-desktop-1.7.0 (androidx.compose.ui:ui-desktop:1.7.0) and ui-release.aar -> ui-release-runtime (androidx.compose.ui:ui-android:1.7.3)
Duplicate class androidx.compose.ui.input.rotary.RotaryInputModifierNode found in modules ui-desktop-1.7.0.jar -> ui-desktop-1.7.0 (androidx.compose.ui:ui-desktop:1.7.0) and ui-release.aar -> ui-release-runtime (androidx.compose.ui:ui-android:1.7.3)
Duplicate class androidx.compose.ui.input.rotary.RotaryInputNode found in modules ui-desktop-1.7.0.jar -> ui-desktop-1.7.0 (androidx.compose.ui:ui-desktop:1.7.0) and ui-release.aar -> ui-release-runtime (androidx.compose.ui:ui-android:1.7.3)
Duplicate class androidx.compose.ui.input.rotary.RotaryScrollEvent found in modules ui-desktop-1.7.0.jar -> ui-desktop-1.7.0 (androidx.compose.ui:ui-desktop:1.7.0) and ui-release.aar -> ui-release-runtime (androidx.compose.ui:ui-android:1.7.3)
Duplicate class androidx.compose.ui.internal.InlineClassHelperKt found in modules ui-desktop-1.7.0.jar -> ui-desktop-1.7.0 (androidx.compose.ui:ui-desktop:1.7.0) and ui-release.aar -> ui-release-runtime (androidx.compose.ui:ui-android:1.7.3)
Duplicate class androidx.compose.ui.internal.JvmDefaultWithCompatibility_jvmKt found in modules ui-desktop-1.7.0.jar -> ui-desktop-1.7.0 (androidx.compose.ui:ui-desktop:1.7.0) and ui-release.aar -> ui-release-runtime (androidx.compose.ui:ui-android:1.7.3)
Duplicate class androidx.compose.ui.layout.AlignmentLine found in modules ui-desktop-1.7.0.jar -> ui-desktop-1.7.0 (androidx.compose.ui:ui-desktop:1.7.0) and ui-release.aar -> ui-release-runtime (androidx.compose.ui:ui-android:1.7.3)
Duplicate class androidx.compose.ui.layout.AlignmentLine$Companion found in modules ui-desktop-1.7.0.jar -> ui-desktop-1.7.0 (androidx.compose.ui:ui-desktop:1.7.0) and ui-release.aar -> ui-release-runtime (androidx.compose.ui:ui-android:1.7.3)
Duplicate class androidx.compose.ui.layout.AlignmentLineKt found in modules ui-desktop-1.7.0.jar -> ui-desktop-1.7.0 (androidx.compose.ui:ui-desktop:1.7.0) and ui-release.aar -> ui-release-runtime (androidx.compose.ui:ui-android:1.7.3)
Duplicate class androidx.compose.ui.layout.AlignmentLineKt$FirstBaseline$1 found in modules ui-desktop-1.7.0.jar -> ui-desktop-1.7.0 (androidx.compose.ui:ui-desktop:1.7.0) and ui-release.aar -> ui-release-runtime (androidx.compose.ui:ui-android:1.7.3)
Duplicate class androidx.compose.ui.layout.AlignmentLineKt$LastBaseline$1 found in modules ui-desktop-1.7.0.jar -> ui-desktop-1.7.0 (androidx.compose.ui:ui-desktop:1.7.0) and ui-release.aar -> ui-release-runtime (androidx.compose.ui:ui-android:1.7.3)
Duplicate class androidx.compose.ui.layout.ApproachIntrinsicMeasureScope found in modules ui-desktop-1.7.0.jar -> ui-desktop-1.7.0 (androidx.compose.ui:ui-desktop:1.7.0) and ui-release.aar -> ui-release-runtime (androidx.compose.ui:ui-android:1.7.3)
Duplicate class androidx.compose.ui.layout.ApproachIntrinsicsMeasureScope found in modules ui-desktop-1.7.0.jar -> ui-desktop-1.7.0 (androidx.compose.ui:ui-desktop:1.7.0) and ui-release.aar -> ui-release-runtime (androidx.compose.ui:ui-android:1.7.3)
Duplicate class androidx.compose.ui.layout.ApproachIntrinsicsMeasureScope$layout$1 found in modules ui-desktop-1.7.0.jar -> ui-desktop-1.7.0 (androidx.compose.ui:ui-desktop:1.7.0) and ui-release.aar -> ui-release-runtime (androidx.compose.ui:ui-android:1.7.3)
Duplicate class androidx.compose.ui.layout.ApproachLayoutElement found in modules ui-desktop-1.7.0.jar -> ui-desktop-1.7.0 (androidx.compose.ui:ui-desktop:1.7.0) and ui-release.aar -> ui-release-runtime (androidx.compose.ui:ui-android:1.7.3)
Duplicate class androidx.compose.ui.layout.ApproachLayoutModifierNode found in modules ui-desktop-1.7.0.jar -> ui-desktop-1.7.0 (androidx.compose.ui:ui-desktop:1.7.0) and ui-release.aar -> ui-release-runtime (androidx.compose.ui:ui-android:1.7.3)
Duplicate class androidx.compose.ui.layout.ApproachLayoutModifierNode$maxApproachIntrinsicHeight$1 found in modules ui-desktop-1.7.0.jar -> ui-desktop-1.7.0 (androidx.compose.ui:ui-desktop:1.7.0) and ui-release.aar -> ui-release-runtime (androidx.compose.ui:ui-android:1.7.3)
Duplicate class androidx.compose.ui.layout.ApproachLayoutModifierNode$maxApproachIntrinsicWidth$1 found in modules ui-desktop-1.7.0.jar -> ui-desktop-1.7.0 (androidx.compose.ui:ui-desktop:1.7.0) and ui-release.aar -> ui-release-runtime (androidx.compose.ui:ui-android:1.7.3)
Duplicate class androidx.compose.ui.layout.ApproachLayoutModifierNode$measure$1$1 found in modules ui-desktop-1.7.0.jar -> ui-desktop-1.7.0 (androidx.compose.ui:ui-desktop:1.7.0) and ui-release.aar -> ui-release-runtime (androidx.compose.ui:ui-android:1.7.3)
Duplicate class androidx.compose.ui.layout.ApproachLayoutModifierNode$minApproachIntrinsicHeight$1 found in modules ui-desktop-1.7.0.jar -> ui-desktop-1.7.0 (androidx.compose.ui:ui-desktop:1.7.0) and ui-release.aar -> ui-release-runtime (androidx.compose.ui:ui-android:1.7.3)
Duplicate class androidx.compose.ui.layout.ApproachLayoutModifierNode$minApproachIntrinsicWidth$1 found in modules ui-desktop-1.7.0.jar -> ui-desktop-1.7.0 (androidx.compose.ui:ui-desktop:1.7.0) and ui-release.aar -> ui-release-runtime (androidx.compose.ui:ui-android:1.7.3)
Duplicate class androidx.compose.ui.layout.ApproachLayoutModifierNodeImpl found in modules ui-desktop-1.7.0.jar -> ui-desktop-1.7.0 (androidx.compose.ui:ui-desktop:1.7.0) and ui-release.aar -> ui-release-runtime (androidx.compose.ui:ui-android:1.7.3)
Duplicate class androidx.compose.ui.layout.ApproachMeasureScope found in modules ui-desktop-1.7.0.jar -> ui-desktop-1.7.0 (androidx.compose.ui:ui-desktop:1.7.0) and ui-release.aar -> ui-release-runtime (androidx.compose.ui:ui-android:1.7.3)
Duplicate class androidx.compose.ui.layout.ApproachMeasureScopeImpl found in modules ui-desktop-1.7.0.jar -> ui-desktop-1.7.0 (androidx.compose.ui:ui-desktop:1.7.0) and ui-release.aar -> ui-release-runtime (androidx.compose.ui:ui-android:1.7.3)
Duplicate class androidx.compose.ui.layout.ApproachMeasureScopeImpl$layout$1 found in modules ui-desktop-1.7.0.jar -> ui-desktop-1.7.0 (androidx.compose.ui:ui-desktop:1.7.0) and ui-release.aar -> ui-release-runtime (androidx.compose.ui:ui-android:1.7.3)
Duplicate class androidx.compose.ui.layout.BeyondBoundsLayout found in modules ui-desktop-1.7.0.jar -> ui-desktop-1.7.0 (androidx.compose.ui:ui-desktop:1.7.0) and ui-release.aar -> ui-release-runtime (androidx.compose.ui:ui-android:1.7.3)
Duplicate class androidx.compose.ui.layout.BeyondBoundsLayout$BeyondBoundsScope found in modules ui-desktop-1.7.0.jar -> ui-desktop-1.7.0 (androidx.compose.ui:ui-desktop:1.7.0) and ui-release.aar -> ui-release-runtime (androidx.compose.ui:ui-android:1.7.3)
Duplicate class androidx.compose.ui.layout.BeyondBoundsLayout$LayoutDirection found in modules ui-desktop-1.7.0.jar -> ui-desktop-1.7.0 (androidx.compose.ui:ui-desktop:1.7.0) and ui-release.aar -> ui-release-runtime (androidx.compose.ui:ui-android:1.7.3)
Duplicate class androidx.compose.ui.layout.BeyondBoundsLayout$LayoutDirection$Companion found in modules ui-desktop-1.7.0.jar -> ui-desktop-1.7.0 (androidx.compose.ui:ui-desktop:1.7.0) and ui-release.aar -> ui-release-runtime (androidx.compose.ui:ui-android:1.7.3)
Duplicate class androidx.compose.ui.layout.BeyondBoundsLayoutKt found in modules ui-desktop-1.7.0.jar -> ui-desktop-1.7.0 (androidx.compose.ui:ui-desktop:1.7.0) and ui-release.aar -> ui-release-runtime (androidx.compose.ui:ui-android:1.7.3)
Duplicate class androidx.compose.ui.layout.BeyondBoundsLayoutKt$ModifierLocalBeyondBoundsLayout$1 found in modules ui-desktop-1.7.0.jar -> ui-desktop-1.7.0 (androidx.compose.ui:ui-desktop:1.7.0) and ui-release.aar -> ui-release-runtime (androidx.compose.ui:ui-android:1.7.3)
Duplicate class androidx.compose.ui.layout.ComposableSingletons$SubcomposeLayoutKt found in modules ui-desktop-1.7.0.jar -> ui-desktop-1.7.0 (androidx.compose.ui:ui-desktop:1.7.0) and ui-release.aar -> ui-release-runtime (androidx.compose.ui:ui-android:1.7.3)
Duplicate class androidx.compose.ui.layout.ComposableSingletons$SubcomposeLayoutKt$lambda-1$1 found in modules ui-desktop-1.7.0.jar -> ui-desktop-1.7.0 (androidx.compose.ui:ui-desktop:1.7.0) and ui-release.aar -> ui-release-runtime (androidx.compose.ui:ui-android:1.7.3)
Duplicate class androidx.compose.ui.layout.ContentScale found in modules ui-desktop-1.7.0.jar -> ui-desktop-1.7.0 (androidx.compose.ui:ui-desktop:1.7.0) and ui-release.aar -> ui-release-runtime (androidx.compose.ui:ui-android:1.7.3)
Duplicate class androidx.compose.ui.layout.ContentScale$Companion found in modules ui-desktop-1.7.0.jar -> ui-desktop-1.7.0 (androidx.compose.ui:ui-desktop:1.7.0) and ui-release.aar -> ui-release-runtime (androidx.compose.ui:ui-android:1.7.3)
Duplicate class androidx.compose.ui.layout.ContentScale$Companion$Crop$1 found in modules ui-desktop-1.7.0.jar -> ui-desktop-1.7.0 (androidx.compose.ui:ui-desktop:1.7.0) and ui-release.aar -> ui-release-runtime (androidx.compose.ui:ui-android:1.7.3)
Duplicate class androidx.compose.ui.layout.ContentScale$Companion$FillBounds$1 found in modules ui-desktop-1.7.0.jar -> ui-desktop-1.7.0 (androidx.compose.ui:ui-desktop:1.7.0) and ui-release.aar -> ui-release-runtime (androidx.compose.ui:ui-android:1.7.3)
Duplicate class androidx.compose.ui.layout.ContentScale$Companion$FillHeight$1 found in modules ui-desktop-1.7.0.jar -> ui-desktop-1.7.0 (androidx.compose.ui:ui-desktop:1.7.0) and ui-release.aar -> ui-release-runtime (androidx.compose.ui:ui-android:1.7.3)
Duplicate class androidx.compose.ui.layout.ContentScale$Companion$FillWidth$1 found in modules ui-desktop-1.7.0.jar -> ui-desktop-1.7.0 (androidx.compose.ui:ui-desktop:1.7.0) and ui-release.aar -> ui-release-runtime (androidx.compose.ui:ui-android:1.7.3)
Duplicate class androidx.compose.ui.layout.ContentScale$Companion$Fit$1 found in modules ui-desktop-1.7.0.jar -> ui-desktop-1.7.0 (androidx.compose.ui:ui-desktop:1.7.0) and ui-release.aar -> ui-release-runtime (androidx.compose.ui:ui-android:1.7.3)
Duplicate class androidx.compose.ui.layout.ContentScale$Companion$Inside$1 found in modules ui-desktop-1.7.0.jar -> ui-desktop-1.7.0 (androidx.compose.ui:ui-desktop:1.7.0) and ui-release.aar -> ui-release-runtime (androidx.compose.ui:ui-android:1.7.3)
Duplicate class androidx.compose.ui.layout.ContentScaleKt found in modules ui-desktop-1.7.0.jar -> ui-desktop-1.7.0 (androidx.compose.ui:ui-desktop:1.7.0) and ui-release.aar -> ui-release-runtime (androidx.compose.ui:ui-android:1.7.3)
Duplicate class androidx.compose.ui.layout.DefaultIntrinsicMeasurable found in modules ui-desktop-1.7.0.jar -> ui-desktop-1.7.0 (androidx.compose.ui:ui-desktop:1.7.0) and ui-release.aar -> ui-release-runtime (androidx.compose.ui:ui-android:1.7.3)
Duplicate class androidx.compose.ui.layout.FixedCountSubcomposeSlotReusePolicy found in modules ui-desktop-1.7.0.jar -> ui-desktop-1.7.0 (androidx.compose.ui:ui-desktop:1.7.0) and ui-release.aar -> ui-release-runtime (androidx.compose.ui:ui-android:1.7.3)
Duplicate class androidx.compose.ui.layout.FixedScale found in modules ui-desktop-1.7.0.jar -> ui-desktop-1.7.0 (androidx.compose.ui:ui-desktop:1.7.0) and ui-release.aar -> ui-release-runtime (androidx.compose.ui:ui-android:1.7.3)
Duplicate class androidx.compose.ui.layout.FixedSizeIntrinsicsPlaceable found in modules ui-desktop-1.7.0.jar -> ui-desktop-1.7.0 (androidx.compose.ui:ui-desktop:1.7.0) and ui-release.aar -> ui-release-runtime (androidx.compose.ui:ui-android:1.7.3)
Duplicate class androidx.compose.ui.layout.HorizontalAlignmentLine found in modules ui-desktop-1.7.0.jar -> ui-desktop-1.7.0 (androidx.compose.ui:ui-desktop:1.7.0) and ui-release.aar -> ui-release-runtime (androidx.compose.ui:ui-android:1.7.3)
Duplicate class androidx.compose.ui.layout.HorizontalRuler found in modules ui-desktop-1.7.0.jar -> ui-desktop-1.7.0 (androidx.compose.ui:ui-desktop:1.7.0) and ui-release.aar -> ui-release-runtime (androidx.compose.ui:ui-android:1.7.3)
Duplicate class androidx.compose.ui.layout.IntrinsicMeasurable found in modules ui-desktop-1.7.0.jar -> ui-desktop-1.7.0 (androidx.compose.ui:ui-desktop:1.7.0) and ui-release.aar -> ui-release-runtime (androidx.compose.ui:ui-android:1.7.3)
Duplicate class androidx.compose.ui.layout.IntrinsicMeasureScope found in modules ui-desktop-1.7.0.jar -> ui-desktop-1.7.0 (androidx.compose.ui:ui-desktop:1.7.0) and ui-release.aar -> ui-release-runtime (androidx.compose.ui:ui-android:1.7.3)
Duplicate class androidx.compose.ui.layout.IntrinsicMinMax found in modules ui-desktop-1.7.0.jar -> ui-desktop-1.7.0 (androidx.compose.ui:ui-desktop:1.7.0) and ui-release.aar -> ui-release-runtime (androidx.compose.ui:ui-android:1.7.3)
Duplicate class androidx.compose.ui.layout.IntrinsicWidthHeight found in modules ui-desktop-1.7.0.jar -> ui-desktop-1.7.0 (androidx.compose.ui:ui-desktop:1.7.0) and ui-release.aar -> ui-release-runtime (androidx.compose.ui:ui-android:1.7.3)
Duplicate class androidx.compose.ui.layout.IntrinsicsMeasureScope found in modules ui-desktop-1.7.0.jar -> ui-desktop-1.7.0 (androidx.compose.ui:ui-desktop:1.7.0) and ui-release.aar -> ui-release-runtime (androidx.compose.ui:ui-android:1.7.3)
Duplicate class androidx.compose.ui.layout.IntrinsicsMeasureScope$layout$1 found in modules ui-desktop-1.7.0.jar -> ui-desktop-1.7.0 (androidx.compose.ui:ui-desktop:1.7.0) and ui-release.aar -> ui-release-runtime (androidx.compose.ui:ui-android:1.7.3)
Duplicate class androidx.compose.ui.layout.LayoutCoordinates found in modules ui-desktop-1.7.0.jar -> ui-desktop-1.7.0 (androidx.compose.ui:ui-desktop:1.7.0) and ui-release.aar -> ui-release-runtime (androidx.compose.ui:ui-android:1.7.3)
Duplicate class androidx.compose.ui.layout.LayoutCoordinates$DefaultImpls found in modules ui-desktop-1.7.0.jar -> ui-desktop-1.7.0 (androidx.compose.ui:ui-desktop:1.7.0) and ui-release.aar -> ui-release-runtime (androidx.compose.ui:ui-android:1.7.3)
Duplicate class androidx.compose.ui.layout.LayoutCoordinatesKt found in modules ui-desktop-1.7.0.jar -> ui-desktop-1.7.0 (androidx.compose.ui:ui-desktop:1.7.0) and ui-release.aar -> ui-release-runtime (androidx.compose.ui:ui-android:1.7.3)
Duplicate class androidx.compose.ui.layout.LayoutElement found in modules ui-desktop-1.7.0.jar -> ui-desktop-1.7.0 (androidx.compose.ui:ui-desktop:1.7.0) and ui-release.aar -> ui-release-runtime (androidx.compose.ui:ui-android:1.7.3)
Duplicate class androidx.compose.ui.layout.LayoutIdElement found in modules ui-desktop-1.7.0.jar -> ui-desktop-1.7.0 (androidx.compose.ui:ui-desktop:1.7.0) and ui-release.aar -> ui-release-runtime (androidx.compose.ui:ui-android:1.7.3)
Duplicate class androidx.compose.ui.layout.LayoutIdKt found in modules ui-desktop-1.7.0.jar -> ui-desktop-1.7.0 (androidx.compose.ui:ui-desktop:1.7.0) and ui-release.aar -> ui-release-runtime (androidx.compose.ui:ui-android:1.7.3)
Duplicate class androidx.compose.ui.layout.LayoutIdModifier found in modules ui-desktop-1.7.0.jar -> ui-desktop-1.7.0 (androidx.compose.ui:ui-desktop:1.7.0) and ui-release.aar -> ui-release-runtime (androidx.compose.ui:ui-android:1.7.3)
Duplicate class androidx.compose.ui.layout.LayoutIdParentData found in modules ui-desktop-1.7.0.jar -> ui-desktop-1.7.0 (androidx.compose.ui:ui-desktop:1.7.0) and ui-release.aar -> ui-release-runtime (androidx.compose.ui:ui-android:1.7.3)
Duplicate class androidx.compose.ui.layout.LayoutInfo found in modules ui-desktop-1.7.0.jar -> ui-desktop-1.7.0 (androidx.compose.ui:ui-desktop:1.7.0) and ui-release.aar -> ui-release-runtime (androidx.compose.ui:ui-android:1.7.3)
Duplicate class androidx.compose.ui.layout.LayoutKt found in modules ui-desktop-1.7.0.jar -> ui-desktop-1.7.0 (androidx.compose.ui:ui-desktop:1.7.0) and ui-release.aar -> ui-release-runtime (androidx.compose.ui:ui-android:1.7.3)
Duplicate class androidx.compose.ui.layout.LayoutKt$MultiMeasureLayout$1$1 found in modules ui-desktop-1.7.0.jar -> ui-desktop-1.7.0 (androidx.compose.ui:ui-desktop:1.7.0) and ui-release.aar -> ui-release-runtime (androidx.compose.ui:ui-android:1.7.3)
Duplicate class androidx.compose.ui.layout.LayoutKt$MultiMeasureLayout$2 found in modules ui-desktop-1.7.0.jar -> ui-desktop-1.7.0 (androidx.compose.ui:ui-desktop:1.7.0) and ui-release.aar -> ui-release-runtime (androidx.compose.ui:ui-android:1.7.3)
Duplicate class androidx.compose.ui.layout.LayoutKt$combineAsVirtualLayouts$1 found in modules ui-desktop-1.7.0.jar -> ui-desktop-1.7.0 (androidx.compose.ui:ui-desktop:1.7.0) and ui-release.aar -> ui-release-runtime (androidx.compose.ui:ui-android:1.7.3)
Duplicate class androidx.compose.ui.layout.LayoutKt$materializerOf$1 found in modules ui-desktop-1.7.0.jar -> ui-desktop-1.7.0 (androidx.compose.ui:ui-desktop:1.7.0) and ui-release.aar -> ui-release-runtime (androidx.compose.ui:ui-android:1.7.3)
Duplicate class androidx.compose.ui.layout.LayoutKt$materializerOfWithCompositionLocalInjection$1 found in modules ui-desktop-1.7.0.jar -> ui-desktop-1.7.0 (androidx.compose.ui:ui-desktop:1.7.0) and ui-release.aar -> ui-release-runtime (androidx.compose.ui:ui-android:1.7.3)
Duplicate class androidx.compose.ui.layout.LayoutModifier found in modules ui-desktop-1.7.0.jar -> ui-desktop-1.7.0 (androidx.compose.ui:ui-desktop:1.7.0) and ui-release.aar -> ui-release-runtime (androidx.compose.ui:ui-android:1.7.3)
Duplicate class androidx.compose.ui.layout.LayoutModifier$DefaultImpls found in modules ui-desktop-1.7.0.jar -> ui-desktop-1.7.0 (androidx.compose.ui:ui-desktop:1.7.0) and ui-release.aar -> ui-release-runtime (androidx.compose.ui:ui-android:1.7.3)
Duplicate class androidx.compose.ui.layout.LayoutModifierImpl found in modules ui-desktop-1.7.0.jar -> ui-desktop-1.7.0 (androidx.compose.ui:ui-desktop:1.7.0) and ui-release.aar -> ui-release-runtime (androidx.compose.ui:ui-android:1.7.3)
Duplicate class androidx.compose.ui.layout.LayoutModifierKt found in modules ui-desktop-1.7.0.jar -> ui-desktop-1.7.0 (androidx.compose.ui:ui-desktop:1.7.0) and ui-release.aar -> ui-release-runtime (androidx.compose.ui:ui-android:1.7.3)
Duplicate class androidx.compose.ui.layout.LayoutNodeSubcompositionsState found in modules ui-desktop-1.7.0.jar -> ui-desktop-1.7.0 (androidx.compose.ui:ui-desktop:1.7.0) and ui-release.aar -> ui-release-runtime (androidx.compose.ui:ui-android:1.7.3)
Duplicate class androidx.compose.ui.layout.LayoutNodeSubcompositionsState$NodeState found in modules ui-desktop-1.7.0.jar -> ui-desktop-1.7.0 (androidx.compose.ui:ui-desktop:1.7.0) and ui-release.aar -> ui-release-runtime (androidx.compose.ui:ui-android:1.7.3)
Duplicate class androidx.compose.ui.layout.LayoutNodeSubcompositionsState$PostLookaheadMeasureScopeImpl found in modules ui-desktop-1.7.0.jar -> ui-desktop-1.7.0 (androidx.compose.ui:ui-desktop:1.7.0) and ui-release.aar -> ui-release-runtime (androidx.compose.ui:ui-android:1.7.3)
Duplicate class androidx.compose.ui.layout.LayoutNodeSubcompositionsState$Scope found in modules ui-desktop-1.7.0.jar -> ui-desktop-1.7.0 (androidx.compose.ui:ui-desktop:1.7.0) and ui-release.aar -> ui-release-runtime (androidx.compose.ui:ui-android:1.7.3)
Duplicate class androidx.compose.ui.layout.LayoutNodeSubcompositionsState$Scope$layout$1 found in modules ui-desktop-1.7.0.jar -> ui-desktop-1.7.0 (androidx.compose.ui:ui-desktop:1.7.0) and ui-release.aar -> ui-release-runtime (androidx.compose.ui:ui-android:1.7.3)
Duplicate class androidx.compose.ui.layout.LayoutNodeSubcompositionsState$createMeasurePolicy$1 found in modules ui-desktop-1.7.0.jar -> ui-desktop-1.7.0 (androidx.compose.ui:ui-desktop:1.7.0) and ui-release.aar -> ui-release-runtime (androidx.compose.ui:ui-android:1.7.3)
Duplicate class androidx.compose.ui.layout.LayoutNodeSubcompositionsState$createMeasurePolicy$1$measure-3p2s80s$$inlined$createMeasureResult$1 found in modules ui-desktop-1.7.0.jar -> ui-desktop-1.7.0 (androidx.compose.ui:ui-desktop:1.7.0) and ui-release.aar -> ui-release-runtime (androidx.compose.ui:ui-android:1.7.3)
Duplicate class androidx.compose.ui.layout.LayoutNodeSubcompositionsState$createMeasurePolicy$1$measure-3p2s80s$$inlined$createMeasureResult$2 found in modules ui-desktop-1.7.0.jar -> ui-desktop-1.7.0 (androidx.compose.ui:ui-desktop:1.7.0) and ui-release.aar -> ui-release-runtime (androidx.compose.ui:ui-android:1.7.3)
Duplicate class androidx.compose.ui.layout.LayoutNodeSubcompositionsState$createMeasureResult$1 found in modules ui-desktop-1.7.0.jar -> ui-desktop-1.7.0 (androidx.compose.ui:ui-desktop:1.7.0) and ui-release.aar -> ui-release-runtime (androidx.compose.ui:ui-android:1.7.3)
Duplicate class androidx.compose.ui.layout.LayoutNodeSubcompositionsState$disposeUnusedSlotsInPostLookahead$1 found in modules ui-desktop-1.7.0.jar -> ui-desktop-1.7.0 (androidx.compose.ui:ui-desktop:1.7.0) and ui-release.aar -> ui-release-runtime (androidx.compose.ui:ui-android:1.7.3)
Duplicate class androidx.compose.ui.layout.LayoutNodeSubcompositionsState$precompose$1 found in modules ui-desktop-1.7.0.jar -> ui-desktop-1.7.0 (androidx.compose.ui:ui-desktop:1.7.0) and ui-release.aar -> ui-release-runtime (androidx.compose.ui:ui-android:1.7.3)
Duplicate class androidx.compose.ui.layout.LayoutNodeSubcompositionsState$precompose$2 found in modules ui-desktop-1.7.0.jar -> ui-desktop-1.7.0 (androidx.compose.ui:ui-desktop:1.7.0) and ui-release.aar -> ui-release-runtime (androidx.compose.ui:ui-android:1.7.3)
Duplicate class androidx.compose.ui.layout.LayoutNodeSubcompositionsState$subcompose$3$1$1 found in modules ui-desktop-1.7.0.jar -> ui-desktop-1.7.0 (androidx.compose.ui:ui-desktop:1.7.0) and ui-release.aar -> ui-release-runtime (androidx.compose.ui:ui-android:1.7.3)
Duplicate class androidx.compose.ui.layout.LookaheadCapablePlacementScope found in modules ui-desktop-1.7.0.jar -> ui-desktop-1.7.0 (androidx.compose.ui:ui-desktop:1.7.0) and ui-release.aar -> ui-release-runtime (androidx.compose.ui:ui-android:1.7.3)
Duplicate class androidx.compose.ui.layout.LookaheadLayoutCoordinates found in modules ui-desktop-1.7.0.jar -> ui-desktop-1.7.0 (androidx.compose.ui:ui-desktop:1.7.0) and ui-release.aar -> ui-release-runtime (androidx.compose.ui:ui-android:1.7.3)
Duplicate class androidx.compose.ui.layout.LookaheadLayoutCoordinatesKt found in modules ui-desktop-1.7.0.jar -> ui-desktop-1.7.0 (androidx.compose.ui:ui-desktop:1.7.0) and ui-release.aar -> ui-release-runtime (androidx.compose.ui:ui-android:1.7.3)
Duplicate class androidx.compose.ui.layout.LookaheadScope found in modules ui-desktop-1.7.0.jar -> ui-desktop-1.7.0 (androidx.compose.ui:ui-desktop:1.7.0) and ui-release.aar -> ui-release-runtime (androidx.compose.ui:ui-android:1.7.3)
Duplicate class androidx.compose.ui.layout.LookaheadScopeImpl found in modules ui-desktop-1.7.0.jar -> ui-desktop-1.7.0 (androidx.compose.ui:ui-desktop:1.7.0) and ui-release.aar -> ui-release-runtime (androidx.compose.ui:ui-android:1.7.3)
Duplicate class androidx.compose.ui.layout.LookaheadScopeKt found in modules ui-desktop-1.7.0.jar -> ui-desktop-1.7.0 (androidx.compose.ui:ui-desktop:1.7.0) and ui-release.aar -> ui-release-runtime (androidx.compose.ui:ui-android:1.7.3)
Duplicate class androidx.compose.ui.layout.LookaheadScopeKt$LookaheadScope$1 found in modules ui-desktop-1.7.0.jar -> ui-desktop-1.7.0 (androidx.compose.ui:ui-desktop:1.7.0) and ui-release.aar -> ui-release-runtime (androidx.compose.ui:ui-android:1.7.3)
Duplicate class androidx.compose.ui.layout.LookaheadScopeKt$LookaheadScope$2$1 found in modules ui-desktop-1.7.0.jar -> ui-desktop-1.7.0 (androidx.compose.ui:ui-desktop:1.7.0) and ui-release.aar -> ui-release-runtime (androidx.compose.ui:ui-android:1.7.3)
Duplicate class androidx.compose.ui.layout.LookaheadScopeKt$LookaheadScope$2$2 found in modules ui-desktop-1.7.0.jar -> ui-desktop-1.7.0 (androidx.compose.ui:ui-desktop:1.7.0) and ui-release.aar -> ui-release-runtime (androidx.compose.ui:ui-android:1.7.3)
Duplicate class androidx.compose.ui.layout.LookaheadScopeKt$LookaheadScope$2$2$1 found in modules ui-desktop-1.7.0.jar -> ui-desktop-1.7.0 (androidx.compose.ui:ui-desktop:1.7.0) and ui-release.aar -> ui-release-runtime (androidx.compose.ui:ui-android:1.7.3)
Duplicate class androidx.compose.ui.layout.LookaheadScopeKt$LookaheadScope$4 found in modules ui-desktop-1.7.0.jar -> ui-desktop-1.7.0 (androidx.compose.ui:ui-desktop:1.7.0) and ui-release.aar -> ui-release-runtime (androidx.compose.ui:ui-android:1.7.3)
Duplicate class androidx.compose.ui.layout.LookaheadScopeKt$defaultPlacementApproachInProgress$1 found in modules ui-desktop-1.7.0.jar -> ui-desktop-1.7.0 (androidx.compose.ui:ui-desktop:1.7.0) and ui-release.aar -> ui-release-runtime (androidx.compose.ui:ui-android:1.7.3)
Duplicate class androidx.compose.ui.layout.Measurable found in modules ui-desktop-1.7.0.jar -> ui-desktop-1.7.0 (androidx.compose.ui:ui-desktop:1.7.0) and ui-release.aar -> ui-release-runtime (androidx.compose.ui:ui-android:1.7.3)
Duplicate class androidx.compose.ui.layout.MeasurePolicy found in modules ui-desktop-1.7.0.jar -> ui-desktop-1.7.0 (androidx.compose.ui:ui-desktop:1.7.0) and ui-release.aar -> ui-release-runtime (androidx.compose.ui:ui-android:1.7.3)
Duplicate class androidx.compose.ui.layout.MeasurePolicy$DefaultImpls found in modules ui-desktop-1.7.0.jar -> ui-desktop-1.7.0 (androidx.compose.ui:ui-desktop:1.7.0) and ui-release.aar -> ui-release-runtime (androidx.compose.ui:ui-android:1.7.3)
Duplicate class androidx.compose.ui.layout.MeasureResult found in modules ui-desktop-1.7.0.jar -> ui-desktop-1.7.0 (androidx.compose.ui:ui-desktop:1.7.0) and ui-release.aar -> ui-release-runtime (androidx.compose.ui:ui-android:1.7.3)
Duplicate class androidx.compose.ui.layout.MeasureScope found in modules ui-desktop-1.7.0.jar -> ui-desktop-1.7.0 (androidx.compose.ui:ui-desktop:1.7.0) and ui-release.aar -> ui-release-runtime (androidx.compose.ui:ui-android:1.7.3)
Duplicate class androidx.compose.ui.layout.MeasureScope$DefaultImpls found in modules ui-desktop-1.7.0.jar -> ui-desktop-1.7.0 (androidx.compose.ui:ui-desktop:1.7.0) and ui-release.aar -> ui-release-runtime (androidx.compose.ui:ui-android:1.7.3)
Duplicate class androidx.compose.ui.layout.MeasureScope$layout$1 found in modules ui-desktop-1.7.0.jar -> ui-desktop-1.7.0 (androidx.compose.ui:ui-desktop:1.7.0) and ui-release.aar -> ui-release-runtime (androidx.compose.ui:ui-android:1.7.3)
Duplicate class androidx.compose.ui.layout.MeasureScopeMarker found in modules ui-desktop-1.7.0.jar -> ui-desktop-1.7.0 (androidx.compose.ui:ui-desktop:1.7.0) and ui-release.aar -> ui-release-runtime (androidx.compose.ui:ui-android:1.7.3)
Duplicate class androidx.compose.ui.layout.Measured found in modules ui-desktop-1.7.0.jar -> ui-desktop-1.7.0 (androidx.compose.ui:ui-desktop:1.7.0) and ui-release.aar -> ui-release-runtime (androidx.compose.ui:ui-android:1.7.3)
Duplicate class androidx.compose.ui.layout.MeasuringIntrinsics found in modules ui-desktop-1.7.0.jar -> ui-desktop-1.7.0 (androidx.compose.ui:ui-desktop:1.7.0) and ui-release.aar -> ui-release-runtime (androidx.compose.ui:ui-android:1.7.3)
Duplicate class androidx.compose.ui.layout.MeasuringIntrinsics$DefaultIntrinsicMeasurable found in modules ui-desktop-1.7.0.jar -> ui-desktop-1.7.0 (androidx.compose.ui:ui-desktop:1.7.0) and ui-release.aar -> ui-release-runtime (androidx.compose.ui:ui-android:1.7.3)
Duplicate class androidx.compose.ui.layout.MeasuringIntrinsics$EmptyPlaceable found in modules ui-desktop-1.7.0.jar -> ui-desktop-1.7.0 (androidx.compose.ui:ui-desktop:1.7.0) and ui-release.aar -> ui-release-runtime (androidx.compose.ui:ui-android:1.7.3)
Duplicate class androidx.compose.ui.layout.MeasuringIntrinsics$IntrinsicMinMax found in modules ui-desktop-1.7.0.jar -> ui-desktop-1.7.0 (androidx.compose.ui:ui-desktop:1.7.0) and ui-release.aar -> ui-release-runtime (androidx.compose.ui:ui-android:1.7.3)
Duplicate class androidx.compose.ui.layout.MeasuringIntrinsics$IntrinsicWidthHeight found in modules ui-desktop-1.7.0.jar -> ui-desktop-1.7.0 (androidx.compose.ui:ui-desktop:1.7.0) and ui-release.aar -> ui-release-runtime (androidx.compose.ui:ui-android:1.7.3)
Duplicate class androidx.compose.ui.layout.ModifierInfo found in modules ui-desktop-1.7.0.jar -> ui-desktop-1.7.0 (androidx.compose.ui:ui-desktop:1.7.0) and ui-release.aar -> ui-release-runtime (androidx.compose.ui:ui-android:1.7.3)
Duplicate class androidx.compose.ui.layout.MultiContentMeasurePolicy found in modules ui-desktop-1.7.0.jar -> ui-desktop-1.7.0 (androidx.compose.ui:ui-desktop:1.7.0) and ui-release.aar -> ui-release-runtime (androidx.compose.ui:ui-android:1.7.3)
Duplicate class androidx.compose.ui.layout.MultiContentMeasurePolicyImpl found in modules ui-desktop-1.7.0.jar -> ui-desktop-1.7.0 (androidx.compose.ui:ui-desktop:1.7.0) and ui-release.aar -> ui-release-runtime (androidx.compose.ui:ui-android:1.7.3)
Duplicate class androidx.compose.ui.layout.MultiContentMeasurePolicyKt found in modules ui-desktop-1.7.0.jar -> ui-desktop-1.7.0 (androidx.compose.ui:ui-desktop:1.7.0) and ui-release.aar -> ui-release-runtime (androidx.compose.ui:ui-android:1.7.3)
Duplicate class androidx.compose.ui.layout.NoOpSubcomposeSlotReusePolicy found in modules ui-desktop-1.7.0.jar -> ui-desktop-1.7.0 (androidx.compose.ui:ui-desktop:1.7.0) and ui-release.aar -> ui-release-runtime (androidx.compose.ui:ui-android:1.7.3)
Duplicate class androidx.compose.ui.layout.OnGloballyPositionedElement found in modules ui-desktop-1.7.0.jar -> ui-desktop-1.7.0 (androidx.compose.ui:ui-desktop:1.7.0) and ui-release.aar -> ui-release-runtime (androidx.compose.ui:ui-android:1.7.3)
Duplicate class androidx.compose.ui.layout.OnGloballyPositionedModifier found in modules ui-desktop-1.7.0.jar -> ui-desktop-1.7.0 (androidx.compose.ui:ui-desktop:1.7.0) and ui-release.aar -> ui-release-runtime (androidx.compose.ui:ui-android:1.7.3)
Duplicate class androidx.compose.ui.layout.OnGloballyPositionedModifier$DefaultImpls found in modules ui-desktop-1.7.0.jar -> ui-desktop-1.7.0 (androidx.compose.ui:ui-desktop:1.7.0) and ui-release.aar -> ui-release-runtime (androidx.compose.ui:ui-android:1.7.3)
Duplicate class androidx.compose.ui.layout.OnGloballyPositionedModifierKt found in modules ui-desktop-1.7.0.jar -> ui-desktop-1.7.0 (androidx.compose.ui:ui-desktop:1.7.0) and ui-release.aar -> ui-release-runtime (androidx.compose.ui:ui-android:1.7.3)
Duplicate class androidx.compose.ui.layout.OnGloballyPositionedNode found in modules ui-desktop-1.7.0.jar -> ui-desktop-1.7.0 (androidx.compose.ui:ui-desktop:1.7.0) and ui-release.aar -> ui-release-runtime (androidx.compose.ui:ui-android:1.7.3)
Duplicate class androidx.compose.ui.layout.OnPlacedElement found in modules ui-desktop-1.7.0.jar -> ui-desktop-1.7.0 (androidx.compose.ui:ui-desktop:1.7.0) and ui-release.aar -> ui-release-runtime (androidx.compose.ui:ui-android:1.7.3)
Duplicate class androidx.compose.ui.layout.OnPlacedModifier found in modules ui-desktop-1.7.0.jar -> ui-desktop-1.7.0 (androidx.compose.ui:ui-desktop:1.7.0) and ui-release.aar -> ui-release-runtime (androidx.compose.ui:ui-android:1.7.3)
Duplicate class androidx.compose.ui.layout.OnPlacedModifier$DefaultImpls found in modules ui-desktop-1.7.0.jar -> ui-desktop-1.7.0 (androidx.compose.ui:ui-desktop:1.7.0) and ui-release.aar -> ui-release-runtime (androidx.compose.ui:ui-android:1.7.3)
Duplicate class androidx.compose.ui.layout.OnPlacedModifierKt found in modules ui-desktop-1.7.0.jar -> ui-desktop-1.7.0 (androidx.compose.ui:ui-desktop:1.7.0) and ui-release.aar -> ui-release-runtime (androidx.compose.ui:ui-android:1.7.3)
Duplicate class androidx.compose.ui.layout.OnPlacedNode found in modules ui-desktop-1.7.0.jar -> ui-desktop-1.7.0 (androidx.compose.ui:ui-desktop:1.7.0) and ui-release.aar -> ui-release-runtime (androidx.compose.ui:ui-android:1.7.3)
Duplicate class androidx.compose.ui.layout.OnRemeasuredModifier found in modules ui-desktop-1.7.0.jar -> ui-desktop-1.7.0 (androidx.compose.ui:ui-desktop:1.7.0) and ui-release.aar -> ui-release-runtime (androidx.compose.ui:ui-android:1.7.3)
Duplicate class androidx.compose.ui.layout.OnRemeasuredModifier$DefaultImpls found in modules ui-desktop-1.7.0.jar -> ui-desktop-1.7.0 (androidx.compose.ui:ui-desktop:1.7.0) and ui-release.aar -> ui-release-runtime (androidx.compose.ui:ui-android:1.7.3)
Duplicate class androidx.compose.ui.layout.OnRemeasuredModifierKt found in modules ui-desktop-1.7.0.jar -> ui-desktop-1.7.0 (androidx.compose.ui:ui-desktop:1.7.0) and ui-release.aar -> ui-release-runtime (androidx.compose.ui:ui-android:1.7.3)
Duplicate class androidx.compose.ui.layout.OnSizeChangedModifier found in modules ui-desktop-1.7.0.jar -> ui-desktop-1.7.0 (androidx.compose.ui:ui-desktop:1.7.0) and ui-release.aar -> ui-release-runtime (androidx.compose.ui:ui-android:1.7.3)
Duplicate class androidx.compose.ui.layout.OnSizeChangedNode found in modules ui-desktop-1.7.0.jar -> ui-desktop-1.7.0 (androidx.compose.ui:ui-desktop:1.7.0) and ui-release.aar -> ui-release-runtime (androidx.compose.ui:ui-android:1.7.3)
Duplicate class androidx.compose.ui.layout.OuterPlacementScope found in modules ui-desktop-1.7.0.jar -> ui-desktop-1.7.0 (androidx.compose.ui:ui-desktop:1.7.0) and ui-release.aar -> ui-release-runtime (androidx.compose.ui:ui-android:1.7.3)
Duplicate class androidx.compose.ui.layout.ParentDataModifier found in modules ui-desktop-1.7.0.jar -> ui-desktop-1.7.0 (androidx.compose.ui:ui-desktop:1.7.0) and ui-release.aar -> ui-release-runtime (androidx.compose.ui:ui-android:1.7.3)
Duplicate class androidx.compose.ui.layout.ParentDataModifier$DefaultImpls found in modules ui-desktop-1.7.0.jar -> ui-desktop-1.7.0 (androidx.compose.ui:ui-desktop:1.7.0) and ui-release.aar -> ui-release-runtime (androidx.compose.ui:ui-android:1.7.3)
Duplicate class androidx.compose.ui.layout.PinnableContainer found in modules ui-desktop-1.7.0.jar -> ui-desktop-1.7.0 (androidx.compose.ui:ui-desktop:1.7.0) and ui-release.aar -> ui-release-runtime (androidx.compose.ui:ui-android:1.7.3)
Duplicate class androidx.compose.ui.layout.PinnableContainer$PinnedHandle found in modules ui-desktop-1.7.0.jar -> ui-desktop-1.7.0 (androidx.compose.ui:ui-desktop:1.7.0) and ui-release.aar -> ui-release-runtime (androidx.compose.ui:ui-android:1.7.3)
Duplicate class androidx.compose.ui.layout.PinnableContainerKt found in modules ui-desktop-1.7.0.jar -> ui-desktop-1.7.0 (androidx.compose.ui:ui-desktop:1.7.0) and ui-release.aar -> ui-release-runtime (androidx.compose.ui:ui-android:1.7.3)
Duplicate class androidx.compose.ui.layout.PinnableContainerKt$LocalPinnableContainer$1 found in modules ui-desktop-1.7.0.jar -> ui-desktop-1.7.0 (androidx.compose.ui:ui-desktop:1.7.0) and ui-release.aar -> ui-release-runtime (androidx.compose.ui:ui-android:1.7.3)
Duplicate class androidx.compose.ui.layout.Placeable found in modules ui-desktop-1.7.0.jar -> ui-desktop-1.7.0 (androidx.compose.ui:ui-desktop:1.7.0) and ui-release.aar -> ui-release-runtime (androidx.compose.ui:ui-android:1.7.3)
Duplicate class androidx.compose.ui.layout.Placeable$PlacementScope found in modules ui-desktop-1.7.0.jar -> ui-desktop-1.7.0 (androidx.compose.ui:ui-desktop:1.7.0) and ui-release.aar -> ui-release-runtime (androidx.compose.ui:ui-android:1.7.3)
Duplicate class androidx.compose.ui.layout.PlaceableKt found in modules ui-desktop-1.7.0.jar -> ui-desktop-1.7.0 (androidx.compose.ui:ui-desktop:1.7.0) and ui-release.aar -> ui-release-runtime (androidx.compose.ui:ui-android:1.7.3)
Duplicate class androidx.compose.ui.layout.PlaceableKt$DefaultLayerBlock$1 found in modules ui-desktop-1.7.0.jar -> ui-desktop-1.7.0 (androidx.compose.ui:ui-desktop:1.7.0) and ui-release.aar -> ui-release-runtime (androidx.compose.ui:ui-android:1.7.3)
Duplicate class androidx.compose.ui.layout.PlacementScopeMarker found in modules ui-desktop-1.7.0.jar -> ui-desktop-1.7.0 (androidx.compose.ui:ui-desktop:1.7.0) and ui-release.aar -> ui-release-runtime (androidx.compose.ui:ui-android:1.7.3)
Duplicate class androidx.compose.ui.layout.Remeasurement found in modules ui-desktop-1.7.0.jar -> ui-desktop-1.7.0 (androidx.compose.ui:ui-desktop:1.7.0) and ui-release.aar -> ui-release-runtime (androidx.compose.ui:ui-android:1.7.3)
Duplicate class androidx.compose.ui.layout.RemeasurementModifier found in modules ui-desktop-1.7.0.jar -> ui-desktop-1.7.0 (androidx.compose.ui:ui-desktop:1.7.0) and ui-release.aar -> ui-release-runtime (androidx.compose.ui:ui-android:1.7.3)
Duplicate class androidx.compose.ui.layout.RemeasurementModifier$DefaultImpls found in modules ui-desktop-1.7.0.jar -> ui-desktop-1.7.0 (androidx.compose.ui:ui-desktop:1.7.0) and ui-release.aar -> ui-release-runtime (androidx.compose.ui:ui-android:1.7.3)
Duplicate class androidx.compose.ui.layout.RootMeasurePolicy found in modules ui-desktop-1.7.0.jar -> ui-desktop-1.7.0 (androidx.compose.ui:ui-desktop:1.7.0) and ui-release.aar -> ui-release-runtime (androidx.compose.ui:ui-android:1.7.3)
Duplicate class androidx.compose.ui.layout.RootMeasurePolicy$measure$1 found in modules ui-desktop-1.7.0.jar -> ui-desktop-1.7.0 (androidx.compose.ui:ui-desktop:1.7.0) and ui-release.aar -> ui-release-runtime (androidx.compose.ui:ui-android:1.7.3)
Duplicate class androidx.compose.ui.layout.RootMeasurePolicy$measure$2 found in modules ui-desktop-1.7.0.jar -> ui-desktop-1.7.0 (androidx.compose.ui:ui-desktop:1.7.0) and ui-release.aar -> ui-release-runtime (androidx.compose.ui:ui-android:1.7.3)
Duplicate class androidx.compose.ui.layout.RootMeasurePolicy$measure$4 found in modules ui-desktop-1.7.0.jar -> ui-desktop-1.7.0 (androidx.compose.ui:ui-desktop:1.7.0) and ui-release.aar -> ui-release-runtime (androidx.compose.ui:ui-android:1.7.3)
Duplicate class androidx.compose.ui.layout.Ruler found in modules ui-desktop-1.7.0.jar -> ui-desktop-1.7.0 (androidx.compose.ui:ui-desktop:1.7.0) and ui-release.aar -> ui-release-runtime (androidx.compose.ui:ui-android:1.7.3)
Duplicate class androidx.compose.ui.layout.RulerScope found in modules ui-desktop-1.7.0.jar -> ui-desktop-1.7.0 (androidx.compose.ui:ui-desktop:1.7.0) and ui-release.aar -> ui-release-runtime (androidx.compose.ui:ui-android:1.7.3)
Duplicate class androidx.compose.ui.layout.ScaleFactor found in modules ui-desktop-1.7.0.jar -> ui-desktop-1.7.0 (androidx.compose.ui:ui-desktop:1.7.0) and ui-release.aar -> ui-release-runtime (androidx.compose.ui:ui-android:1.7.3)
Duplicate class androidx.compose.ui.layout.ScaleFactor$Companion found in modules ui-desktop-1.7.0.jar -> ui-desktop-1.7.0 (androidx.compose.ui:ui-desktop:1.7.0) and ui-release.aar -> ui-release-runtime (androidx.compose.ui:ui-android:1.7.3)
Duplicate class androidx.compose.ui.layout.ScaleFactorKt found in modules ui-desktop-1.7.0.jar -> ui-desktop-1.7.0 (androidx.compose.ui:ui-desktop:1.7.0) and ui-release.aar -> ui-release-runtime (androidx.compose.ui:ui-android:1.7.3)
Duplicate class androidx.compose.ui.layout.SimplePlacementScope found in modules ui-desktop-1.7.0.jar -> ui-desktop-1.7.0 (androidx.compose.ui:ui-desktop:1.7.0) and ui-release.aar -> ui-release-runtime (androidx.compose.ui:ui-android:1.7.3)
Duplicate class androidx.compose.ui.layout.SubcomposeLayoutKt found in modules ui-desktop-1.7.0.jar -> ui-desktop-1.7.0 (androidx.compose.ui:ui-desktop:1.7.0) and ui-release.aar -> ui-release-runtime (androidx.compose.ui:ui-android:1.7.3)
Duplicate class androidx.compose.ui.layout.SubcomposeLayoutKt$ReusedSlotId$1 found in modules ui-desktop-1.7.0.jar -> ui-desktop-1.7.0 (androidx.compose.ui:ui-desktop:1.7.0) and ui-release.aar -> ui-release-runtime (androidx.compose.ui:ui-android:1.7.3)
Duplicate class androidx.compose.ui.layout.SubcomposeLayoutKt$SubcomposeLayout$2 found in modules ui-desktop-1.7.0.jar -> ui-desktop-1.7.0 (androidx.compose.ui:ui-desktop:1.7.0) and ui-release.aar -> ui-release-runtime (androidx.compose.ui:ui-android:1.7.3)
Duplicate class androidx.compose.ui.layout.SubcomposeLayoutKt$SubcomposeLayout$4$1 found in modules ui-desktop-1.7.0.jar -> ui-desktop-1.7.0 (androidx.compose.ui:ui-desktop:1.7.0) and ui-release.aar -> ui-release-runtime (androidx.compose.ui:ui-android:1.7.3)
Duplicate class androidx.compose.ui.layout.SubcomposeLayoutKt$SubcomposeLayout$5 found in modules ui-desktop-1.7.0.jar -> ui-desktop-1.7.0 (androidx.compose.ui:ui-desktop:1.7.0) and ui-release.aar -> ui-release-runtime (androidx.compose.ui:ui-android:1.7.3)
Duplicate class androidx.compose.ui.layout.SubcomposeLayoutState found in modules ui-desktop-1.7.0.jar -> ui-desktop-1.7.0 (androidx.compose.ui:ui-desktop:1.7.0) and ui-release.aar -> ui-release-runtime (androidx.compose.ui:ui-android:1.7.3)
Duplicate class androidx.compose.ui.layout.SubcomposeLayoutState$PrecomposedSlotHandle found in modules ui-desktop-1.7.0.jar -> ui-desktop-1.7.0 (androidx.compose.ui:ui-desktop:1.7.0) and ui-release.aar -> ui-release-runtime (androidx.compose.ui:ui-android:1.7.3)
Duplicate class androidx.compose.ui.layout.SubcomposeLayoutState$setCompositionContext$1 found in modules ui-desktop-1.7.0.jar -> ui-desktop-1.7.0 (androidx.compose.ui:ui-desktop:1.7.0) and ui-release.aar -> ui-release-runtime (androidx.compose.ui:ui-android:1.7.3)
Duplicate class androidx.compose.ui.layout.SubcomposeLayoutState$setMeasurePolicy$1 found in modules ui-desktop-1.7.0.jar -> ui-desktop-1.7.0 (androidx.compose.ui:ui-desktop:1.7.0) and ui-release.aar -> ui-release-runtime (androidx.compose.ui:ui-android:1.7.3)
Duplicate class androidx.compose.ui.layout.SubcomposeLayoutState$setRoot$1 found in modules ui-desktop-1.7.0.jar -> ui-desktop-1.7.0 (androidx.compose.ui:ui-desktop:1.7.0) and ui-release.aar -> ui-release-runtime (androidx.compose.ui:ui-android:1.7.3)
Duplicate class androidx.compose.ui.layout.SubcomposeMeasureScope found in modules ui-desktop-1.7.0.jar -> ui-desktop-1.7.0 (androidx.compose.ui:ui-desktop:1.7.0) and ui-release.aar -> ui-release-runtime (androidx.compose.ui:ui-android:1.7.3)
Duplicate class androidx.compose.ui.layout.SubcomposeSlotReusePolicy found in modules ui-desktop-1.7.0.jar -> ui-desktop-1.7.0 (androidx.compose.ui:ui-desktop:1.7.0) and ui-release.aar -> ui-release-runtime (androidx.compose.ui:ui-android:1.7.3)
Duplicate class androidx.compose.ui.layout.SubcomposeSlotReusePolicy$SlotIdsSet found in modules ui-desktop-1.7.0.jar -> ui-desktop-1.7.0 (androidx.compose.ui:ui-desktop:1.7.0) and ui-release.aar -> ui-release-runtime (androidx.compose.ui:ui-android:1.7.3)
Duplicate class androidx.compose.ui.layout.TestModifierUpdater found in modules ui-desktop-1.7.0.jar -> ui-desktop-1.7.0 (androidx.compose.ui:ui-desktop:1.7.0) and ui-release.aar -> ui-release-runtime (androidx.compose.ui:ui-android:1.7.3)
Duplicate class androidx.compose.ui.layout.TestModifierUpdaterKt found in modules ui-desktop-1.7.0.jar -> ui-desktop-1.7.0 (androidx.compose.ui:ui-desktop:1.7.0) and ui-release.aar -> ui-release-runtime (androidx.compose.ui:ui-android:1.7.3)
Duplicate class androidx.compose.ui.layout.TestModifierUpdaterKt$TestModifierUpdaterLayout$1$1 found in modules ui-desktop-1.7.0.jar -> ui-desktop-1.7.0 (androidx.compose.ui:ui-desktop:1.7.0) and ui-release.aar -> ui-release-runtime (androidx.compose.ui:ui-android:1.7.3)
Duplicate class androidx.compose.ui.layout.TestModifierUpdaterKt$TestModifierUpdaterLayout$2 found in modules ui-desktop-1.7.0.jar -> ui-desktop-1.7.0 (androidx.compose.ui:ui-desktop:1.7.0) and ui-release.aar -> ui-release-runtime (androidx.compose.ui:ui-android:1.7.3)
Duplicate class androidx.compose.ui.layout.TestModifierUpdaterKt$TestModifierUpdaterLayout$measurePolicy$1 found in modules ui-desktop-1.7.0.jar -> ui-desktop-1.7.0 (androidx.compose.ui:ui-desktop:1.7.0) and ui-release.aar -> ui-release-runtime (androidx.compose.ui:ui-android:1.7.3)
Duplicate class androidx.compose.ui.layout.TestModifierUpdaterKt$TestModifierUpdaterLayout$measurePolicy$1$1 found in modules ui-desktop-1.7.0.jar -> ui-desktop-1.7.0 (androidx.compose.ui:ui-desktop:1.7.0) and ui-release.aar -> ui-release-runtime (androidx.compose.ui:ui-android:1.7.3)
Duplicate class androidx.compose.ui.layout.VerticalAlignmentLine found in modules ui-desktop-1.7.0.jar -> ui-desktop-1.7.0 (androidx.compose.ui:ui-desktop:1.7.0) and ui-release.aar -> ui-release-runtime (androidx.compose.ui:ui-android:1.7.3)
Duplicate class androidx.compose.ui.layout.VerticalRuler found in modules ui-desktop-1.7.0.jar -> ui-desktop-1.7.0 (androidx.compose.ui:ui-desktop:1.7.0) and ui-release.aar -> ui-release-runtime (androidx.compose.ui:ui-android:1.7.3)
Duplicate class androidx.compose.ui.modifier.BackwardsCompatLocalMap found in modules ui-desktop-1.7.0.jar -> ui-desktop-1.7.0 (androidx.compose.ui:ui-desktop:1.7.0) and ui-release.aar -> ui-release-runtime (androidx.compose.ui:ui-android:1.7.3)
Duplicate class androidx.compose.ui.modifier.EmptyMap found in modules ui-desktop-1.7.0.jar -> ui-desktop-1.7.0 (androidx.compose.ui:ui-desktop:1.7.0) and ui-release.aar -> ui-release-runtime (androidx.compose.ui:ui-android:1.7.3)
Duplicate class androidx.compose.ui.modifier.ModifierLocal found in modules ui-desktop-1.7.0.jar -> ui-desktop-1.7.0 (androidx.compose.ui:ui-desktop:1.7.0) and ui-release.aar -> ui-release-runtime (androidx.compose.ui:ui-android:1.7.3)
Duplicate class androidx.compose.ui.modifier.ModifierLocalConsumer found in modules ui-desktop-1.7.0.jar -> ui-desktop-1.7.0 (androidx.compose.ui:ui-desktop:1.7.0) and ui-release.aar -> ui-release-runtime (androidx.compose.ui:ui-android:1.7.3)
Duplicate class androidx.compose.ui.modifier.ModifierLocalConsumer$DefaultImpls found in modules ui-desktop-1.7.0.jar -> ui-desktop-1.7.0 (androidx.compose.ui:ui-desktop:1.7.0) and ui-release.aar -> ui-release-runtime (androidx.compose.ui:ui-android:1.7.3)
Duplicate class androidx.compose.ui.modifier.ModifierLocalConsumerImpl found in modules ui-desktop-1.7.0.jar -> ui-desktop-1.7.0 (androidx.compose.ui:ui-desktop:1.7.0) and ui-release.aar -> ui-release-runtime (androidx.compose.ui:ui-android:1.7.3)
Duplicate class androidx.compose.ui.modifier.ModifierLocalConsumerKt found in modules ui-desktop-1.7.0.jar -> ui-desktop-1.7.0 (androidx.compose.ui:ui-desktop:1.7.0) and ui-release.aar -> ui-release-runtime (androidx.compose.ui:ui-android:1.7.3)
Duplicate class androidx.compose.ui.modifier.ModifierLocalConsumerKt$modifierLocalConsumer$$inlined$debugInspectorInfo$1 found in modules ui-desktop-1.7.0.jar -> ui-desktop-1.7.0 (androidx.compose.ui:ui-desktop:1.7.0) and ui-release.aar -> ui-release-runtime (androidx.compose.ui:ui-android:1.7.3)
Duplicate class androidx.compose.ui.modifier.ModifierLocalKt found in modules ui-desktop-1.7.0.jar -> ui-desktop-1.7.0 (androidx.compose.ui:ui-desktop:1.7.0) and ui-release.aar -> ui-release-runtime (androidx.compose.ui:ui-android:1.7.3)
Duplicate class androidx.compose.ui.modifier.ModifierLocalManager found in modules ui-desktop-1.7.0.jar -> ui-desktop-1.7.0 (androidx.compose.ui:ui-desktop:1.7.0) and ui-release.aar -> ui-release-runtime (androidx.compose.ui:ui-android:1.7.3)
Duplicate class androidx.compose.ui.modifier.ModifierLocalManager$invalidate$1 found in modules ui-desktop-1.7.0.jar -> ui-desktop-1.7.0 (androidx.compose.ui:ui-desktop:1.7.0) and ui-release.aar -> ui-release-runtime (androidx.compose.ui:ui-android:1.7.3)
Duplicate class androidx.compose.ui.modifier.ModifierLocalMap found in modules ui-desktop-1.7.0.jar -> ui-desktop-1.7.0 (androidx.compose.ui:ui-desktop:1.7.0) and ui-release.aar -> ui-release-runtime (androidx.compose.ui:ui-android:1.7.3)
Duplicate class androidx.compose.ui.modifier.ModifierLocalModifierNode found in modules ui-desktop-1.7.0.jar -> ui-desktop-1.7.0 (androidx.compose.ui:ui-desktop:1.7.0) and ui-release.aar -> ui-release-runtime (androidx.compose.ui:ui-android:1.7.3)
Duplicate class androidx.compose.ui.modifier.ModifierLocalModifierNodeKt found in modules ui-desktop-1.7.0.jar -> ui-desktop-1.7.0 (androidx.compose.ui:ui-desktop:1.7.0) and ui-release.aar -> ui-release-runtime (androidx.compose.ui:ui-android:1.7.3)
Duplicate class androidx.compose.ui.modifier.ModifierLocalProvider found in modules ui-desktop-1.7.0.jar -> ui-desktop-1.7.0 (androidx.compose.ui:ui-desktop:1.7.0) and ui-release.aar -> ui-release-runtime (androidx.compose.ui:ui-android:1.7.3)
Duplicate class androidx.compose.ui.modifier.ModifierLocalProvider$DefaultImpls found in modules ui-desktop-1.7.0.jar -> ui-desktop-1.7.0 (androidx.compose.ui:ui-desktop:1.7.0) and ui-release.aar -> ui-release-runtime (androidx.compose.ui:ui-android:1.7.3)
Duplicate class androidx.compose.ui.modifier.ModifierLocalProviderKt found in modules ui-desktop-1.7.0.jar -> ui-desktop-1.7.0 (androidx.compose.ui:ui-desktop:1.7.0) and ui-release.aar -> ui-release-runtime (androidx.compose.ui:ui-android:1.7.3)
Duplicate class androidx.compose.ui.modifier.ModifierLocalProviderKt$modifierLocalProvider$$inlined$debugInspectorInfo$1 found in modules ui-desktop-1.7.0.jar -> ui-desktop-1.7.0 (androidx.compose.ui:ui-desktop:1.7.0) and ui-release.aar -> ui-release-runtime (androidx.compose.ui:ui-android:1.7.3)
Duplicate class androidx.compose.ui.modifier.ModifierLocalProviderKt$modifierLocalProvider$1 found in modules ui-desktop-1.7.0.jar -> ui-desktop-1.7.0 (androidx.compose.ui:ui-desktop:1.7.0) and ui-release.aar -> ui-release-runtime (androidx.compose.ui:ui-android:1.7.3)
Duplicate class androidx.compose.ui.modifier.ModifierLocalReadScope found in modules ui-desktop-1.7.0.jar -> ui-desktop-1.7.0 (androidx.compose.ui:ui-desktop:1.7.0) and ui-release.aar -> ui-release-runtime (androidx.compose.ui:ui-android:1.7.3)
Duplicate class androidx.compose.ui.modifier.MultiLocalMap found in modules ui-desktop-1.7.0.jar -> ui-desktop-1.7.0 (androidx.compose.ui:ui-desktop:1.7.0) and ui-release.aar -> ui-release-runtime (androidx.compose.ui:ui-android:1.7.3)
Duplicate class androidx.compose.ui.modifier.ProvidableModifierLocal found in modules ui-desktop-1.7.0.jar -> ui-desktop-1.7.0 (androidx.compose.ui:ui-desktop:1.7.0) and ui-release.aar -> ui-release-runtime (androidx.compose.ui:ui-android:1.7.3)
Duplicate class androidx.compose.ui.modifier.SingleLocalMap found in modules ui-desktop-1.7.0.jar -> ui-desktop-1.7.0 (androidx.compose.ui:ui-desktop:1.7.0) and ui-release.aar -> ui-release-runtime (androidx.compose.ui:ui-android:1.7.3)
Duplicate class androidx.compose.ui.node.AlignmentLines found in modules ui-desktop-1.7.0.jar -> ui-desktop-1.7.0 (androidx.compose.ui:ui-desktop:1.7.0) and ui-release.aar -> ui-release-runtime (androidx.compose.ui:ui-android:1.7.3)
Duplicate class androidx.compose.ui.node.AlignmentLines$recalculate$1 found in modules ui-desktop-1.7.0.jar -> ui-desktop-1.7.0 (androidx.compose.ui:ui-desktop:1.7.0) and ui-release.aar -> ui-release-runtime (androidx.compose.ui:ui-android:1.7.3)
Duplicate class androidx.compose.ui.node.AlignmentLinesOwner found in modules ui-desktop-1.7.0.jar -> ui-desktop-1.7.0 (androidx.compose.ui:ui-desktop:1.7.0) and ui-release.aar -> ui-release-runtime (androidx.compose.ui:ui-android:1.7.3)
Duplicate class androidx.compose.ui.node.BackwardsCompatNode found in modules ui-desktop-1.7.0.jar -> ui-desktop-1.7.0 (androidx.compose.ui:ui-desktop:1.7.0) and ui-release.aar -> ui-release-runtime (androidx.compose.ui:ui-android:1.7.3)
Duplicate class androidx.compose.ui.node.BackwardsCompatNode$initializeModifier$2 found in modules ui-desktop-1.7.0.jar -> ui-desktop-1.7.0 (androidx.compose.ui:ui-desktop:1.7.0) and ui-release.aar -> ui-release-runtime (androidx.compose.ui:ui-android:1.7.3)
Duplicate class androidx.compose.ui.node.BackwardsCompatNode$initializeModifier$3 found in modules ui-desktop-1.7.0.jar -> ui-desktop-1.7.0 (androidx.compose.ui:ui-desktop:1.7.0) and ui-release.aar -> ui-release-runtime (androidx.compose.ui:ui-android:1.7.3)
Duplicate class androidx.compose.ui.node.BackwardsCompatNode$updateDrawCache$1 found in modules ui-desktop-1.7.0.jar -> ui-desktop-1.7.0 (androidx.compose.ui:ui-desktop:1.7.0) and ui-release.aar -> ui-release-runtime (androidx.compose.ui:ui-android:1.7.3)
Duplicate class androidx.compose.ui.node.BackwardsCompatNode$updateModifierLocalConsumer$1 found in modules ui-desktop-1.7.0.jar -> ui-desktop-1.7.0 (androidx.compose.ui:ui-desktop:1.7.0) and ui-release.aar -> ui-release-runtime (androidx.compose.ui:ui-android:1.7.3)
Duplicate class androidx.compose.ui.node.BackwardsCompatNodeKt found in modules ui-desktop-1.7.0.jar -> ui-desktop-1.7.0 (androidx.compose.ui:ui-desktop:1.7.0) and ui-release.aar -> ui-release-runtime (androidx.compose.ui:ui-android:1.7.3)
Duplicate class androidx.compose.ui.node.BackwardsCompatNodeKt$DetachedModifierLocalReadScope$1 found in modules ui-desktop-1.7.0.jar -> ui-desktop-1.7.0 (androidx.compose.ui:ui-desktop:1.7.0) and ui-release.aar -> ui-release-runtime (androidx.compose.ui:ui-android:1.7.3)
Duplicate class androidx.compose.ui.node.BackwardsCompatNodeKt$onDrawCacheReadsChanged$1 found in modules ui-desktop-1.7.0.jar -> ui-desktop-1.7.0 (androidx.compose.ui:ui-desktop:1.7.0) and ui-release.aar -> ui-release-runtime (androidx.compose.ui:ui-android:1.7.3)
Duplicate class androidx.compose.ui.node.BackwardsCompatNodeKt$updateModifierLocalConsumer$1 found in modules ui-desktop-1.7.0.jar -> ui-desktop-1.7.0 (androidx.compose.ui:ui-desktop:1.7.0) and ui-release.aar -> ui-release-runtime (androidx.compose.ui:ui-android:1.7.3)
Duplicate class androidx.compose.ui.node.CanFocusChecker found in modules ui-desktop-1.7.0.jar -> ui-desktop-1.7.0 (androidx.compose.ui:ui-desktop:1.7.0) and ui-release.aar -> ui-release-runtime (androidx.compose.ui:ui-android:1.7.3)
Duplicate class androidx.compose.ui.node.CenteredArray found in modules ui-desktop-1.7.0.jar -> ui-desktop-1.7.0 (androidx.compose.ui:ui-desktop:1.7.0) and ui-release.aar -> ui-release-runtime (androidx.compose.ui:ui-android:1.7.3)
Duplicate class androidx.compose.ui.node.ComposeUiNode found in modules ui-desktop-1.7.0.jar -> ui-desktop-1.7.0 (androidx.compose.ui:ui-desktop:1.7.0) and ui-release.aar -> ui-release-runtime (androidx.compose.ui:ui-android:1.7.3)
Duplicate class androidx.compose.ui.node.ComposeUiNode$Companion found in modules ui-desktop-1.7.0.jar -> ui-desktop-1.7.0 (androidx.compose.ui:ui-desktop:1.7.0) and ui-release.aar -> ui-release-runtime (androidx.compose.ui:ui-android:1.7.3)
Duplicate class androidx.compose.ui.node.ComposeUiNode$Companion$SetCompositeKeyHash$1 found in modules ui-desktop-1.7.0.jar -> ui-desktop-1.7.0 (androidx.compose.ui:ui-desktop:1.7.0) and ui-release.aar -> ui-release-runtime (androidx.compose.ui:ui-android:1.7.3)
Duplicate class androidx.compose.ui.node.ComposeUiNode$Companion$SetDensity$1 found in modules ui-desktop-1.7.0.jar -> ui-desktop-1.7.0 (androidx.compose.ui:ui-desktop:1.7.0) and ui-release.aar -> ui-release-runtime (androidx.compose.ui:ui-android:1.7.3)
Duplicate class androidx.compose.ui.node.ComposeUiNode$Companion$SetLayoutDirection$1 found in modules ui-desktop-1.7.0.jar -> ui-desktop-1.7.0 (androidx.compose.ui:ui-desktop:1.7.0) and ui-release.aar -> ui-release-runtime (androidx.compose.ui:ui-android:1.7.3)
Duplicate class androidx.compose.ui.node.ComposeUiNode$Companion$SetMeasurePolicy$1 found in modules ui-desktop-1.7.0.jar -> ui-desktop-1.7.0 (androidx.compose.ui:ui-desktop:1.7.0) and ui-release.aar -> ui-release-runtime (androidx.compose.ui:ui-android:1.7.3)
Duplicate class androidx.compose.ui.node.ComposeUiNode$Companion$SetModifier$1 found in modules ui-desktop-1.7.0.jar -> ui-desktop-1.7.0 (androidx.compose.ui:ui-desktop:1.7.0) and ui-release.aar -> ui-release-runtime (androidx.compose.ui:ui-android:1.7.3)
Duplicate class androidx.compose.ui.node.ComposeUiNode$Companion$SetResolvedCompositionLocals$1 found in modules ui-desktop-1.7.0.jar -> ui-desktop-1.7.0 (androidx.compose.ui:ui-desktop:1.7.0) and ui-release.aar -> ui-release-runtime (androidx.compose.ui:ui-android:1.7.3)
Duplicate class androidx.compose.ui.node.ComposeUiNode$Companion$SetViewConfiguration$1 found in modules ui-desktop-1.7.0.jar -> ui-desktop-1.7.0 (androidx.compose.ui:ui-desktop:1.7.0) and ui-release.aar -> ui-release-runtime (androidx.compose.ui:ui-android:1.7.3)
Duplicate class androidx.compose.ui.node.ComposeUiNode$Companion$VirtualConstructor$1 found in modules ui-desktop-1.7.0.jar -> ui-desktop-1.7.0 (androidx.compose.ui:ui-desktop:1.7.0) and ui-release.aar -> ui-release-runtime (androidx.compose.ui:ui-android:1.7.3)
Duplicate class androidx.compose.ui.node.CompositionLocalConsumerModifierNode found in modules ui-desktop-1.7.0.jar -> ui-desktop-1.7.0 (androidx.compose.ui:ui-desktop:1.7.0) and ui-release.aar -> ui-release-runtime (androidx.compose.ui:ui-android:1.7.3)
Duplicate class androidx.compose.ui.node.CompositionLocalConsumerModifierNodeKt found in modules ui-desktop-1.7.0.jar -> ui-desktop-1.7.0 (androidx.compose.ui:ui-desktop:1.7.0) and ui-release.aar -> ui-release-runtime (androidx.compose.ui:ui-android:1.7.3)
Duplicate class androidx.compose.ui.node.DelegatableNode found in modules ui-desktop-1.7.0.jar -> ui-desktop-1.7.0 (androidx.compose.ui:ui-desktop:1.7.0) and ui-release.aar -> ui-release-runtime (androidx.compose.ui:ui-android:1.7.3)
Duplicate class androidx.compose.ui.node.DelegatableNodeKt found in modules ui-desktop-1.7.0.jar -> ui-desktop-1.7.0 (androidx.compose.ui:ui-desktop:1.7.0) and ui-release.aar -> ui-release-runtime (androidx.compose.ui:ui-android:1.7.3)
Duplicate class androidx.compose.ui.node.DelegatingNode found in modules ui-desktop-1.7.0.jar -> ui-desktop-1.7.0 (androidx.compose.ui:ui-desktop:1.7.0) and ui-release.aar -> ui-release-runtime (androidx.compose.ui:ui-android:1.7.3)
Duplicate class androidx.compose.ui.node.DepthSortedSet found in modules ui-desktop-1.7.0.jar -> ui-desktop-1.7.0 (androidx.compose.ui:ui-desktop:1.7.0) and ui-release.aar -> ui-release-runtime (androidx.compose.ui:ui-android:1.7.3)
Duplicate class androidx.compose.ui.node.DepthSortedSet$DepthComparator$1 found in modules ui-desktop-1.7.0.jar -> ui-desktop-1.7.0 (androidx.compose.ui:ui-desktop:1.7.0) and ui-release.aar -> ui-release-runtime (androidx.compose.ui:ui-android:1.7.3)
Duplicate class androidx.compose.ui.node.DepthSortedSet$mapOfOriginalDepth$2 found in modules ui-desktop-1.7.0.jar -> ui-desktop-1.7.0 (androidx.compose.ui:ui-desktop:1.7.0) and ui-release.aar -> ui-release-runtime (androidx.compose.ui:ui-android:1.7.3)
Duplicate class androidx.compose.ui.node.DepthSortedSetsForDifferentPasses found in modules ui-desktop-1.7.0.jar -> ui-desktop-1.7.0 (androidx.compose.ui:ui-desktop:1.7.0) and ui-release.aar -> ui-release-runtime (androidx.compose.ui:ui-android:1.7.3)
Duplicate class androidx.compose.ui.node.DiffCallback found in modules ui-desktop-1.7.0.jar -> ui-desktop-1.7.0 (androidx.compose.ui:ui-desktop:1.7.0) and ui-release.aar -> ui-release-runtime (androidx.compose.ui:ui-android:1.7.3)
Duplicate class androidx.compose.ui.node.DistanceAndInLayer found in modules ui-desktop-1.7.0.jar -> ui-desktop-1.7.0 (androidx.compose.ui:ui-desktop:1.7.0) and ui-release.aar -> ui-release-runtime (androidx.compose.ui:ui-android:1.7.3)
Duplicate class androidx.compose.ui.node.DrawModifierNode found in modules ui-desktop-1.7.0.jar -> ui-desktop-1.7.0 (androidx.compose.ui:ui-desktop:1.7.0) and ui-release.aar -> ui-release-runtime (androidx.compose.ui:ui-android:1.7.3)
Duplicate class androidx.compose.ui.node.DrawModifierNodeKt found in modules ui-desktop-1.7.0.jar -> ui-desktop-1.7.0 (androidx.compose.ui:ui-desktop:1.7.0) and ui-release.aar -> ui-release-runtime (androidx.compose.ui:ui-android:1.7.3)
Duplicate class androidx.compose.ui.node.GlobalPositionAwareModifierNode found in modules ui-desktop-1.7.0.jar -> ui-desktop-1.7.0 (androidx.compose.ui:ui-desktop:1.7.0) and ui-release.aar -> ui-release-runtime (androidx.compose.ui:ui-android:1.7.3)
Duplicate class androidx.compose.ui.node.HitTestResult found in modules ui-desktop-1.7.0.jar -> ui-desktop-1.7.0 (androidx.compose.ui:ui-desktop:1.7.0) and ui-release.aar -> ui-release-runtime (androidx.compose.ui:ui-android:1.7.3)
Duplicate class androidx.compose.ui.node.HitTestResult$HitTestResultIterator found in modules ui-desktop-1.7.0.jar -> ui-desktop-1.7.0 (androidx.compose.ui:ui-desktop:1.7.0) and ui-release.aar -> ui-release-runtime (androidx.compose.ui:ui-android:1.7.3)
Duplicate class androidx.compose.ui.node.HitTestResult$SubList found in modules ui-desktop-1.7.0.jar -> ui-desktop-1.7.0 (androidx.compose.ui:ui-desktop:1.7.0) and ui-release.aar -> ui-release-runtime (androidx.compose.ui:ui-android:1.7.3)
Duplicate class androidx.compose.ui.node.HitTestResultKt found in modules ui-desktop-1.7.0.jar -> ui-desktop-1.7.0 (androidx.compose.ui:ui-desktop:1.7.0) and ui-release.aar -> ui-release-runtime (androidx.compose.ui:ui-android:1.7.3)
Duplicate class androidx.compose.ui.node.InnerNodeCoordinator found in modules ui-desktop-1.7.0.jar -> ui-desktop-1.7.0 (androidx.compose.ui:ui-desktop:1.7.0) and ui-release.aar -> ui-release-runtime (androidx.compose.ui:ui-android:1.7.3)
Duplicate class androidx.compose.ui.node.InnerNodeCoordinator$Companion found in modules ui-desktop-1.7.0.jar -> ui-desktop-1.7.0 (androidx.compose.ui:ui-desktop:1.7.0) and ui-release.aar -> ui-release-runtime (androidx.compose.ui:ui-android:1.7.3)
Duplicate class androidx.compose.ui.node.InnerNodeCoordinator$LookaheadDelegateImpl found in modules ui-desktop-1.7.0.jar -> ui-desktop-1.7.0 (androidx.compose.ui:ui-desktop:1.7.0) and ui-release.aar -> ui-release-runtime (androidx.compose.ui:ui-android:1.7.3)
Duplicate class androidx.compose.ui.node.IntStack found in modules ui-desktop-1.7.0.jar -> ui-desktop-1.7.0 (androidx.compose.ui:ui-desktop:1.7.0) and ui-release.aar -> ui-release-runtime (androidx.compose.ui:ui-android:1.7.3)
Duplicate class androidx.compose.ui.node.InternalCoreApi found in modules ui-desktop-1.7.0.jar -> ui-desktop-1.7.0 (androidx.compose.ui:ui-desktop:1.7.0) and ui-release.aar -> ui-release-runtime (androidx.compose.ui:ui-android:1.7.3)
Duplicate class androidx.compose.ui.node.InteroperableComposeUiNode found in modules ui-desktop-1.7.0.jar -> ui-desktop-1.7.0 (androidx.compose.ui:ui-desktop:1.7.0) and ui-release.aar -> ui-release-runtime (androidx.compose.ui:ui-android:1.7.3)
Duplicate class androidx.compose.ui.node.IntrinsicsPolicy found in modules ui-desktop-1.7.0.jar -> ui-desktop-1.7.0 (androidx.compose.ui:ui-desktop:1.7.0) and ui-release.aar -> ui-release-runtime (androidx.compose.ui:ui-android:1.7.3)
Duplicate class androidx.compose.ui.node.LayerPositionalProperties found in modules ui-desktop-1.7.0.jar -> ui-desktop-1.7.0 (androidx.compose.ui:ui-desktop:1.7.0) and ui-release.aar -> ui-release-runtime (androidx.compose.ui:ui-android:1.7.3)
Duplicate class androidx.compose.ui.node.LayoutAwareModifierNode found in modules ui-desktop-1.7.0.jar -> ui-desktop-1.7.0 (androidx.compose.ui:ui-desktop:1.7.0) and ui-release.aar -> ui-release-runtime (androidx.compose.ui:ui-android:1.7.3)
Duplicate class androidx.compose.ui.node.LayoutModifierNode found in modules ui-desktop-1.7.0.jar -> ui-desktop-1.7.0 (androidx.compose.ui:ui-desktop:1.7.0) and ui-release.aar -> ui-release-runtime (androidx.compose.ui:ui-android:1.7.3)
Duplicate class androidx.compose.ui.node.LayoutModifierNode$maxIntrinsicHeight$1 found in modules ui-desktop-1.7.0.jar -> ui-desktop-1.7.0 (androidx.compose.ui:ui-desktop:1.7.0) and ui-release.aar -> ui-release-runtime (androidx.compose.ui:ui-android:1.7.3)
Duplicate class androidx.compose.ui.node.LayoutModifierNode$maxIntrinsicWidth$1 found in modules ui-desktop-1.7.0.jar -> ui-desktop-1.7.0 (androidx.compose.ui:ui-desktop:1.7.0) and ui-release.aar -> ui-release-runtime (androidx.compose.ui:ui-android:1.7.3)
Duplicate class androidx.compose.ui.node.LayoutModifierNode$minIntrinsicHeight$1 found in modules ui-desktop-1.7.0.jar -> ui-desktop-1.7.0 (androidx.compose.ui:ui-desktop:1.7.0) and ui-release.aar -> ui-release-runtime (androidx.compose.ui:ui-android:1.7.3)
Duplicate class androidx.compose.ui.node.LayoutModifierNode$minIntrinsicWidth$1 found in modules ui-desktop-1.7.0.jar -> ui-desktop-1.7.0 (androidx.compose.ui:ui-desktop:1.7.0) and ui-release.aar -> ui-release-runtime (androidx.compose.ui:ui-android:1.7.3)
Duplicate class androidx.compose.ui.node.LayoutModifierNodeCoordinator found in modules ui-desktop-1.7.0.jar -> ui-desktop-1.7.0 (androidx.compose.ui:ui-desktop:1.7.0) and ui-release.aar -> ui-release-runtime (androidx.compose.ui:ui-android:1.7.3)
Duplicate class androidx.compose.ui.node.LayoutModifierNodeCoordinator$Companion found in modules ui-desktop-1.7.0.jar -> ui-desktop-1.7.0 (androidx.compose.ui:ui-desktop:1.7.0) and ui-release.aar -> ui-release-runtime (androidx.compose.ui:ui-android:1.7.3)
Duplicate class androidx.compose.ui.node.LayoutModifierNodeCoordinator$LookaheadDelegateForLayoutModifierNode found in modules ui-desktop-1.7.0.jar -> ui-desktop-1.7.0 (androidx.compose.ui:ui-desktop:1.7.0) and ui-release.aar -> ui-release-runtime (androidx.compose.ui:ui-android:1.7.3)
Duplicate class androidx.compose.ui.node.LayoutModifierNodeCoordinator$measure$1$1$1$1 found in modules ui-desktop-1.7.0.jar -> ui-desktop-1.7.0 (androidx.compose.ui:ui-desktop:1.7.0) and ui-release.aar -> ui-release-runtime (androidx.compose.ui:ui-android:1.7.3)
Duplicate class androidx.compose.ui.node.LayoutModifierNodeCoordinatorKt found in modules ui-desktop-1.7.0.jar -> ui-desktop-1.7.0 (androidx.compose.ui:ui-desktop:1.7.0) and ui-release.aar -> ui-release-runtime (androidx.compose.ui:ui-android:1.7.3)
Duplicate class androidx.compose.ui.node.LayoutModifierNodeKt found in modules ui-desktop-1.7.0.jar -> ui-desktop-1.7.0 (androidx.compose.ui:ui-desktop:1.7.0) and ui-release.aar -> ui-release-runtime (androidx.compose.ui:ui-android:1.7.3)
Duplicate class androidx.compose.ui.node.LayoutNode found in modules ui-desktop-1.7.0.jar -> ui-desktop-1.7.0 (androidx.compose.ui:ui-desktop:1.7.0) and ui-release.aar -> ui-release-runtime (androidx.compose.ui:ui-android:1.7.3)
Duplicate class androidx.compose.ui.node.LayoutNode$Companion found in modules ui-desktop-1.7.0.jar -> ui-desktop-1.7.0 (androidx.compose.ui:ui-desktop:1.7.0) and ui-release.aar -> ui-release-runtime (androidx.compose.ui:ui-android:1.7.3)
Duplicate class androidx.compose.ui.node.LayoutNode$Companion$Constructor$1 found in modules ui-desktop-1.7.0.jar -> ui-desktop-1.7.0 (androidx.compose.ui:ui-desktop:1.7.0) and ui-release.aar -> ui-release-runtime (androidx.compose.ui:ui-android:1.7.3)
Duplicate class androidx.compose.ui.node.LayoutNode$Companion$DummyViewConfiguration$1 found in modules ui-desktop-1.7.0.jar -> ui-desktop-1.7.0 (androidx.compose.ui:ui-desktop:1.7.0) and ui-release.aar -> ui-release-runtime (androidx.compose.ui:ui-android:1.7.3)
Duplicate class androidx.compose.ui.node.LayoutNode$Companion$ErrorMeasurePolicy$1 found in modules ui-desktop-1.7.0.jar -> ui-desktop-1.7.0 (androidx.compose.ui:ui-desktop:1.7.0) and ui-release.aar -> ui-release-runtime (androidx.compose.ui:ui-android:1.7.3)
Duplicate class androidx.compose.ui.node.LayoutNode$LayoutState found in modules ui-desktop-1.7.0.jar -> ui-desktop-1.7.0 (androidx.compose.ui:ui-desktop:1.7.0) and ui-release.aar -> ui-release-runtime (androidx.compose.ui:ui-android:1.7.3)
Duplicate class androidx.compose.ui.node.LayoutNode$NoIntrinsicsMeasurePolicy found in modules ui-desktop-1.7.0.jar -> ui-desktop-1.7.0 (androidx.compose.ui:ui-desktop:1.7.0) and ui-release.aar -> ui-release-runtime (androidx.compose.ui:ui-android:1.7.3)
Duplicate class androidx.compose.ui.node.LayoutNode$UsageByParent found in modules ui-desktop-1.7.0.jar -> ui-desktop-1.7.0 (androidx.compose.ui:ui-desktop:1.7.0) and ui-release.aar -> ui-release-runtime (androidx.compose.ui:ui-android:1.7.3)
Duplicate class androidx.compose.ui.node.LayoutNode$WhenMappings found in modules ui-desktop-1.7.0.jar -> ui-desktop-1.7.0 (androidx.compose.ui:ui-desktop:1.7.0) and ui-release.aar -> ui-release-runtime (androidx.compose.ui:ui-android:1.7.3)
Duplicate class androidx.compose.ui.node.LayoutNode$_foldedChildren$1 found in modules ui-desktop-1.7.0.jar -> ui-desktop-1.7.0 (androidx.compose.ui:ui-desktop:1.7.0) and ui-release.aar -> ui-release-runtime (androidx.compose.ui:ui-android:1.7.3)
Duplicate class androidx.compose.ui.node.LayoutNodeAlignmentLines found in modules ui-desktop-1.7.0.jar -> ui-desktop-1.7.0 (androidx.compose.ui:ui-desktop:1.7.0) and ui-release.aar -> ui-release-runtime (androidx.compose.ui:ui-android:1.7.3)
Duplicate class androidx.compose.ui.node.LayoutNodeDrawScope found in modules ui-desktop-1.7.0.jar -> ui-desktop-1.7.0 (androidx.compose.ui:ui-desktop:1.7.0) and ui-release.aar -> ui-release-runtime (androidx.compose.ui:ui-android:1.7.3)
Duplicate class androidx.compose.ui.node.LayoutNodeDrawScopeKt found in modules ui-desktop-1.7.0.jar -> ui-desktop-1.7.0 (androidx.compose.ui:ui-desktop:1.7.0) and ui-release.aar -> ui-release-runtime (androidx.compose.ui:ui-android:1.7.3)
Duplicate class androidx.compose.ui.node.LayoutNodeKt found in modules ui-desktop-1.7.0.jar -> ui-desktop-1.7.0 (androidx.compose.ui:ui-desktop:1.7.0) and ui-release.aar -> ui-release-runtime (androidx.compose.ui:ui-android:1.7.3)
Duplicate class androidx.compose.ui.node.LayoutNodeLayoutDelegate found in modules ui-desktop-1.7.0.jar -> ui-desktop-1.7.0 (androidx.compose.ui:ui-desktop:1.7.0) and ui-release.aar -> ui-release-runtime (androidx.compose.ui:ui-android:1.7.3)
Duplicate class androidx.compose.ui.node.LayoutNodeLayoutDelegate$LookaheadPassDelegate found in modules ui-desktop-1.7.0.jar -> ui-desktop-1.7.0 (androidx.compose.ui:ui-desktop:1.7.0) and ui-release.aar -> ui-release-runtime (androidx.compose.ui:ui-android:1.7.3)
Duplicate class androidx.compose.ui.node.LayoutNodeLayoutDelegate$LookaheadPassDelegate$WhenMappings found in modules ui-desktop-1.7.0.jar -> ui-desktop-1.7.0 (androidx.compose.ui:ui-desktop:1.7.0) and ui-release.aar -> ui-release-runtime (androidx.compose.ui:ui-android:1.7.3)
Duplicate class androidx.compose.ui.node.LayoutNodeLayoutDelegate$LookaheadPassDelegate$layoutChildren$1 found in modules ui-desktop-1.7.0.jar -> ui-desktop-1.7.0 (androidx.compose.ui:ui-desktop:1.7.0) and ui-release.aar -> ui-release-runtime (androidx.compose.ui:ui-android:1.7.3)
Duplicate class androidx.compose.ui.node.LayoutNodeLayoutDelegate$LookaheadPassDelegate$layoutChildren$1$1 found in modules ui-desktop-1.7.0.jar -> ui-desktop-1.7.0 (androidx.compose.ui:ui-desktop:1.7.0) and ui-release.aar -> ui-release-runtime (androidx.compose.ui:ui-android:1.7.3)
Duplicate class androidx.compose.ui.node.LayoutNodeLayoutDelegate$LookaheadPassDelegate$layoutChildren$1$4 found in modules ui-desktop-1.7.0.jar -> ui-desktop-1.7.0 (androidx.compose.ui:ui-desktop:1.7.0) and ui-release.aar -> ui-release-runtime (androidx.compose.ui:ui-android:1.7.3)
Duplicate class androidx.compose.ui.node.LayoutNodeLayoutDelegate$LookaheadPassDelegate$placeSelf$2 found in modules ui-desktop-1.7.0.jar -> ui-desktop-1.7.0 (androidx.compose.ui:ui-desktop:1.7.0) and ui-release.aar -> ui-release-runtime (androidx.compose.ui:ui-android:1.7.3)
Duplicate class androidx.compose.ui.node.LayoutNodeLayoutDelegate$LookaheadPassDelegate$remeasure$2 found in modules ui-desktop-1.7.0.jar -> ui-desktop-1.7.0 (androidx.compose.ui:ui-desktop:1.7.0) and ui-release.aar -> ui-release-runtime (androidx.compose.ui:ui-android:1.7.3)
Duplicate class androidx.compose.ui.node.LayoutNodeLayoutDelegate$MeasurePassDelegate found in modules ui-desktop-1.7.0.jar -> ui-desktop-1.7.0 (androidx.compose.ui:ui-desktop:1.7.0) and ui-release.aar -> ui-release-runtime (androidx.compose.ui:ui-android:1.7.3)
Duplicate class androidx.compose.ui.node.LayoutNodeLayoutDelegate$MeasurePassDelegate$WhenMappings found in modules ui-desktop-1.7.0.jar -> ui-desktop-1.7.0 (androidx.compose.ui:ui-desktop:1.7.0) and ui-release.aar -> ui-release-runtime (androidx.compose.ui:ui-android:1.7.3)
Duplicate class androidx.compose.ui.node.LayoutNodeLayoutDelegate$MeasurePassDelegate$layoutChildrenBlock$1 found in modules ui-desktop-1.7.0.jar -> ui-desktop-1.7.0 (androidx.compose.ui:ui-desktop:1.7.0) and ui-release.aar -> ui-release-runtime (androidx.compose.ui:ui-android:1.7.3)
Duplicate class androidx.compose.ui.node.LayoutNodeLayoutDelegate$MeasurePassDelegate$layoutChildrenBlock$1$1 found in modules ui-desktop-1.7.0.jar -> ui-desktop-1.7.0 (androidx.compose.ui:ui-desktop:1.7.0) and ui-release.aar -> ui-release-runtime (androidx.compose.ui:ui-android:1.7.3)
Duplicate class androidx.compose.ui.node.LayoutNodeLayoutDelegate$MeasurePassDelegate$layoutChildrenBlock$1$2 found in modules ui-desktop-1.7.0.jar -> ui-desktop-1.7.0 (androidx.compose.ui:ui-desktop:1.7.0) and ui-release.aar -> ui-release-runtime (androidx.compose.ui:ui-android:1.7.3)
Duplicate class androidx.compose.ui.node.LayoutNodeLayoutDelegate$MeasurePassDelegate$placeOuterCoordinatorBlock$1 found in modules ui-desktop-1.7.0.jar -> ui-desktop-1.7.0 (androidx.compose.ui:ui-desktop:1.7.0) and ui-release.aar -> ui-release-runtime (androidx.compose.ui:ui-android:1.7.3)
Duplicate class androidx.compose.ui.node.LayoutNodeLayoutDelegate$MeasurePassDelegate$remeasure$2 found in modules ui-desktop-1.7.0.jar -> ui-desktop-1.7.0 (androidx.compose.ui:ui-desktop:1.7.0) and ui-release.aar -> ui-release-runtime (androidx.compose.ui:ui-android:1.7.3)
Duplicate class androidx.compose.ui.node.LayoutNodeLayoutDelegate$performLookaheadMeasure$1 found in modules ui-desktop-1.7.0.jar -> ui-desktop-1.7.0 (androidx.compose.ui:ui-desktop:1.7.0) and ui-release.aar -> ui-release-runtime (androidx.compose.ui:ui-android:1.7.3)
Duplicate class androidx.compose.ui.node.LayoutNodeLayoutDelegate$performMeasureBlock$1 found in modules ui-desktop-1.7.0.jar -> ui-desktop-1.7.0 (androidx.compose.ui:ui-desktop:1.7.0) and ui-release.aar -> ui-release-runtime (androidx.compose.ui:ui-android:1.7.3)
Duplicate class androidx.compose.ui.node.LayoutNodeLayoutDelegateKt found in modules ui-desktop-1.7.0.jar -> ui-desktop-1.7.0 (androidx.compose.ui:ui-desktop:1.7.0) and ui-release.aar -> ui-release-runtime (androidx.compose.ui:ui-android:1.7.3)
Duplicate class androidx.compose.ui.node.LayoutTreeConsistencyChecker found in modules ui-desktop-1.7.0.jar -> ui-desktop-1.7.0 (androidx.compose.ui:ui-desktop:1.7.0) and ui-release.aar -> ui-release-runtime (androidx.compose.ui:ui-android:1.7.3)
Duplicate class androidx.compose.ui.node.LookaheadAlignmentLines found in modules ui-desktop-1.7.0.jar -> ui-desktop-1.7.0 (androidx.compose.ui:ui-desktop:1.7.0) and ui-release.aar -> ui-release-runtime (androidx.compose.ui:ui-android:1.7.3)
Duplicate class androidx.compose.ui.node.LookaheadCapablePlaceable found in modules ui-desktop-1.7.0.jar -> ui-desktop-1.7.0 (androidx.compose.ui:ui-desktop:1.7.0) and ui-release.aar -> ui-release-runtime (androidx.compose.ui:ui-android:1.7.3)
Duplicate class androidx.compose.ui.node.LookaheadCapablePlaceable$Companion found in modules ui-desktop-1.7.0.jar -> ui-desktop-1.7.0 (androidx.compose.ui:ui-desktop:1.7.0) and ui-release.aar -> ui-release-runtime (androidx.compose.ui:ui-android:1.7.3)
Duplicate class androidx.compose.ui.node.LookaheadCapablePlaceable$Companion$onCommitAffectingRuler$1 found in modules ui-desktop-1.7.0.jar -> ui-desktop-1.7.0 (androidx.compose.ui:ui-desktop:1.7.0) and ui-release.aar -> ui-release-runtime (androidx.compose.ui:ui-android:1.7.3)
Duplicate class androidx.compose.ui.node.LookaheadCapablePlaceable$captureRulers$3 found in modules ui-desktop-1.7.0.jar -> ui-desktop-1.7.0 (androidx.compose.ui:ui-desktop:1.7.0) and ui-release.aar -> ui-release-runtime (androidx.compose.ui:ui-android:1.7.3)
Duplicate class androidx.compose.ui.node.LookaheadCapablePlaceable$layout$1 found in modules ui-desktop-1.7.0.jar -> ui-desktop-1.7.0 (androidx.compose.ui:ui-desktop:1.7.0) and ui-release.aar -> ui-release-runtime (androidx.compose.ui:ui-android:1.7.3)
Duplicate class androidx.compose.ui.node.LookaheadCapablePlaceable$rulerScope$1 found in modules ui-desktop-1.7.0.jar -> ui-desktop-1.7.0 (androidx.compose.ui:ui-desktop:1.7.0) and ui-release.aar -> ui-release-runtime (androidx.compose.ui:ui-android:1.7.3)
Duplicate class androidx.compose.ui.node.LookaheadDelegate found in modules ui-desktop-1.7.0.jar -> ui-desktop-1.7.0 (androidx.compose.ui:ui-desktop:1.7.0) and ui-release.aar -> ui-release-runtime (androidx.compose.ui:ui-android:1.7.3)
Duplicate class androidx.compose.ui.node.LookaheadDelegateKt found in modules ui-desktop-1.7.0.jar -> ui-desktop-1.7.0 (androidx.compose.ui:ui-desktop:1.7.0) and ui-release.aar -> ui-release-runtime (androidx.compose.ui:ui-android:1.7.3)
Duplicate class androidx.compose.ui.node.MeasureAndLayoutDelegate found in modules ui-desktop-1.7.0.jar -> ui-desktop-1.7.0 (androidx.compose.ui:ui-desktop:1.7.0) and ui-release.aar -> ui-release-runtime (androidx.compose.ui:ui-android:1.7.3)
Duplicate class androidx.compose.ui.node.MeasureAndLayoutDelegate$PostponedRequest found in modules ui-desktop-1.7.0.jar -> ui-desktop-1.7.0 (androidx.compose.ui:ui-desktop:1.7.0) and ui-release.aar -> ui-release-runtime (androidx.compose.ui:ui-android:1.7.3)
Duplicate class androidx.compose.ui.node.MeasureAndLayoutDelegate$WhenMappings found in modules ui-desktop-1.7.0.jar -> ui-desktop-1.7.0 (androidx.compose.ui:ui-desktop:1.7.0) and ui-release.aar -> ui-release-runtime (androidx.compose.ui:ui-android:1.7.3)
Duplicate class androidx.compose.ui.node.MeasureBlocks found in modules ui-desktop-1.7.0.jar -> ui-desktop-1.7.0 (androidx.compose.ui:ui-desktop:1.7.0) and ui-release.aar -> ui-release-runtime (androidx.compose.ui:ui-android:1.7.3)
Duplicate class androidx.compose.ui.node.MeasureScopeWithLayoutNode found in modules ui-desktop-1.7.0.jar -> ui-desktop-1.7.0 (androidx.compose.ui:ui-desktop:1.7.0) and ui-release.aar -> ui-release-runtime (androidx.compose.ui:ui-android:1.7.3)
Duplicate class androidx.compose.ui.node.MeasureScopeWithLayoutNodeKt found in modules ui-desktop-1.7.0.jar -> ui-desktop-1.7.0 (androidx.compose.ui:ui-desktop:1.7.0) and ui-release.aar -> ui-release-runtime (androidx.compose.ui:ui-android:1.7.3)
Duplicate class androidx.compose.ui.node.MeasureScopeWithLayoutNodeKt$WhenMappings found in modules ui-desktop-1.7.0.jar -> ui-desktop-1.7.0 (androidx.compose.ui:ui-desktop:1.7.0) and ui-release.aar -> ui-release-runtime (androidx.compose.ui:ui-android:1.7.3)
Duplicate class androidx.compose.ui.node.ModifierNodeElement found in modules ui-desktop-1.7.0.jar -> ui-desktop-1.7.0 (androidx.compose.ui:ui-desktop:1.7.0) and ui-release.aar -> ui-release-runtime (androidx.compose.ui:ui-android:1.7.3)
Duplicate class androidx.compose.ui.node.MotionReferencePlacementDelegate found in modules ui-desktop-1.7.0.jar -> ui-desktop-1.7.0 (androidx.compose.ui:ui-desktop:1.7.0) and ui-release.aar -> ui-release-runtime (androidx.compose.ui:ui-android:1.7.3)
Duplicate class androidx.compose.ui.node.MutableVectorWithMutationTracking found in modules ui-desktop-1.7.0.jar -> ui-desktop-1.7.0 (androidx.compose.ui:ui-desktop:1.7.0) and ui-release.aar -> ui-release-runtime (androidx.compose.ui:ui-android:1.7.3)
Duplicate class androidx.compose.ui.node.MyersDiffKt found in modules ui-desktop-1.7.0.jar -> ui-desktop-1.7.0 (androidx.compose.ui:ui-desktop:1.7.0) and ui-release.aar -> ui-release-runtime (androidx.compose.ui:ui-android:1.7.3)
Duplicate class androidx.compose.ui.node.NestedVectorStack found in modules ui-desktop-1.7.0.jar -> ui-desktop-1.7.0 (androidx.compose.ui:ui-desktop:1.7.0) and ui-release.aar -> ui-release-runtime (androidx.compose.ui:ui-android:1.7.3)
Duplicate class androidx.compose.ui.node.NodeChain found in modules ui-desktop-1.7.0.jar -> ui-desktop-1.7.0 (androidx.compose.ui:ui-desktop:1.7.0) and ui-release.aar -> ui-release-runtime (androidx.compose.ui:ui-android:1.7.3)
Duplicate class androidx.compose.ui.node.NodeChain$Differ found in modules ui-desktop-1.7.0.jar -> ui-desktop-1.7.0 (androidx.compose.ui:ui-desktop:1.7.0) and ui-release.aar -> ui-release-runtime (androidx.compose.ui:ui-android:1.7.3)
Duplicate class androidx.compose.ui.node.NodeChain$Logger found in modules ui-desktop-1.7.0.jar -> ui-desktop-1.7.0 (androidx.compose.ui:ui-desktop:1.7.0) and ui-release.aar -> ui-release-runtime (androidx.compose.ui:ui-android:1.7.3)
Duplicate class androidx.compose.ui.node.NodeChainKt found in modules ui-desktop-1.7.0.jar -> ui-desktop-1.7.0 (androidx.compose.ui:ui-desktop:1.7.0) and ui-release.aar -> ui-release-runtime (androidx.compose.ui:ui-android:1.7.3)
Duplicate class androidx.compose.ui.node.NodeChainKt$SentinelHead$1 found in modules ui-desktop-1.7.0.jar -> ui-desktop-1.7.0 (androidx.compose.ui:ui-desktop:1.7.0) and ui-release.aar -> ui-release-runtime (androidx.compose.ui:ui-android:1.7.3)
Duplicate class androidx.compose.ui.node.NodeChainKt$fillVector$1 found in modules ui-desktop-1.7.0.jar -> ui-desktop-1.7.0 (androidx.compose.ui:ui-desktop:1.7.0) and ui-release.aar -> ui-release-runtime (androidx.compose.ui:ui-android:1.7.3)
Duplicate class androidx.compose.ui.node.NodeCoordinator found in modules ui-desktop-1.7.0.jar -> ui-desktop-1.7.0 (androidx.compose.ui:ui-desktop:1.7.0) and ui-release.aar -> ui-release-runtime (androidx.compose.ui:ui-android:1.7.3)
Duplicate class androidx.compose.ui.node.NodeCoordinator$Companion found in modules ui-desktop-1.7.0.jar -> ui-desktop-1.7.0 (androidx.compose.ui:ui-desktop:1.7.0) and ui-release.aar -> ui-release-runtime (androidx.compose.ui:ui-android:1.7.3)
Duplicate class androidx.compose.ui.node.NodeCoordinator$Companion$PointerInputSource$1 found in modules ui-desktop-1.7.0.jar -> ui-desktop-1.7.0 (androidx.compose.ui:ui-desktop:1.7.0) and ui-release.aar -> ui-release-runtime (androidx.compose.ui:ui-android:1.7.3)
Duplicate class androidx.compose.ui.node.NodeCoordinator$Companion$SemanticsSource$1 found in modules ui-desktop-1.7.0.jar -> ui-desktop-1.7.0 (androidx.compose.ui:ui-desktop:1.7.0) and ui-release.aar -> ui-release-runtime (androidx.compose.ui:ui-android:1.7.3)
Duplicate class androidx.compose.ui.node.NodeCoordinator$Companion$onCommitAffectingLayer$1 found in modules ui-desktop-1.7.0.jar -> ui-desktop-1.7.0 (androidx.compose.ui:ui-desktop:1.7.0) and ui-release.aar -> ui-release-runtime (androidx.compose.ui:ui-android:1.7.3)
Duplicate class androidx.compose.ui.node.NodeCoordinator$Companion$onCommitAffectingLayerParams$1 found in modules ui-desktop-1.7.0.jar -> ui-desktop-1.7.0 (androidx.compose.ui:ui-desktop:1.7.0) and ui-release.aar -> ui-release-runtime (androidx.compose.ui:ui-android:1.7.3)
Duplicate class androidx.compose.ui.node.NodeCoordinator$HitTestSource found in modules ui-desktop-1.7.0.jar -> ui-desktop-1.7.0 (androidx.compose.ui:ui-desktop:1.7.0) and ui-release.aar -> ui-release-runtime (androidx.compose.ui:ui-android:1.7.3)
Duplicate class androidx.compose.ui.node.NodeCoordinator$drawBlock$1 found in modules ui-desktop-1.7.0.jar -> ui-desktop-1.7.0 (androidx.compose.ui:ui-desktop:1.7.0) and ui-release.aar -> ui-release-runtime (androidx.compose.ui:ui-android:1.7.3)
Duplicate class androidx.compose.ui.node.NodeCoordinator$drawBlock$1$1 found in modules ui-desktop-1.7.0.jar -> ui-desktop-1.7.0 (androidx.compose.ui:ui-desktop:1.7.0) and ui-release.aar -> ui-release-runtime (androidx.compose.ui:ui-android:1.7.3)
Duplicate class androidx.compose.ui.node.NodeCoordinator$hit$1 found in modules ui-desktop-1.7.0.jar -> ui-desktop-1.7.0 (androidx.compose.ui:ui-desktop:1.7.0) and ui-release.aar -> ui-release-runtime (androidx.compose.ui:ui-android:1.7.3)
Duplicate class androidx.compose.ui.node.NodeCoordinator$hitNear$1 found in modules ui-desktop-1.7.0.jar -> ui-desktop-1.7.0 (androidx.compose.ui:ui-desktop:1.7.0) and ui-release.aar -> ui-release-runtime (androidx.compose.ui:ui-android:1.7.3)
Duplicate class androidx.compose.ui.node.NodeCoordinator$invalidateParentLayer$1 found in modules ui-desktop-1.7.0.jar -> ui-desktop-1.7.0 (androidx.compose.ui:ui-desktop:1.7.0) and ui-release.aar -> ui-release-runtime (androidx.compose.ui:ui-android:1.7.3)
Duplicate class androidx.compose.ui.node.NodeCoordinator$speculativeHit$1 found in modules ui-desktop-1.7.0.jar -> ui-desktop-1.7.0 (androidx.compose.ui:ui-desktop:1.7.0) and ui-release.aar -> ui-release-runtime (androidx.compose.ui:ui-android:1.7.3)
Duplicate class androidx.compose.ui.node.NodeCoordinator$updateLayerParameters$1 found in modules ui-desktop-1.7.0.jar -> ui-desktop-1.7.0 (androidx.compose.ui:ui-desktop:1.7.0) and ui-release.aar -> ui-release-runtime (androidx.compose.ui:ui-android:1.7.3)
Duplicate class androidx.compose.ui.node.NodeCoordinatorKt found in modules ui-desktop-1.7.0.jar -> ui-desktop-1.7.0 (androidx.compose.ui:ui-desktop:1.7.0) and ui-release.aar -> ui-release-runtime (androidx.compose.ui:ui-android:1.7.3)
Duplicate class androidx.compose.ui.node.NodeKind found in modules ui-desktop-1.7.0.jar -> ui-desktop-1.7.0 (androidx.compose.ui:ui-desktop:1.7.0) and ui-release.aar -> ui-release-runtime (androidx.compose.ui:ui-android:1.7.3)
Duplicate class androidx.compose.ui.node.NodeKindKt found in modules ui-desktop-1.7.0.jar -> ui-desktop-1.7.0 (androidx.compose.ui:ui-desktop:1.7.0) and ui-release.aar -> ui-release-runtime (androidx.compose.ui:ui-android:1.7.3)
Duplicate class androidx.compose.ui.node.NodeMeasuringIntrinsics found in modules ui-desktop-1.7.0.jar -> ui-desktop-1.7.0 (androidx.compose.ui:ui-desktop:1.7.0) and ui-release.aar -> ui-release-runtime (androidx.compose.ui:ui-android:1.7.3)
Duplicate class androidx.compose.ui.node.NodeMeasuringIntrinsics$ApproachMeasureBlock found in modules ui-desktop-1.7.0.jar -> ui-desktop-1.7.0 (androidx.compose.ui:ui-desktop:1.7.0) and ui-release.aar -> ui-release-runtime (androidx.compose.ui:ui-android:1.7.3)
Duplicate class androidx.compose.ui.node.NodeMeasuringIntrinsics$DefaultIntrinsicMeasurable found in modules ui-desktop-1.7.0.jar -> ui-desktop-1.7.0 (androidx.compose.ui:ui-desktop:1.7.0) and ui-release.aar -> ui-release-runtime (androidx.compose.ui:ui-android:1.7.3)
Duplicate class androidx.compose.ui.node.NodeMeasuringIntrinsics$EmptyPlaceable found in modules ui-desktop-1.7.0.jar -> ui-desktop-1.7.0 (androidx.compose.ui:ui-desktop:1.7.0) and ui-release.aar -> ui-release-runtime (androidx.compose.ui:ui-android:1.7.3)
Duplicate class androidx.compose.ui.node.NodeMeasuringIntrinsics$IntrinsicMinMax found in modules ui-desktop-1.7.0.jar -> ui-desktop-1.7.0 (androidx.compose.ui:ui-desktop:1.7.0) and ui-release.aar -> ui-release-runtime (androidx.compose.ui:ui-android:1.7.3)
Duplicate class androidx.compose.ui.node.NodeMeasuringIntrinsics$IntrinsicWidthHeight found in modules ui-desktop-1.7.0.jar -> ui-desktop-1.7.0 (androidx.compose.ui:ui-desktop:1.7.0) and ui-release.aar -> ui-release-runtime (androidx.compose.ui:ui-android:1.7.3)
Duplicate class androidx.compose.ui.node.NodeMeasuringIntrinsics$MeasureBlock found in modules ui-desktop-1.7.0.jar -> ui-desktop-1.7.0 (androidx.compose.ui:ui-desktop:1.7.0) and ui-release.aar -> ui-release-runtime (androidx.compose.ui:ui-android:1.7.3)
Duplicate class androidx.compose.ui.node.Nodes found in modules ui-desktop-1.7.0.jar -> ui-desktop-1.7.0 (androidx.compose.ui:ui-desktop:1.7.0) and ui-release.aar -> ui-release-runtime (androidx.compose.ui:ui-android:1.7.3)
Duplicate class androidx.compose.ui.node.ObserverModifierNode found in modules ui-desktop-1.7.0.jar -> ui-desktop-1.7.0 (androidx.compose.ui:ui-desktop:1.7.0) and ui-release.aar -> ui-release-runtime (androidx.compose.ui:ui-android:1.7.3)
Duplicate class androidx.compose.ui.node.ObserverModifierNodeKt found in modules ui-desktop-1.7.0.jar -> ui-desktop-1.7.0 (androidx.compose.ui:ui-desktop:1.7.0) and ui-release.aar -> ui-release-runtime (androidx.compose.ui:ui-android:1.7.3)
Duplicate class androidx.compose.ui.node.ObserverNodeOwnerScope found in modules ui-desktop-1.7.0.jar -> ui-desktop-1.7.0 (androidx.compose.ui:ui-desktop:1.7.0) and ui-release.aar -> ui-release-runtime (androidx.compose.ui:ui-android:1.7.3)
Duplicate class androidx.compose.ui.node.ObserverNodeOwnerScope$Companion found in modules ui-desktop-1.7.0.jar -> ui-desktop-1.7.0 (androidx.compose.ui:ui-desktop:1.7.0) and ui-release.aar -> ui-release-runtime (androidx.compose.ui:ui-android:1.7.3)
Duplicate class androidx.compose.ui.node.ObserverNodeOwnerScope$Companion$OnObserveReadsChanged$1 found in modules ui-desktop-1.7.0.jar -> ui-desktop-1.7.0 (androidx.compose.ui:ui-desktop:1.7.0) and ui-release.aar -> ui-release-runtime (androidx.compose.ui:ui-android:1.7.3)
Duplicate class androidx.compose.ui.node.OnPositionedDispatcher found in modules ui-desktop-1.7.0.jar -> ui-desktop-1.7.0 (androidx.compose.ui:ui-desktop:1.7.0) and ui-release.aar -> ui-release-runtime (androidx.compose.ui:ui-android:1.7.3)
Duplicate class androidx.compose.ui.node.OnPositionedDispatcher$Companion found in modules ui-desktop-1.7.0.jar -> ui-desktop-1.7.0 (androidx.compose.ui:ui-desktop:1.7.0) and ui-release.aar -> ui-release-runtime (androidx.compose.ui:ui-android:1.7.3)
Duplicate class androidx.compose.ui.node.OnPositionedDispatcher$Companion$DepthComparator found in modules ui-desktop-1.7.0.jar -> ui-desktop-1.7.0 (androidx.compose.ui:ui-desktop:1.7.0) and ui-release.aar -> ui-release-runtime (androidx.compose.ui:ui-android:1.7.3)
Duplicate class androidx.compose.ui.node.OwnedLayer found in modules ui-desktop-1.7.0.jar -> ui-desktop-1.7.0 (androidx.compose.ui:ui-desktop:1.7.0) and ui-release.aar -> ui-release-runtime (androidx.compose.ui:ui-android:1.7.3)
Duplicate class androidx.compose.ui.node.Owner found in modules ui-desktop-1.7.0.jar -> ui-desktop-1.7.0 (androidx.compose.ui:ui-desktop:1.7.0) and ui-release.aar -> ui-release-runtime (androidx.compose.ui:ui-android:1.7.3)
Duplicate class androidx.compose.ui.node.Owner$Companion found in modules ui-desktop-1.7.0.jar -> ui-desktop-1.7.0 (androidx.compose.ui:ui-desktop:1.7.0) and ui-release.aar -> ui-release-runtime (androidx.compose.ui:ui-android:1.7.3)
Duplicate class androidx.compose.ui.node.Owner$OnLayoutCompletedListener found in modules ui-desktop-1.7.0.jar -> ui-desktop-1.7.0 (androidx.compose.ui:ui-desktop:1.7.0) and ui-release.aar -> ui-release-runtime (androidx.compose.ui:ui-android:1.7.3)
Duplicate class androidx.compose.ui.node.OwnerScope found in modules ui-desktop-1.7.0.jar -> ui-desktop-1.7.0 (androidx.compose.ui:ui-desktop:1.7.0) and ui-release.aar -> ui-release-runtime (androidx.compose.ui:ui-android:1.7.3)
Duplicate class androidx.compose.ui.node.OwnerSnapshotObserver found in modules ui-desktop-1.7.0.jar -> ui-desktop-1.7.0 (androidx.compose.ui:ui-desktop:1.7.0) and ui-release.aar -> ui-release-runtime (androidx.compose.ui:ui-android:1.7.3)
Duplicate class androidx.compose.ui.node.OwnerSnapshotObserver$clearInvalidObservations$1 found in modules ui-desktop-1.7.0.jar -> ui-desktop-1.7.0 (androidx.compose.ui:ui-desktop:1.7.0) and ui-release.aar -> ui-release-runtime (androidx.compose.ui:ui-android:1.7.3)
Duplicate class androidx.compose.ui.node.OwnerSnapshotObserver$onCommitAffectingLayout$1 found in modules ui-desktop-1.7.0.jar -> ui-desktop-1.7.0 (androidx.compose.ui:ui-desktop:1.7.0) and ui-release.aar -> ui-release-runtime (androidx.compose.ui:ui-android:1.7.3)
Duplicate class androidx.compose.ui.node.OwnerSnapshotObserver$onCommitAffectingLayoutModifier$1 found in modules ui-desktop-1.7.0.jar -> ui-desktop-1.7.0 (androidx.compose.ui:ui-desktop:1.7.0) and ui-release.aar -> ui-release-runtime (androidx.compose.ui:ui-android:1.7.3)
Duplicate class androidx.compose.ui.node.OwnerSnapshotObserver$onCommitAffectingLayoutModifierInLookahead$1 found in modules ui-desktop-1.7.0.jar -> ui-desktop-1.7.0 (androidx.compose.ui:ui-desktop:1.7.0) and ui-release.aar -> ui-release-runtime (androidx.compose.ui:ui-android:1.7.3)
Duplicate class androidx.compose.ui.node.OwnerSnapshotObserver$onCommitAffectingLookahead$1 found in modules ui-desktop-1.7.0.jar -> ui-desktop-1.7.0 (androidx.compose.ui:ui-desktop:1.7.0) and ui-release.aar -> ui-release-runtime (androidx.compose.ui:ui-android:1.7.3)
Duplicate class androidx.compose.ui.node.OwnerSnapshotObserver$onCommitAffectingLookaheadMeasure$1 found in modules ui-desktop-1.7.0.jar -> ui-desktop-1.7.0 (androidx.compose.ui:ui-desktop:1.7.0) and ui-release.aar -> ui-release-runtime (androidx.compose.ui:ui-android:1.7.3)
Duplicate class androidx.compose.ui.node.OwnerSnapshotObserver$onCommitAffectingMeasure$1 found in modules ui-desktop-1.7.0.jar -> ui-desktop-1.7.0 (androidx.compose.ui:ui-desktop:1.7.0) and ui-release.aar -> ui-release-runtime (androidx.compose.ui:ui-android:1.7.3)
Duplicate class androidx.compose.ui.node.OwnerSnapshotObserver$onCommitAffectingSemantics$1 found in modules ui-desktop-1.7.0.jar -> ui-desktop-1.7.0 (androidx.compose.ui:ui-desktop:1.7.0) and ui-release.aar -> ui-release-runtime (androidx.compose.ui:ui-android:1.7.3)
Duplicate class androidx.compose.ui.node.ParentDataModifierNode found in modules ui-desktop-1.7.0.jar -> ui-desktop-1.7.0 (androidx.compose.ui:ui-desktop:1.7.0) and ui-release.aar -> ui-release-runtime (androidx.compose.ui:ui-android:1.7.3)
Duplicate class androidx.compose.ui.node.ParentDataModifierNodeKt found in modules ui-desktop-1.7.0.jar -> ui-desktop-1.7.0 (androidx.compose.ui:ui-desktop:1.7.0) and ui-release.aar -> ui-release-runtime (androidx.compose.ui:ui-android:1.7.3)
Duplicate class androidx.compose.ui.node.PlaceableResult found in modules ui-desktop-1.7.0.jar -> ui-desktop-1.7.0 (androidx.compose.ui:ui-desktop:1.7.0) and ui-release.aar -> ui-release-runtime (androidx.compose.ui:ui-android:1.7.3)
Duplicate class androidx.compose.ui.node.PointerInputModifierNode found in modules ui-desktop-1.7.0.jar -> ui-desktop-1.7.0 (androidx.compose.ui:ui-desktop:1.7.0) and ui-release.aar -> ui-release-runtime (androidx.compose.ui:ui-android:1.7.3)
Duplicate class androidx.compose.ui.node.PointerInputModifierNodeKt found in modules ui-desktop-1.7.0.jar -> ui-desktop-1.7.0 (androidx.compose.ui:ui-desktop:1.7.0) and ui-release.aar -> ui-release-runtime (androidx.compose.ui:ui-android:1.7.3)
Duplicate class androidx.compose.ui.node.Ref found in modules ui-desktop-1.7.0.jar -> ui-desktop-1.7.0 (androidx.compose.ui:ui-desktop:1.7.0) and ui-release.aar -> ui-release-runtime (androidx.compose.ui:ui-android:1.7.3)
Duplicate class androidx.compose.ui.node.RootForTest found in modules ui-desktop-1.7.0.jar -> ui-desktop-1.7.0 (androidx.compose.ui:ui-desktop:1.7.0) and ui-release.aar -> ui-release-runtime (androidx.compose.ui:ui-android:1.7.3)
Duplicate class androidx.compose.ui.node.SemanticsModifierNode found in modules ui-desktop-1.7.0.jar -> ui-desktop-1.7.0 (androidx.compose.ui:ui-desktop:1.7.0) and ui-release.aar -> ui-release-runtime (androidx.compose.ui:ui-android:1.7.3)
Duplicate class androidx.compose.ui.node.SemanticsModifierNodeKt found in modules ui-desktop-1.7.0.jar -> ui-desktop-1.7.0 (androidx.compose.ui:ui-desktop:1.7.0) and ui-release.aar -> ui-release-runtime (androidx.compose.ui:ui-android:1.7.3)
Duplicate class androidx.compose.ui.node.Snake found in modules ui-desktop-1.7.0.jar -> ui-desktop-1.7.0 (androidx.compose.ui:ui-desktop:1.7.0) and ui-release.aar -> ui-release-runtime (androidx.compose.ui:ui-android:1.7.3)
Duplicate class androidx.compose.ui.node.TailModifierNode found in modules ui-desktop-1.7.0.jar -> ui-desktop-1.7.0 (androidx.compose.ui:ui-desktop:1.7.0) and ui-release.aar -> ui-release-runtime (androidx.compose.ui:ui-android:1.7.3)
Duplicate class androidx.compose.ui.node.TraversableNode found in modules ui-desktop-1.7.0.jar -> ui-desktop-1.7.0 (androidx.compose.ui:ui-desktop:1.7.0) and ui-release.aar -> ui-release-runtime (androidx.compose.ui:ui-android:1.7.3)
Duplicate class androidx.compose.ui.node.TraversableNode$Companion found in modules ui-desktop-1.7.0.jar -> ui-desktop-1.7.0 (androidx.compose.ui:ui-desktop:1.7.0) and ui-release.aar -> ui-release-runtime (androidx.compose.ui:ui-android:1.7.3)
Duplicate class androidx.compose.ui.node.TraversableNode$Companion$TraverseDescendantsAction found in modules ui-desktop-1.7.0.jar -> ui-desktop-1.7.0 (androidx.compose.ui:ui-desktop:1.7.0) and ui-release.aar -> ui-release-runtime (androidx.compose.ui:ui-android:1.7.3)
Duplicate class androidx.compose.ui.node.TraversableNodeKt found in modules ui-desktop-1.7.0.jar -> ui-desktop-1.7.0 (androidx.compose.ui:ui-desktop:1.7.0) and ui-release.aar -> ui-release-runtime (androidx.compose.ui:ui-android:1.7.3)
Duplicate class androidx.compose.ui.node.TreeSet found in modules ui-desktop-1.7.0.jar -> ui-desktop-1.7.0 (androidx.compose.ui:ui-desktop:1.7.0) and ui-release.aar -> ui-release-runtime (androidx.compose.ui:ui-android:1.7.3)
Duplicate class androidx.compose.ui.node.WeakReference_jvmKt found in modules ui-desktop-1.7.0.jar -> ui-desktop-1.7.0 (androidx.compose.ui:ui-desktop:1.7.0) and ui-release.aar -> ui-release-runtime (androidx.compose.ui:ui-android:1.7.3)
Duplicate class androidx.compose.ui.platform.AccessibilityManager found in modules ui-desktop-1.7.0.jar -> ui-desktop-1.7.0 (androidx.compose.ui:ui-desktop:1.7.0) and ui-release.aar -> ui-release-runtime (androidx.compose.ui:ui-android:1.7.3)
Duplicate class androidx.compose.ui.platform.AccessibilityManager$DefaultImpls found in modules ui-desktop-1.7.0.jar -> ui-desktop-1.7.0 (androidx.compose.ui:ui-desktop:1.7.0) and ui-release.aar -> ui-release-runtime (androidx.compose.ui:ui-android:1.7.3)
Duplicate class androidx.compose.ui.platform.ChainedPlatformTextInputInterceptor found in modules ui-desktop-1.7.0.jar -> ui-desktop-1.7.0 (androidx.compose.ui:ui-desktop:1.7.0) and ui-release.aar -> ui-release-runtime (androidx.compose.ui:ui-android:1.7.3)
Duplicate class androidx.compose.ui.platform.ChainedPlatformTextInputInterceptor$textInputSession$1 found in modules ui-desktop-1.7.0.jar -> ui-desktop-1.7.0 (androidx.compose.ui:ui-desktop:1.7.0) and ui-release.aar -> ui-release-runtime (androidx.compose.ui:ui-android:1.7.3)
Duplicate class androidx.compose.ui.platform.ChainedPlatformTextInputInterceptor$textInputSession$2 found in modules ui-desktop-1.7.0.jar -> ui-desktop-1.7.0 (androidx.compose.ui:ui-desktop:1.7.0) and ui-release.aar -> ui-release-runtime (androidx.compose.ui:ui-android:1.7.3)
Duplicate class androidx.compose.ui.platform.ChainedPlatformTextInputInterceptor$textInputSession$2$scope$1 found in modules ui-desktop-1.7.0.jar -> ui-desktop-1.7.0 (androidx.compose.ui:ui-desktop:1.7.0) and ui-release.aar -> ui-release-runtime (androidx.compose.ui:ui-android:1.7.3)
Duplicate class androidx.compose.ui.platform.ChainedPlatformTextInputInterceptor$textInputSession$2$scope$1$startInputMethod$1 found in modules ui-desktop-1.7.0.jar -> ui-desktop-1.7.0 (androidx.compose.ui:ui-desktop:1.7.0) and ui-release.aar -> ui-release-runtime (androidx.compose.ui:ui-android:1.7.3)
Duplicate class androidx.compose.ui.platform.ChainedPlatformTextInputInterceptor$textInputSession$2$scope$1$startInputMethod$2 found in modules ui-desktop-1.7.0.jar -> ui-desktop-1.7.0 (androidx.compose.ui:ui-desktop:1.7.0) and ui-release.aar -> ui-release-runtime (androidx.compose.ui:ui-android:1.7.3)
Duplicate class androidx.compose.ui.platform.ChainedPlatformTextInputInterceptor$textInputSession$2$scope$1$startInputMethod$3 found in modules ui-desktop-1.7.0.jar -> ui-desktop-1.7.0 (androidx.compose.ui:ui-desktop:1.7.0) and ui-release.aar -> ui-release-runtime (androidx.compose.ui:ui-android:1.7.3)
Duplicate class androidx.compose.ui.platform.ChainedPlatformTextInputInterceptor$textInputSession$2$scope$1$startInputMethod$3$1 found in modules ui-desktop-1.7.0.jar -> ui-desktop-1.7.0 (androidx.compose.ui:ui-desktop:1.7.0) and ui-release.aar -> ui-release-runtime (androidx.compose.ui:ui-android:1.7.3)
Duplicate class androidx.compose.ui.platform.ChainedPlatformTextInputInterceptor$textInputSession$2$scope$1$startInputMethod$3$2 found in modules ui-desktop-1.7.0.jar -> ui-desktop-1.7.0 (androidx.compose.ui:ui-desktop:1.7.0) and ui-release.aar -> ui-release-runtime (androidx.compose.ui:ui-android:1.7.3)
Duplicate class androidx.compose.ui.platform.ClipEntry found in modules ui-desktop-1.7.0.jar -> ui-desktop-1.7.0 (androidx.compose.ui:ui-desktop:1.7.0) and ui-release.aar -> ui-release-runtime (androidx.compose.ui:ui-android:1.7.3)
Duplicate class androidx.compose.ui.platform.ClipMetadata found in modules ui-desktop-1.7.0.jar -> ui-desktop-1.7.0 (androidx.compose.ui:ui-desktop:1.7.0) and ui-release.aar -> ui-release-runtime (androidx.compose.ui:ui-android:1.7.3)
Duplicate class androidx.compose.ui.platform.ClipboardManager found in modules ui-desktop-1.7.0.jar -> ui-desktop-1.7.0 (androidx.compose.ui:ui-desktop:1.7.0) and ui-release.aar -> ui-release-runtime (androidx.compose.ui:ui-android:1.7.3)
Duplicate class androidx.compose.ui.platform.CompositionLocalsKt found in modules ui-desktop-1.7.0.jar -> ui-desktop-1.7.0 (androidx.compose.ui:ui-desktop:1.7.0) and ui-release.aar -> ui-release-runtime (androidx.compose.ui:ui-android:1.7.3)
Duplicate class androidx.compose.ui.platform.CompositionLocalsKt$LocalAccessibilityManager$1 found in modules ui-desktop-1.7.0.jar -> ui-desktop-1.7.0 (androidx.compose.ui:ui-desktop:1.7.0) and ui-release.aar -> ui-release-runtime (androidx.compose.ui:ui-android:1.7.3)
Duplicate class androidx.compose.ui.platform.CompositionLocalsKt$LocalAutofill$1 found in modules ui-desktop-1.7.0.jar -> ui-desktop-1.7.0 (androidx.compose.ui:ui-desktop:1.7.0) and ui-release.aar -> ui-release-runtime (androidx.compose.ui:ui-android:1.7.3)
Duplicate class androidx.compose.ui.platform.CompositionLocalsKt$LocalAutofillTree$1 found in modules ui-desktop-1.7.0.jar -> ui-desktop-1.7.0 (androidx.compose.ui:ui-desktop:1.7.0) and ui-release.aar -> ui-release-runtime (androidx.compose.ui:ui-android:1.7.3)
Duplicate class androidx.compose.ui.platform.CompositionLocalsKt$LocalClipboardManager$1 found in modules ui-desktop-1.7.0.jar -> ui-desktop-1.7.0 (androidx.compose.ui:ui-desktop:1.7.0) and ui-release.aar -> ui-release-runtime (androidx.compose.ui:ui-android:1.7.3)
Duplicate class androidx.compose.ui.platform.CompositionLocalsKt$LocalDensity$1 found in modules ui-desktop-1.7.0.jar -> ui-desktop-1.7.0 (androidx.compose.ui:ui-desktop:1.7.0) and ui-release.aar -> ui-release-runtime (androidx.compose.ui:ui-android:1.7.3)
Duplicate class androidx.compose.ui.platform.CompositionLocalsKt$LocalFocusManager$1 found in modules ui-desktop-1.7.0.jar -> ui-desktop-1.7.0 (androidx.compose.ui:ui-desktop:1.7.0) and ui-release.aar -> ui-release-runtime (androidx.compose.ui:ui-android:1.7.3)
Duplicate class androidx.compose.ui.platform.CompositionLocalsKt$LocalFontFamilyResolver$1 found in modules ui-desktop-1.7.0.jar -> ui-desktop-1.7.0 (androidx.compose.ui:ui-desktop:1.7.0) and ui-release.aar -> ui-release-runtime (androidx.compose.ui:ui-android:1.7.3)
Duplicate class androidx.compose.ui.platform.CompositionLocalsKt$LocalFontLoader$1 found in modules ui-desktop-1.7.0.jar -> ui-desktop-1.7.0 (androidx.compose.ui:ui-desktop:1.7.0) and ui-release.aar -> ui-release-runtime (androidx.compose.ui:ui-android:1.7.3)
Duplicate class androidx.compose.ui.platform.CompositionLocalsKt$LocalGraphicsContext$1 found in modules ui-desktop-1.7.0.jar -> ui-desktop-1.7.0 (androidx.compose.ui:ui-desktop:1.7.0) and ui-release.aar -> ui-release-runtime (androidx.compose.ui:ui-android:1.7.3)
Duplicate class androidx.compose.ui.platform.CompositionLocalsKt$LocalHapticFeedback$1 found in modules ui-desktop-1.7.0.jar -> ui-desktop-1.7.0 (androidx.compose.ui:ui-desktop:1.7.0) and ui-release.aar -> ui-release-runtime (androidx.compose.ui:ui-android:1.7.3)
Duplicate class androidx.compose.ui.platform.CompositionLocalsKt$LocalInputModeManager$1 found in modules ui-desktop-1.7.0.jar -> ui-desktop-1.7.0 (androidx.compose.ui:ui-desktop:1.7.0) and ui-release.aar -> ui-release-runtime (androidx.compose.ui:ui-android:1.7.3)
Duplicate class androidx.compose.ui.platform.CompositionLocalsKt$LocalLayoutDirection$1 found in modules ui-desktop-1.7.0.jar -> ui-desktop-1.7.0 (androidx.compose.ui:ui-desktop:1.7.0) and ui-release.aar -> ui-release-runtime (androidx.compose.ui:ui-android:1.7.3)
Duplicate class androidx.compose.ui.platform.CompositionLocalsKt$LocalPointerIconService$1 found in modules ui-desktop-1.7.0.jar -> ui-desktop-1.7.0 (androidx.compose.ui:ui-desktop:1.7.0) and ui-release.aar -> ui-release-runtime (androidx.compose.ui:ui-android:1.7.3)
Duplicate class androidx.compose.ui.platform.CompositionLocalsKt$LocalProvidableScrollCaptureInProgress$1 found in modules ui-desktop-1.7.0.jar -> ui-desktop-1.7.0 (androidx.compose.ui:ui-desktop:1.7.0) and ui-release.aar -> ui-release-runtime (androidx.compose.ui:ui-android:1.7.3)
Duplicate class androidx.compose.ui.platform.CompositionLocalsKt$LocalSoftwareKeyboardController$1 found in modules ui-desktop-1.7.0.jar -> ui-desktop-1.7.0 (androidx.compose.ui:ui-desktop:1.7.0) and ui-release.aar -> ui-release-runtime (androidx.compose.ui:ui-android:1.7.3)
Duplicate class androidx.compose.ui.platform.CompositionLocalsKt$LocalTextInputService$1 found in modules ui-desktop-1.7.0.jar -> ui-desktop-1.7.0 (androidx.compose.ui:ui-desktop:1.7.0) and ui-release.aar -> ui-release-runtime (androidx.compose.ui:ui-android:1.7.3)
Duplicate class androidx.compose.ui.platform.CompositionLocalsKt$LocalTextToolbar$1 found in modules ui-desktop-1.7.0.jar -> ui-desktop-1.7.0 (androidx.compose.ui:ui-desktop:1.7.0) and ui-release.aar -> ui-release-runtime (androidx.compose.ui:ui-android:1.7.3)
Duplicate class androidx.compose.ui.platform.CompositionLocalsKt$LocalUriHandler$1 found in modules ui-desktop-1.7.0.jar -> ui-desktop-1.7.0 (androidx.compose.ui:ui-desktop:1.7.0) and ui-release.aar -> ui-release-runtime (androidx.compose.ui:ui-android:1.7.3)
Duplicate class androidx.compose.ui.platform.CompositionLocalsKt$LocalViewConfiguration$1 found in modules ui-desktop-1.7.0.jar -> ui-desktop-1.7.0 (androidx.compose.ui:ui-desktop:1.7.0) and ui-release.aar -> ui-release-runtime (androidx.compose.ui:ui-android:1.7.3)
Duplicate class androidx.compose.ui.platform.CompositionLocalsKt$LocalWindowInfo$1 found in modules ui-desktop-1.7.0.jar -> ui-desktop-1.7.0 (androidx.compose.ui:ui-desktop:1.7.0) and ui-release.aar -> ui-release-runtime (androidx.compose.ui:ui-android:1.7.3)
Duplicate class androidx.compose.ui.platform.CompositionLocalsKt$ProvideCommonCompositionLocals$1 found in modules ui-desktop-1.7.0.jar -> ui-desktop-1.7.0 (androidx.compose.ui:ui-desktop:1.7.0) and ui-release.aar -> ui-release-runtime (androidx.compose.ui:ui-android:1.7.3)
Duplicate class androidx.compose.ui.platform.DebugUtilsKt found in modules ui-desktop-1.7.0.jar -> ui-desktop-1.7.0 (androidx.compose.ui:ui-desktop:1.7.0) and ui-release.aar -> ui-release-runtime (androidx.compose.ui:ui-android:1.7.3)
Duplicate class androidx.compose.ui.platform.DelegatingSoftwareKeyboardController found in modules ui-desktop-1.7.0.jar -> ui-desktop-1.7.0 (androidx.compose.ui:ui-desktop:1.7.0) and ui-release.aar -> ui-release-runtime (androidx.compose.ui:ui-android:1.7.3)
Duplicate class androidx.compose.ui.platform.GlobalSnapshotManager found in modules ui-desktop-1.7.0.jar -> ui-desktop-1.7.0 (androidx.compose.ui:ui-desktop:1.7.0) and ui-release.aar -> ui-release-runtime (androidx.compose.ui:ui-android:1.7.3)
Duplicate class androidx.compose.ui.platform.GlobalSnapshotManager$ensureStarted$1 found in modules ui-desktop-1.7.0.jar -> ui-desktop-1.7.0 (androidx.compose.ui:ui-desktop:1.7.0) and ui-release.aar -> ui-release-runtime (androidx.compose.ui:ui-android:1.7.3)
Duplicate class androidx.compose.ui.platform.GlobalSnapshotManager$ensureStarted$2 found in modules ui-desktop-1.7.0.jar -> ui-desktop-1.7.0 (androidx.compose.ui:ui-desktop:1.7.0) and ui-release.aar -> ui-release-runtime (androidx.compose.ui:ui-android:1.7.3)
Duplicate class androidx.compose.ui.platform.InfiniteAnimationPolicy found in modules ui-desktop-1.7.0.jar -> ui-desktop-1.7.0 (androidx.compose.ui:ui-desktop:1.7.0) and ui-release.aar -> ui-release-runtime (androidx.compose.ui:ui-android:1.7.3)
Duplicate class androidx.compose.ui.platform.InfiniteAnimationPolicy$DefaultImpls found in modules ui-desktop-1.7.0.jar -> ui-desktop-1.7.0 (androidx.compose.ui:ui-desktop:1.7.0) and ui-release.aar -> ui-release-runtime (androidx.compose.ui:ui-android:1.7.3)
Duplicate class androidx.compose.ui.platform.InfiniteAnimationPolicy$Key found in modules ui-desktop-1.7.0.jar -> ui-desktop-1.7.0 (androidx.compose.ui:ui-desktop:1.7.0) and ui-release.aar -> ui-release-runtime (androidx.compose.ui:ui-android:1.7.3)
Duplicate class androidx.compose.ui.platform.InfiniteAnimationPolicyKt found in modules ui-desktop-1.7.0.jar -> ui-desktop-1.7.0 (androidx.compose.ui:ui-desktop:1.7.0) and ui-release.aar -> ui-release-runtime (androidx.compose.ui:ui-android:1.7.3)
Duplicate class androidx.compose.ui.platform.InfiniteAnimationPolicyKt$withInfiniteAnimationFrameNanos$2 found in modules ui-desktop-1.7.0.jar -> ui-desktop-1.7.0 (androidx.compose.ui:ui-desktop:1.7.0) and ui-release.aar -> ui-release-runtime (androidx.compose.ui:ui-android:1.7.3)
Duplicate class androidx.compose.ui.platform.InspectableModifier found in modules ui-desktop-1.7.0.jar -> ui-desktop-1.7.0 (androidx.compose.ui:ui-desktop:1.7.0) and ui-release.aar -> ui-release-runtime (androidx.compose.ui:ui-android:1.7.3)
Duplicate class androidx.compose.ui.platform.InspectableModifier$End found in modules ui-desktop-1.7.0.jar -> ui-desktop-1.7.0 (androidx.compose.ui:ui-desktop:1.7.0) and ui-release.aar -> ui-release-runtime (androidx.compose.ui:ui-android:1.7.3)
Duplicate class androidx.compose.ui.platform.InspectableValue found in modules ui-desktop-1.7.0.jar -> ui-desktop-1.7.0 (androidx.compose.ui:ui-desktop:1.7.0) and ui-release.aar -> ui-release-runtime (androidx.compose.ui:ui-android:1.7.3)
Duplicate class androidx.compose.ui.platform.InspectableValue$DefaultImpls found in modules ui-desktop-1.7.0.jar -> ui-desktop-1.7.0 (androidx.compose.ui:ui-desktop:1.7.0) and ui-release.aar -> ui-release-runtime (androidx.compose.ui:ui-android:1.7.3)
Duplicate class androidx.compose.ui.platform.InspectableValueKt found in modules ui-desktop-1.7.0.jar -> ui-desktop-1.7.0 (androidx.compose.ui:ui-desktop:1.7.0) and ui-release.aar -> ui-release-runtime (androidx.compose.ui:ui-android:1.7.3)
Duplicate class androidx.compose.ui.platform.InspectableValueKt$NoInspectorInfo$1 found in modules ui-desktop-1.7.0.jar -> ui-desktop-1.7.0 (androidx.compose.ui:ui-desktop:1.7.0) and ui-release.aar -> ui-release-runtime (androidx.compose.ui:ui-android:1.7.3)
Duplicate class androidx.compose.ui.platform.InspectableValueKt$debugInspectorInfo$1 found in modules ui-desktop-1.7.0.jar -> ui-desktop-1.7.0 (androidx.compose.ui:ui-desktop:1.7.0) and ui-release.aar -> ui-release-runtime (androidx.compose.ui:ui-android:1.7.3)
Duplicate class androidx.compose.ui.platform.InspectionModeKt found in modules ui-desktop-1.7.0.jar -> ui-desktop-1.7.0 (androidx.compose.ui:ui-desktop:1.7.0) and ui-release.aar -> ui-release-runtime (androidx.compose.ui:ui-android:1.7.3)
Duplicate class androidx.compose.ui.platform.InspectionModeKt$LocalInspectionMode$1 found in modules ui-desktop-1.7.0.jar -> ui-desktop-1.7.0 (androidx.compose.ui:ui-desktop:1.7.0) and ui-release.aar -> ui-release-runtime (androidx.compose.ui:ui-android:1.7.3)
Duplicate class androidx.compose.ui.platform.InspectorInfo found in modules ui-desktop-1.7.0.jar -> ui-desktop-1.7.0 (androidx.compose.ui:ui-desktop:1.7.0) and ui-release.aar -> ui-release-runtime (androidx.compose.ui:ui-android:1.7.3)
Duplicate class androidx.compose.ui.platform.InspectorValueInfo found in modules ui-desktop-1.7.0.jar -> ui-desktop-1.7.0 (androidx.compose.ui:ui-desktop:1.7.0) and ui-release.aar -> ui-release-runtime (androidx.compose.ui:ui-android:1.7.3)
Duplicate class androidx.compose.ui.platform.InvertMatrixKt found in modules ui-desktop-1.7.0.jar -> ui-desktop-1.7.0 (androidx.compose.ui:ui-desktop:1.7.0) and ui-release.aar -> ui-release-runtime (androidx.compose.ui:ui-android:1.7.3)
Duplicate class androidx.compose.ui.platform.JvmActuals_jvmKt found in modules ui-desktop-1.7.0.jar -> ui-desktop-1.7.0 (androidx.compose.ui:ui-desktop:1.7.0) and ui-release.aar -> ui-release-runtime (androidx.compose.ui:ui-android:1.7.3)
Duplicate class androidx.compose.ui.platform.PlatformTextInputInterceptor found in modules ui-desktop-1.7.0.jar -> ui-desktop-1.7.0 (androidx.compose.ui:ui-desktop:1.7.0) and ui-release.aar -> ui-release-runtime (androidx.compose.ui:ui-android:1.7.3)
Duplicate class androidx.compose.ui.platform.PlatformTextInputMethodRequest found in modules ui-desktop-1.7.0.jar -> ui-desktop-1.7.0 (androidx.compose.ui:ui-desktop:1.7.0) and ui-release.aar -> ui-release-runtime (androidx.compose.ui:ui-android:1.7.3)
Duplicate class androidx.compose.ui.platform.PlatformTextInputModifierNode found in modules ui-desktop-1.7.0.jar -> ui-desktop-1.7.0 (androidx.compose.ui:ui-desktop:1.7.0) and ui-release.aar -> ui-release-runtime (androidx.compose.ui:ui-android:1.7.3)
Duplicate class androidx.compose.ui.platform.PlatformTextInputModifierNodeKt found in modules ui-desktop-1.7.0.jar -> ui-desktop-1.7.0 (androidx.compose.ui:ui-desktop:1.7.0) and ui-release.aar -> ui-release-runtime (androidx.compose.ui:ui-android:1.7.3)
Duplicate class androidx.compose.ui.platform.PlatformTextInputModifierNodeKt$InterceptPlatformTextInput$1 found in modules ui-desktop-1.7.0.jar -> ui-desktop-1.7.0 (androidx.compose.ui:ui-desktop:1.7.0) and ui-release.aar -> ui-release-runtime (androidx.compose.ui:ui-android:1.7.3)
Duplicate class androidx.compose.ui.platform.PlatformTextInputModifierNodeKt$LocalChainedPlatformTextInputInterceptor$1 found in modules ui-desktop-1.7.0.jar -> ui-desktop-1.7.0 (androidx.compose.ui:ui-desktop:1.7.0) and ui-release.aar -> ui-release-runtime (androidx.compose.ui:ui-android:1.7.3)
Duplicate class androidx.compose.ui.platform.PlatformTextInputModifierNodeKt$establishTextInputSession$1 found in modules ui-desktop-1.7.0.jar -> ui-desktop-1.7.0 (androidx.compose.ui:ui-desktop:1.7.0) and ui-release.aar -> ui-release-runtime (androidx.compose.ui:ui-android:1.7.3)
Duplicate class androidx.compose.ui.platform.PlatformTextInputModifierNodeKt$interceptedTextInputSession$1 found in modules ui-desktop-1.7.0.jar -> ui-desktop-1.7.0 (androidx.compose.ui:ui-desktop:1.7.0) and ui-release.aar -> ui-release-runtime (androidx.compose.ui:ui-android:1.7.3)
Duplicate class androidx.compose.ui.platform.PlatformTextInputSession found in modules ui-desktop-1.7.0.jar -> ui-desktop-1.7.0 (androidx.compose.ui:ui-desktop:1.7.0) and ui-release.aar -> ui-release-runtime (androidx.compose.ui:ui-android:1.7.3)
Duplicate class androidx.compose.ui.platform.PlatformTextInputSessionScope found in modules ui-desktop-1.7.0.jar -> ui-desktop-1.7.0 (androidx.compose.ui:ui-desktop:1.7.0) and ui-release.aar -> ui-release-runtime (androidx.compose.ui:ui-android:1.7.3)
Duplicate class androidx.compose.ui.platform.ShapeContainingUtilKt found in modules ui-desktop-1.7.0.jar -> ui-desktop-1.7.0 (androidx.compose.ui:ui-desktop:1.7.0) and ui-release.aar -> ui-release-runtime (androidx.compose.ui:ui-android:1.7.3)
Duplicate class androidx.compose.ui.platform.SoftwareKeyboardController found in modules ui-desktop-1.7.0.jar -> ui-desktop-1.7.0 (androidx.compose.ui:ui-desktop:1.7.0) and ui-release.aar -> ui-release-runtime (androidx.compose.ui:ui-android:1.7.3)
Duplicate class androidx.compose.ui.platform.TestTagElement found in modules ui-desktop-1.7.0.jar -> ui-desktop-1.7.0 (androidx.compose.ui:ui-desktop:1.7.0) and ui-release.aar -> ui-release-runtime (androidx.compose.ui:ui-android:1.7.3)
Duplicate class androidx.compose.ui.platform.TestTagKt found in modules ui-desktop-1.7.0.jar -> ui-desktop-1.7.0 (androidx.compose.ui:ui-desktop:1.7.0) and ui-release.aar -> ui-release-runtime (androidx.compose.ui:ui-android:1.7.3)
Duplicate class androidx.compose.ui.platform.TestTagNode found in modules ui-desktop-1.7.0.jar -> ui-desktop-1.7.0 (androidx.compose.ui:ui-desktop:1.7.0) and ui-release.aar -> ui-release-runtime (androidx.compose.ui:ui-android:1.7.3)
Duplicate class androidx.compose.ui.platform.TextToolbar found in modules ui-desktop-1.7.0.jar -> ui-desktop-1.7.0 (androidx.compose.ui:ui-desktop:1.7.0) and ui-release.aar -> ui-release-runtime (androidx.compose.ui:ui-android:1.7.3)
Duplicate class androidx.compose.ui.platform.TextToolbar$DefaultImpls found in modules ui-desktop-1.7.0.jar -> ui-desktop-1.7.0 (androidx.compose.ui:ui-desktop:1.7.0) and ui-release.aar -> ui-release-runtime (androidx.compose.ui:ui-android:1.7.3)
Duplicate class androidx.compose.ui.platform.TextToolbarStatus found in modules ui-desktop-1.7.0.jar -> ui-desktop-1.7.0 (androidx.compose.ui:ui-desktop:1.7.0) and ui-release.aar -> ui-release-runtime (androidx.compose.ui:ui-android:1.7.3)
Duplicate class androidx.compose.ui.platform.UriHandler found in modules ui-desktop-1.7.0.jar -> ui-desktop-1.7.0 (androidx.compose.ui:ui-desktop:1.7.0) and ui-release.aar -> ui-release-runtime (androidx.compose.ui:ui-android:1.7.3)
Duplicate class androidx.compose.ui.platform.ValueElement found in modules ui-desktop-1.7.0.jar -> ui-desktop-1.7.0 (androidx.compose.ui:ui-desktop:1.7.0) and ui-release.aar -> ui-release-runtime (androidx.compose.ui:ui-android:1.7.3)
Duplicate class androidx.compose.ui.platform.ValueElementSequence found in modules ui-desktop-1.7.0.jar -> ui-desktop-1.7.0 (androidx.compose.ui:ui-desktop:1.7.0) and ui-release.aar -> ui-release-runtime (androidx.compose.ui:ui-android:1.7.3)
Duplicate class androidx.compose.ui.platform.ViewConfiguration found in modules ui-desktop-1.7.0.jar -> ui-desktop-1.7.0 (androidx.compose.ui:ui-desktop:1.7.0) and ui-release.aar -> ui-release-runtime (androidx.compose.ui:ui-android:1.7.3)
Duplicate class androidx.compose.ui.platform.ViewConfiguration$DefaultImpls found in modules ui-desktop-1.7.0.jar -> ui-desktop-1.7.0 (androidx.compose.ui:ui-desktop:1.7.0) and ui-release.aar -> ui-release-runtime (androidx.compose.ui:ui-android:1.7.3)
Duplicate class androidx.compose.ui.platform.WindowInfo found in modules ui-desktop-1.7.0.jar -> ui-desktop-1.7.0 (androidx.compose.ui:ui-desktop:1.7.0) and ui-release.aar -> ui-release-runtime (androidx.compose.ui:ui-android:1.7.3)
Duplicate class androidx.compose.ui.platform.WindowInfoImpl found in modules ui-desktop-1.7.0.jar -> ui-desktop-1.7.0 (androidx.compose.ui:ui-desktop:1.7.0) and ui-release.aar -> ui-release-runtime (androidx.compose.ui:ui-android:1.7.3)
Duplicate class androidx.compose.ui.platform.WindowInfoImpl$Companion found in modules ui-desktop-1.7.0.jar -> ui-desktop-1.7.0 (androidx.compose.ui:ui-desktop:1.7.0) and ui-release.aar -> ui-release-runtime (androidx.compose.ui:ui-android:1.7.3)
Duplicate class androidx.compose.ui.platform.WindowInfoKt found in modules ui-desktop-1.7.0.jar -> ui-desktop-1.7.0 (androidx.compose.ui:ui-desktop:1.7.0) and ui-release.aar -> ui-release-runtime (androidx.compose.ui:ui-android:1.7.3)
Duplicate class androidx.compose.ui.platform.WindowInfoKt$WindowFocusObserver$1$1 found in modules ui-desktop-1.7.0.jar -> ui-desktop-1.7.0 (androidx.compose.ui:ui-desktop:1.7.0) and ui-release.aar -> ui-release-runtime (androidx.compose.ui:ui-android:1.7.3)
Duplicate class androidx.compose.ui.platform.WindowInfoKt$WindowFocusObserver$1$1$1 found in modules ui-desktop-1.7.0.jar -> ui-desktop-1.7.0 (androidx.compose.ui:ui-desktop:1.7.0) and ui-release.aar -> ui-release-runtime (androidx.compose.ui:ui-android:1.7.3)
Duplicate class androidx.compose.ui.platform.WindowInfoKt$WindowFocusObserver$1$1$2 found in modules ui-desktop-1.7.0.jar -> ui-desktop-1.7.0 (androidx.compose.ui:ui-desktop:1.7.0) and ui-release.aar -> ui-release-runtime (androidx.compose.ui:ui-android:1.7.3)
Duplicate class androidx.compose.ui.platform.WindowInfoKt$WindowFocusObserver$2 found in modules ui-desktop-1.7.0.jar -> ui-desktop-1.7.0 (androidx.compose.ui:ui-desktop:1.7.0) and ui-release.aar -> ui-release-runtime (androidx.compose.ui:ui-android:1.7.3)
Duplicate class androidx.compose.ui.semantics.AccessibilityAction found in modules ui-desktop-1.7.0.jar -> ui-desktop-1.7.0 (androidx.compose.ui:ui-desktop:1.7.0) and ui-release.aar -> ui-release-runtime (androidx.compose.ui:ui-android:1.7.3)
Duplicate class androidx.compose.ui.semantics.AppendedSemanticsElement found in modules ui-desktop-1.7.0.jar -> ui-desktop-1.7.0 (androidx.compose.ui:ui-desktop:1.7.0) and ui-release.aar -> ui-release-runtime (androidx.compose.ui:ui-android:1.7.3)
Duplicate class androidx.compose.ui.semantics.ClearAndSetSemanticsElement found in modules ui-desktop-1.7.0.jar -> ui-desktop-1.7.0 (androidx.compose.ui:ui-desktop:1.7.0) and ui-release.aar -> ui-release-runtime (androidx.compose.ui:ui-android:1.7.3)
Duplicate class androidx.compose.ui.semantics.CollectionInfo found in modules ui-desktop-1.7.0.jar -> ui-desktop-1.7.0 (androidx.compose.ui:ui-desktop:1.7.0) and ui-release.aar -> ui-release-runtime (androidx.compose.ui:ui-android:1.7.3)
Duplicate class androidx.compose.ui.semantics.CollectionItemInfo found in modules ui-desktop-1.7.0.jar -> ui-desktop-1.7.0 (androidx.compose.ui:ui-desktop:1.7.0) and ui-release.aar -> ui-release-runtime (androidx.compose.ui:ui-android:1.7.3)
Duplicate class androidx.compose.ui.semantics.CoreSemanticsModifierNode found in modules ui-desktop-1.7.0.jar -> ui-desktop-1.7.0 (androidx.compose.ui:ui-desktop:1.7.0) and ui-release.aar -> ui-release-runtime (androidx.compose.ui:ui-android:1.7.3)
Duplicate class androidx.compose.ui.semantics.CustomAccessibilityAction found in modules ui-desktop-1.7.0.jar -> ui-desktop-1.7.0 (androidx.compose.ui:ui-desktop:1.7.0) and ui-release.aar -> ui-release-runtime (androidx.compose.ui:ui-android:1.7.3)
Duplicate class androidx.compose.ui.semantics.EmptySemanticsElement found in modules ui-desktop-1.7.0.jar -> ui-desktop-1.7.0 (androidx.compose.ui:ui-desktop:1.7.0) and ui-release.aar -> ui-release-runtime (androidx.compose.ui:ui-android:1.7.3)
Duplicate class androidx.compose.ui.semantics.EmptySemanticsModifier found in modules ui-desktop-1.7.0.jar -> ui-desktop-1.7.0 (androidx.compose.ui:ui-desktop:1.7.0) and ui-release.aar -> ui-release-runtime (androidx.compose.ui:ui-android:1.7.3)
Duplicate class androidx.compose.ui.semantics.LiveRegionMode found in modules ui-desktop-1.7.0.jar -> ui-desktop-1.7.0 (androidx.compose.ui:ui-desktop:1.7.0) and ui-release.aar -> ui-release-runtime (androidx.compose.ui:ui-android:1.7.3)
Duplicate class androidx.compose.ui.semantics.LiveRegionMode$Companion found in modules ui-desktop-1.7.0.jar -> ui-desktop-1.7.0 (androidx.compose.ui:ui-desktop:1.7.0) and ui-release.aar -> ui-release-runtime (androidx.compose.ui:ui-android:1.7.3)
Duplicate class androidx.compose.ui.semantics.ProgressBarRangeInfo found in modules ui-desktop-1.7.0.jar -> ui-desktop-1.7.0 (androidx.compose.ui:ui-desktop:1.7.0) and ui-release.aar -> ui-release-runtime (androidx.compose.ui:ui-android:1.7.3)
Duplicate class androidx.compose.ui.semantics.ProgressBarRangeInfo$Companion found in modules ui-desktop-1.7.0.jar -> ui-desktop-1.7.0 (androidx.compose.ui:ui-desktop:1.7.0) and ui-release.aar -> ui-release-runtime (androidx.compose.ui:ui-android:1.7.3)
Duplicate class androidx.compose.ui.semantics.Role found in modules ui-desktop-1.7.0.jar -> ui-desktop-1.7.0 (androidx.compose.ui:ui-desktop:1.7.0) and ui-release.aar -> ui-release-runtime (androidx.compose.ui:ui-android:1.7.3)
Duplicate class androidx.compose.ui.semantics.Role$Companion found in modules ui-desktop-1.7.0.jar -> ui-desktop-1.7.0 (androidx.compose.ui:ui-desktop:1.7.0) and ui-release.aar -> ui-release-runtime (androidx.compose.ui:ui-android:1.7.3)
Duplicate class androidx.compose.ui.semantics.ScrollAxisRange found in modules ui-desktop-1.7.0.jar -> ui-desktop-1.7.0 (androidx.compose.ui:ui-desktop:1.7.0) and ui-release.aar -> ui-release-runtime (androidx.compose.ui:ui-android:1.7.3)
Duplicate class androidx.compose.ui.semantics.SemanticsActions found in modules ui-desktop-1.7.0.jar -> ui-desktop-1.7.0 (androidx.compose.ui:ui-desktop:1.7.0) and ui-release.aar -> ui-release-runtime (androidx.compose.ui:ui-android:1.7.3)
Duplicate class androidx.compose.ui.semantics.SemanticsConfiguration found in modules ui-desktop-1.7.0.jar -> ui-desktop-1.7.0 (androidx.compose.ui:ui-desktop:1.7.0) and ui-release.aar -> ui-release-runtime (androidx.compose.ui:ui-android:1.7.3)
Duplicate class androidx.compose.ui.semantics.SemanticsConfigurationKt found in modules ui-desktop-1.7.0.jar -> ui-desktop-1.7.0 (androidx.compose.ui:ui-desktop:1.7.0) and ui-release.aar -> ui-release-runtime (androidx.compose.ui:ui-android:1.7.3)
Duplicate class androidx.compose.ui.semantics.SemanticsConfigurationKt$getOrNull$1 found in modules ui-desktop-1.7.0.jar -> ui-desktop-1.7.0 (androidx.compose.ui:ui-desktop:1.7.0) and ui-release.aar -> ui-release-runtime (androidx.compose.ui:ui-android:1.7.3)
Duplicate class androidx.compose.ui.semantics.SemanticsModifier found in modules ui-desktop-1.7.0.jar -> ui-desktop-1.7.0 (androidx.compose.ui:ui-desktop:1.7.0) and ui-release.aar -> ui-release-runtime (androidx.compose.ui:ui-android:1.7.3)
Duplicate class androidx.compose.ui.semantics.SemanticsModifier$DefaultImpls found in modules ui-desktop-1.7.0.jar -> ui-desktop-1.7.0 (androidx.compose.ui:ui-desktop:1.7.0) and ui-release.aar -> ui-release-runtime (androidx.compose.ui:ui-android:1.7.3)
Duplicate class androidx.compose.ui.semantics.SemanticsModifierKt found in modules ui-desktop-1.7.0.jar -> ui-desktop-1.7.0 (androidx.compose.ui:ui-desktop:1.7.0) and ui-release.aar -> ui-release-runtime (androidx.compose.ui:ui-android:1.7.3)
Duplicate class androidx.compose.ui.semantics.SemanticsNode found in modules ui-desktop-1.7.0.jar -> ui-desktop-1.7.0 (androidx.compose.ui:ui-desktop:1.7.0) and ui-release.aar -> ui-release-runtime (androidx.compose.ui:ui-android:1.7.3)
Duplicate class androidx.compose.ui.semantics.SemanticsNode$emitFakeNodes$fakeNode$1 found in modules ui-desktop-1.7.0.jar -> ui-desktop-1.7.0 (androidx.compose.ui:ui-desktop:1.7.0) and ui-release.aar -> ui-release-runtime (androidx.compose.ui:ui-android:1.7.3)
Duplicate class androidx.compose.ui.semantics.SemanticsNode$emitFakeNodes$fakeNode$2 found in modules ui-desktop-1.7.0.jar -> ui-desktop-1.7.0 (androidx.compose.ui:ui-desktop:1.7.0) and ui-release.aar -> ui-release-runtime (androidx.compose.ui:ui-android:1.7.3)
Duplicate class androidx.compose.ui.semantics.SemanticsNode$fakeSemanticsNode$fakeNode$1 found in modules ui-desktop-1.7.0.jar -> ui-desktop-1.7.0 (androidx.compose.ui:ui-desktop:1.7.0) and ui-release.aar -> ui-release-runtime (androidx.compose.ui:ui-android:1.7.3)
Duplicate class androidx.compose.ui.semantics.SemanticsNode$isUnmergedLeafNode$1 found in modules ui-desktop-1.7.0.jar -> ui-desktop-1.7.0 (androidx.compose.ui:ui-desktop:1.7.0) and ui-release.aar -> ui-release-runtime (androidx.compose.ui:ui-android:1.7.3)
Duplicate class androidx.compose.ui.semantics.SemanticsNode$parent$1 found in modules ui-desktop-1.7.0.jar -> ui-desktop-1.7.0 (androidx.compose.ui:ui-desktop:1.7.0) and ui-release.aar -> ui-release-runtime (androidx.compose.ui:ui-android:1.7.3)
Duplicate class androidx.compose.ui.semantics.SemanticsNode$parent$2 found in modules ui-desktop-1.7.0.jar -> ui-desktop-1.7.0 (androidx.compose.ui:ui-desktop:1.7.0) and ui-release.aar -> ui-release-runtime (androidx.compose.ui:ui-android:1.7.3)
Duplicate class androidx.compose.ui.semantics.SemanticsNodeKt found in modules ui-desktop-1.7.0.jar -> ui-desktop-1.7.0 (androidx.compose.ui:ui-desktop:1.7.0) and ui-release.aar -> ui-release-runtime (androidx.compose.ui:ui-android:1.7.3)
Duplicate class androidx.compose.ui.semantics.SemanticsOwner found in modules ui-desktop-1.7.0.jar -> ui-desktop-1.7.0 (androidx.compose.ui:ui-desktop:1.7.0) and ui-release.aar -> ui-release-runtime (androidx.compose.ui:ui-android:1.7.3)
Duplicate class androidx.compose.ui.semantics.SemanticsOwnerKt found in modules ui-desktop-1.7.0.jar -> ui-desktop-1.7.0 (androidx.compose.ui:ui-desktop:1.7.0) and ui-release.aar -> ui-release-runtime (androidx.compose.ui:ui-android:1.7.3)
Duplicate class androidx.compose.ui.semantics.SemanticsProperties found in modules ui-desktop-1.7.0.jar -> ui-desktop-1.7.0 (androidx.compose.ui:ui-desktop:1.7.0) and ui-release.aar -> ui-release-runtime (androidx.compose.ui:ui-android:1.7.3)
Duplicate class androidx.compose.ui.semantics.SemanticsProperties$ContentDataType$1 found in modules ui-desktop-1.7.0.jar -> ui-desktop-1.7.0 (androidx.compose.ui:ui-desktop:1.7.0) and ui-release.aar -> ui-release-runtime (androidx.compose.ui:ui-android:1.7.3)
Duplicate class androidx.compose.ui.semantics.SemanticsProperties$ContentDescription$1 found in modules ui-desktop-1.7.0.jar -> ui-desktop-1.7.0 (androidx.compose.ui:ui-desktop:1.7.0) and ui-release.aar -> ui-release-runtime (androidx.compose.ui:ui-android:1.7.3)
Duplicate class androidx.compose.ui.semantics.SemanticsProperties$ContentType$1 found in modules ui-desktop-1.7.0.jar -> ui-desktop-1.7.0 (androidx.compose.ui:ui-desktop:1.7.0) and ui-release.aar -> ui-release-runtime (androidx.compose.ui:ui-android:1.7.3)
Duplicate class androidx.compose.ui.semantics.SemanticsProperties$InvisibleToUser$1 found in modules ui-desktop-1.7.0.jar -> ui-desktop-1.7.0 (androidx.compose.ui:ui-desktop:1.7.0) and ui-release.aar -> ui-release-runtime (androidx.compose.ui:ui-android:1.7.3)
Duplicate class androidx.compose.ui.semantics.SemanticsProperties$IsDialog$1 found in modules ui-desktop-1.7.0.jar -> ui-desktop-1.7.0 (androidx.compose.ui:ui-desktop:1.7.0) and ui-release.aar -> ui-release-runtime (androidx.compose.ui:ui-android:1.7.3)
Duplicate class androidx.compose.ui.semantics.SemanticsProperties$IsPopup$1 found in modules ui-desktop-1.7.0.jar -> ui-desktop-1.7.0 (androidx.compose.ui:ui-desktop:1.7.0) and ui-release.aar -> ui-release-runtime (androidx.compose.ui:ui-android:1.7.3)
Duplicate class androidx.compose.ui.semantics.SemanticsProperties$PaneTitle$1 found in modules ui-desktop-1.7.0.jar -> ui-desktop-1.7.0 (androidx.compose.ui:ui-desktop:1.7.0) and ui-release.aar -> ui-release-runtime (androidx.compose.ui:ui-android:1.7.3)
Duplicate class androidx.compose.ui.semantics.SemanticsProperties$Role$1 found in modules ui-desktop-1.7.0.jar -> ui-desktop-1.7.0 (androidx.compose.ui:ui-desktop:1.7.0) and ui-release.aar -> ui-release-runtime (androidx.compose.ui:ui-android:1.7.3)
Duplicate class androidx.compose.ui.semantics.SemanticsProperties$TestTag$1 found in modules ui-desktop-1.7.0.jar -> ui-desktop-1.7.0 (androidx.compose.ui:ui-desktop:1.7.0) and ui-release.aar -> ui-release-runtime (androidx.compose.ui:ui-android:1.7.3)
Duplicate class androidx.compose.ui.semantics.SemanticsProperties$Text$1 found in modules ui-desktop-1.7.0.jar -> ui-desktop-1.7.0 (androidx.compose.ui:ui-desktop:1.7.0) and ui-release.aar -> ui-release-runtime (androidx.compose.ui:ui-android:1.7.3)
Duplicate class androidx.compose.ui.semantics.SemanticsProperties$TraversalIndex$1 found in modules ui-desktop-1.7.0.jar -> ui-desktop-1.7.0 (androidx.compose.ui:ui-desktop:1.7.0) and ui-release.aar -> ui-release-runtime (androidx.compose.ui:ui-android:1.7.3)
Duplicate class androidx.compose.ui.semantics.SemanticsPropertiesKt found in modules ui-desktop-1.7.0.jar -> ui-desktop-1.7.0 (androidx.compose.ui:ui-desktop:1.7.0) and ui-release.aar -> ui-release-runtime (androidx.compose.ui:ui-android:1.7.3)
Duplicate class androidx.compose.ui.semantics.SemanticsPropertiesKt$ActionPropertyKey$1 found in modules ui-desktop-1.7.0.jar -> ui-desktop-1.7.0 (androidx.compose.ui:ui-desktop:1.7.0) and ui-release.aar -> ui-release-runtime (androidx.compose.ui:ui-android:1.7.3)
Duplicate class androidx.compose.ui.semantics.SemanticsPropertiesKt$getScrollViewportLength$1 found in modules ui-desktop-1.7.0.jar -> ui-desktop-1.7.0 (androidx.compose.ui:ui-desktop:1.7.0) and ui-release.aar -> ui-release-runtime (androidx.compose.ui:ui-android:1.7.3)
Duplicate class androidx.compose.ui.semantics.SemanticsPropertyKey found in modules ui-desktop-1.7.0.jar -> ui-desktop-1.7.0 (androidx.compose.ui:ui-desktop:1.7.0) and ui-release.aar -> ui-release-runtime (androidx.compose.ui:ui-android:1.7.3)
Duplicate class androidx.compose.ui.semantics.SemanticsPropertyKey$1 found in modules ui-desktop-1.7.0.jar -> ui-desktop-1.7.0 (androidx.compose.ui:ui-desktop:1.7.0) and ui-release.aar -> ui-release-runtime (androidx.compose.ui:ui-android:1.7.3)
Duplicate class androidx.compose.ui.semantics.SemanticsPropertyReceiver found in modules ui-desktop-1.7.0.jar -> ui-desktop-1.7.0 (androidx.compose.ui:ui-desktop:1.7.0) and ui-release.aar -> ui-release-runtime (androidx.compose.ui:ui-android:1.7.3)
Duplicate class androidx.compose.ui.semantics.SemanticsSortKt found in modules ui-desktop-1.7.0.jar -> ui-desktop-1.7.0 (androidx.compose.ui:ui-desktop:1.7.0) and ui-release.aar -> ui-release-runtime (androidx.compose.ui:ui-android:1.7.3)
Duplicate class androidx.compose.ui.state.ToggleableState found in modules ui-desktop-1.7.0.jar -> ui-desktop-1.7.0 (androidx.compose.ui:ui-desktop:1.7.0) and ui-release.aar -> ui-release-runtime (androidx.compose.ui:ui-android:1.7.3)
Duplicate class androidx.compose.ui.state.ToggleableStateKt found in modules ui-desktop-1.7.0.jar -> ui-desktop-1.7.0 (androidx.compose.ui:ui-desktop:1.7.0) and ui-release.aar -> ui-release-runtime (androidx.compose.ui:ui-android:1.7.3)
Duplicate class androidx.compose.ui.text.TextMeasurerHelperKt found in modules ui-desktop-1.7.0.jar -> ui-desktop-1.7.0 (androidx.compose.ui:ui-desktop:1.7.0) and ui-release.aar -> ui-release-runtime (androidx.compose.ui:ui-android:1.7.3)
Duplicate class androidx.compose.ui.window.AlignmentOffsetPositionProvider found in modules ui-desktop-1.7.0.jar -> ui-desktop-1.7.0 (androidx.compose.ui:ui-desktop:1.7.0) and ui-release.aar -> ui-release-runtime (androidx.compose.ui:ui-android:1.7.3)
Duplicate class androidx.compose.ui.window.DialogProperties found in modules ui-desktop-1.7.0.jar -> ui-desktop-1.7.0 (androidx.compose.ui:ui-desktop:1.7.0) and ui-release.aar -> ui-release-runtime (androidx.compose.ui:ui-android:1.7.3)
Duplicate class androidx.compose.ui.window.PopupPositionProvider found in modules ui-desktop-1.7.0.jar -> ui-desktop-1.7.0 (androidx.compose.ui:ui-desktop:1.7.0) and ui-release.aar -> ui-release-runtime (androidx.compose.ui:ui-android:1.7.3)
Duplicate class androidx.compose.ui.window.PopupProperties found in modules ui-desktop-1.7.0.jar -> ui-desktop-1.7.0 (androidx.compose.ui:ui-desktop:1.7.0) and ui-release.aar -> ui-release-runtime (androidx.compose.ui:ui-android:1.7.3)
Duplicate class org.intellij.lang.annotations.Identifier found in modules annotations-12.0.jar -> annotations-12.0 (com.intellij:annotations:12.0) and annotations-23.0.0.jar -> annotations-23.0.0 (org.jetbrains:annotations:23.0.0)
Duplicate class org.intellij.lang.annotations.JdkConstants found in modules annotations-12.0.jar -> annotations-12.0 (com.intellij:annotations:12.0) and annotations-23.0.0.jar -> annotations-23.0.0 (org.jetbrains:annotations:23.0.0)
Duplicate class org.intellij.lang.annotations.JdkConstants$AdjustableOrientation found in modules annotations-12.0.jar -> annotations-12.0 (com.intellij:annotations:12.0) and annotations-23.0.0.jar -> annotations-23.0.0 (org.jetbrains:annotations:23.0.0)
Duplicate class org.intellij.lang.annotations.JdkConstants$BoxLayoutAxis found in modules annotations-12.0.jar -> annotations-12.0 (com.intellij:annotations:12.0) and annotations-23.0.0.jar -> annotations-23.0.0 (org.jetbrains:annotations:23.0.0)
Duplicate class org.intellij.lang.annotations.JdkConstants$CalendarMonth found in modules annotations-12.0.jar -> annotations-12.0 (com.intellij:annotations:12.0) and annotations-23.0.0.jar -> annotations-23.0.0 (org.jetbrains:annotations:23.0.0)
Duplicate class org.intellij.lang.annotations.JdkConstants$CursorType found in modules annotations-12.0.jar -> annotations-12.0 (com.intellij:annotations:12.0) and annotations-23.0.0.jar -> annotations-23.0.0 (org.jetbrains:annotations:23.0.0)
Duplicate class org.intellij.lang.annotations.JdkConstants$FlowLayoutAlignment found in modules annotations-12.0.jar -> annotations-12.0 (com.intellij:annotations:12.0) and annotations-23.0.0.jar -> annotations-23.0.0 (org.jetbrains:annotations:23.0.0)
Duplicate class org.intellij.lang.annotations.JdkConstants$FontStyle found in modules annotations-12.0.jar -> annotations-12.0 (com.intellij:annotations:12.0) and annotations-23.0.0.jar -> annotations-23.0.0 (org.jetbrains:annotations:23.0.0)
Duplicate class org.intellij.lang.annotations.JdkConstants$HorizontalAlignment found in modules annotations-12.0.jar -> annotations-12.0 (com.intellij:annotations:12.0) and annotations-23.0.0.jar -> annotations-23.0.0 (org.jetbrains:annotations:23.0.0)
Duplicate class org.intellij.lang.annotations.JdkConstants$InputEventMask found in modules annotations-12.0.jar -> annotations-12.0 (com.intellij:annotations:12.0) and annotations-23.0.0.jar -> annotations-23.0.0 (org.jetbrains:annotations:23.0.0)
Duplicate class org.intellij.lang.annotations.JdkConstants$ListSelectionMode found in modules annotations-12.0.jar -> annotations-12.0 (com.intellij:annotations:12.0) and annotations-23.0.0.jar -> annotations-23.0.0 (org.jetbrains:annotations:23.0.0)
Duplicate class org.intellij.lang.annotations.JdkConstants$PatternFlags found in modules annotations-12.0.jar -> annotations-12.0 (com.intellij:annotations:12.0) and annotations-23.0.0.jar -> annotations-23.0.0 (org.jetbrains:annotations:23.0.0)
Duplicate class org.intellij.lang.annotations.JdkConstants$TabLayoutPolicy found in modules annotations-12.0.jar -> annotations-12.0 (com.intellij:annotations:12.0) and annotations-23.0.0.jar -> annotations-23.0.0 (org.jetbrains:annotations:23.0.0)
Duplicate class org.intellij.lang.annotations.JdkConstants$TabPlacement found in modules annotations-12.0.jar -> annotations-12.0 (com.intellij:annotations:12.0) and annotations-23.0.0.jar -> annotations-23.0.0 (org.jetbrains:annotations:23.0.0)
Duplicate class org.intellij.lang.annotations.JdkConstants$TitledBorderJustification found in modules annotations-12.0.jar -> annotations-12.0 (com.intellij:annotations:12.0) and annotations-23.0.0.jar -> annotations-23.0.0 (org.jetbrains:annotations:23.0.0)
Duplicate class org.intellij.lang.annotations.JdkConstants$TitledBorderTitlePosition found in modules annotations-12.0.jar -> annotations-12.0 (com.intellij:annotations:12.0) and annotations-23.0.0.jar -> annotations-23.0.0 (org.jetbrains:annotations:23.0.0)
Duplicate class org.intellij.lang.annotations.JdkConstants$TreeSelectionMode found in modules annotations-12.0.jar -> annotations-12.0 (com.intellij:annotations:12.0) and annotations-23.0.0.jar -> annotations-23.0.0 (org.jetbrains:annotations:23.0.0)
Duplicate class org.intellij.lang.annotations.Language found in modules annotations-12.0.jar -> annotations-12.0 (com.intellij:annotations:12.0) and annotations-23.0.0.jar -> annotations-23.0.0 (org.jetbrains:annotations:23.0.0)
Duplicate class org.intellij.lang.annotations.MagicConstant found in modules annotations-12.0.jar -> annotations-12.0 (com.intellij:annotations:12.0) and annotations-23.0.0.jar -> annotations-23.0.0 (org.jetbrains:annotations:23.0.0)
Duplicate class org.intellij.lang.annotations.Pattern found in modules annotations-12.0.jar -> annotations-12.0 (com.intellij:annotations:12.0) and annotations-23.0.0.jar -> annotations-23.0.0 (org.jetbrains:annotations:23.0.0)
Duplicate class org.intellij.lang.annotations.PrintFormat found in modules annotations-12.0.jar -> annotations-12.0 (com.intellij:annotations:12.0) and annotations-23.0.0.jar -> annotations-23.0.0 (org.jetbrains:annotations:23.0.0)
Duplicate class org.intellij.lang.annotations.PrintFormatPattern found in modules annotations-12.0.jar -> annotations-12.0 (com.intellij:annotations:12.0) and annotations-23.0.0.jar -> annotations-23.0.0 (org.jetbrains:annotations:23.0.0)
Duplicate class org.intellij.lang.annotations.RegExp found in modules annotations-12.0.jar -> annotations-12.0 (com.intellij:annotations:12.0) and annotations-23.0.0.jar -> annotations-23.0.0 (org.jetbrains:annotations:23.0.0)
Duplicate class org.intellij.lang.annotations.Subst found in modules annotations-12.0.jar -> annotations-12.0 (com.intellij:annotations:12.0) and annotations-23.0.0.jar -> annotations-23.0.0 (org.jetbrains:annotations:23.0.0)
Duplicate class org.jetbrains.annotations.Nls found in modules annotations-12.0.jar -> annotations-12.0 (com.intellij:annotations:12.0) and annotations-23.0.0.jar -> annotations-23.0.0 (org.jetbrains:annotations:23.0.0)
Duplicate class org.jetbrains.annotations.NonNls found in modules annotations-12.0.jar -> annotations-12.0 (com.intellij:annotations:12.0) and annotations-23.0.0.jar -> annotations-23.0.0 (org.jetbrains:annotations:23.0.0)
Duplicate class org.jetbrains.annotations.NotNull found in modules annotations-12.0.jar -> annotations-12.0 (com.intellij:annotations:12.0) and annotations-23.0.0.jar -> annotations-23.0.0 (org.jetbrains:annotations:23.0.0)
Duplicate class org.jetbrains.annotations.Nullable found in modules annotations-12.0.jar -> annotations-12.0 (com.intellij:annotations:12.0) and annotations-23.0.0.jar -> annotations-23.0.0 (org.jetbrains:annotations:23.0.0)
Duplicate class org.jetbrains.annotations.PropertyKey found in modules annotations-12.0.jar -> annotations-12.0 (com.intellij:annotations:12.0) and annotations-23.0.0.jar -> annotations-23.0.0 (org.jetbrains:annotations:23.0.0)
Duplicate class org.jetbrains.annotations.TestOnly found in modules annotations-12.0.jar -> annotations-12.0 (com.intellij:annotations:12.0) and annotations-23.0.0.jar -> annotations-23.0.0 (org.jetbrains:annotations:23.0.0)

Go to the documentation to learn how to Fix dependency resolution errors.
